Archive member included to satisfy reference by file (symbol)

c:/siliconlabs/simplicitystudio/v5/developer/toolchains/gnu_arm/12.2.rel1_2023.7/bin/../lib/gcc/arm-none-eabi/12.2.1/thumb/v7e-m+fp/softfp\libgcc.a(_arm_muldf3.o)
                              ./iotcasa/third_party_components/cjson/cJSON.o (__aeabi_dmul)
c:/siliconlabs/simplicitystudio/v5/developer/toolchains/gnu_arm/12.2.rel1_2023.7/bin/../lib/gcc/arm-none-eabi/12.2.1/thumb/v7e-m+fp/softfp\libgcc.a(_arm_addsubdf3.o)
                              ./iotcasa/third_party_components/cjson/cJSON.o (__aeabi_dsub)
c:/siliconlabs/simplicitystudio/v5/developer/toolchains/gnu_arm/12.2.rel1_2023.7/bin/../lib/gcc/arm-none-eabi/12.2.1/thumb/v7e-m+fp/softfp\libgcc.a(_arm_muldivdf3.o)
                              ./wiseconnect3_sdk_3.5.2/components/device/silabs/si91x/mcu/drivers/peripheral_drivers/src/clock_update.o (__aeabi_ddiv)
c:/siliconlabs/simplicitystudio/v5/developer/toolchains/gnu_arm/12.2.rel1_2023.7/bin/../lib/gcc/arm-none-eabi/12.2.1/thumb/v7e-m+fp/softfp\libgcc.a(_arm_cmpdf2.o)
                              ./iotcasa/third_party_components/cjson/cJSON.o (__aeabi_dcmpeq)
c:/siliconlabs/simplicitystudio/v5/developer/toolchains/gnu_arm/12.2.rel1_2023.7/bin/../lib/gcc/arm-none-eabi/12.2.1/thumb/v7e-m+fp/softfp\libgcc.a(_arm_unorddf2.o)
                              ./iotcasa/third_party_components/cjson/cJSON.o (__aeabi_dcmpun)
c:/siliconlabs/simplicitystudio/v5/developer/toolchains/gnu_arm/12.2.rel1_2023.7/bin/../lib/gcc/arm-none-eabi/12.2.1/thumb/v7e-m+fp/softfp\libgcc.a(_arm_fixdfsi.o)
                              ./iotcasa/third_party_components/cjson/cJSON.o (__aeabi_d2iz)
c:/siliconlabs/simplicitystudio/v5/developer/toolchains/gnu_arm/12.2.rel1_2023.7/bin/../lib/gcc/arm-none-eabi/12.2.1/thumb/v7e-m+fp/softfp\libgcc.a(_arm_fixunsdfsi.o)
                              ./wiseconnect3_sdk_3.5.2/components/device/silabs/si91x/mcu/drivers/peripheral_drivers/src/clock_update.o (__aeabi_d2uiz)
c:/siliconlabs/simplicitystudio/v5/developer/toolchains/gnu_arm/12.2.rel1_2023.7/bin/../lib/gcc/arm-none-eabi/12.2.1/thumb/v7e-m+fp/softfp\libgcc.a(_aeabi_ldivmod.o)
                              ./simplicity_sdk_2025.6.2/app/common/util/app_timer/freertos/app_timer_freertos.o (__aeabi_ldivmod)
c:/siliconlabs/simplicitystudio/v5/developer/toolchains/gnu_arm/12.2.rel1_2023.7/bin/../lib/gcc/arm-none-eabi/12.2.1/thumb/v7e-m+fp/softfp\libgcc.a(_aeabi_uldivmod.o)
                              ./simplicity_sdk_2025.6.2/app/common/util/app_timer/freertos/app_timer_freertos.o (__aeabi_uldivmod)
c:/siliconlabs/simplicitystudio/v5/developer/toolchains/gnu_arm/12.2.rel1_2023.7/bin/../lib/gcc/arm-none-eabi/12.2.1/thumb/v7e-m+fp/softfp\libgcc.a(_fixdfdi.o)
                              ./iotcasa/src/casa_msg_parser.o (__aeabi_d2lz)
c:/siliconlabs/simplicitystudio/v5/developer/toolchains/gnu_arm/12.2.rel1_2023.7/bin/../lib/gcc/arm-none-eabi/12.2.1/thumb/v7e-m+fp/softfp\libgcc.a(_fixunsdfdi.o)
                              c:/siliconlabs/simplicitystudio/v5/developer/toolchains/gnu_arm/12.2.rel1_2023.7/bin/../lib/gcc/arm-none-eabi/12.2.1/thumb/v7e-m+fp/softfp\libgcc.a(_fixdfdi.o) (__aeabi_d2ulz)
c:/siliconlabs/simplicitystudio/v5/developer/toolchains/gnu_arm/12.2.rel1_2023.7/bin/../lib/gcc/arm-none-eabi/12.2.1/thumb/v7e-m+fp/softfp\libgcc.a(_udivmoddi4.o)
                              c:/siliconlabs/simplicitystudio/v5/developer/toolchains/gnu_arm/12.2.rel1_2023.7/bin/../lib/gcc/arm-none-eabi/12.2.1/thumb/v7e-m+fp/softfp\libgcc.a(_aeabi_ldivmod.o) (__udivmoddi4)
c:/siliconlabs/simplicitystudio/v5/developer/toolchains/gnu_arm/12.2.rel1_2023.7/bin/../lib/gcc/arm-none-eabi/12.2.1/thumb/v7e-m+fp/softfp\libgcc.a(_dvmd_tls.o)
                              c:/siliconlabs/simplicitystudio/v5/developer/toolchains/gnu_arm/12.2.rel1_2023.7/bin/../lib/gcc/arm-none-eabi/12.2.1/thumb/v7e-m+fp/softfp\libgcc.a(_aeabi_ldivmod.o) (__aeabi_ldiv0)
c:/siliconlabs/simplicitystudio/v5/developer/toolchains/gnu_arm/12.2.rel1_2023.7/bin/../lib/gcc/arm-none-eabi/12.2.1/thumb/v7e-m+fp/softfp\libc_nano.a(libc_a-assert.o)
                              ./wiseconnect3_sdk_3.5.2/components/device/silabs/si91x/wireless/src/sl_rsi_utility.o (__assert_func)
c:/siliconlabs/simplicitystudio/v5/developer/toolchains/gnu_arm/12.2.rel1_2023.7/bin/../lib/gcc/arm-none-eabi/12.2.1/thumb/v7e-m+fp/softfp\libc_nano.a(libc_a-atoi.o)
                              ./wiseconnect3_sdk_3.5.2/components/service/sl_http_server/src/sl_http_server.o (atoi)
c:/siliconlabs/simplicitystudio/v5/developer/toolchains/gnu_arm/12.2.rel1_2023.7/bin/../lib/gcc/arm-none-eabi/12.2.1/thumb/v7e-m+fp/softfp\libc_nano.a(libc_a-calloc.o)
                              ./wiseconnect3_sdk_3.5.2/components/device/silabs/si91x/wireless/socket/src/sl_si91x_socket_utility.o (calloc)
c:/siliconlabs/simplicitystudio/v5/developer/toolchains/gnu_arm/12.2.rel1_2023.7/bin/../lib/gcc/arm-none-eabi/12.2.1/thumb/v7e-m+fp/softfp\libc_nano.a(libc_a-callocr.o)
[...]
Memory Configuration

Name             Origin             Length             Attributes
rom              0x08202000         0x001fe000         xr
ram              0x0000000c         0x0002fbf4         xrw
udma0            0x0002fc00         0x00000400         xrw
udma1            0x24061c00         0x00000400         xrw
*default*        0x00000000         0xffffffff

Linker script and memory map

LOAD c:/siliconlabs/simplicitystudio/v5/developer/toolchains/gnu_arm/12.2.rel1_2023.7/bin/../lib/gcc/arm-none-eabi/12.2.1/thumb/v7e-m+fp/softfp/crti.o
LOAD c:/siliconlabs/simplicitystudio/v5/developer/toolchains/gnu_arm/12.2.rel1_2023.7/bin/../lib/gcc/arm-none-eabi/12.2.1/thumb/v7e-m+fp/softfp/crtbegin.o
LOAD c:/siliconlabs/simplicitystudio/v5/developer/toolchains/gnu_arm/12.2.rel1_2023.7/bin/../lib/gcc/arm-none-eabi/12.2.1/thumb/v7e-m+fp/softfp/crt0.o
START GROUP
LOAD ./app.o
LOAD ./main.o
LOAD ./autogen/sl_event_handler.o
LOAD ./iotcasa/src/bluetooth.o
LOAD ./iotcasa/src/casa_log.o
LOAD ./iotcasa/src/casa_module.o
LOAD ./iotcasa/src/casa_msg_parser.o
LOAD ./iotcasa/src/de_registration.o
LOAD ./iotcasa/src/device_control.o
LOAD ./iotcasa/src/eeprom_manage.o
LOAD ./iotcasa/src/gpio_control.o
LOAD ./iotcasa/src/mqtt_handler.o
LOAD ./iotcasa/src/registration.o
LOAD ./iotcasa/src/udp.o
LOAD ./iotcasa/src/wifi.o
LOAD ./iotcasa/third_party_components/cjson/cJSON.o
LOAD ./iotcasa/third_party_components/cjson/cJSON_Utils.o
LOAD ./simplicity_sdk_2025.6.2/app/common/util/app_timer/freertos/app_timer_freertos.o
LOAD ./simplicity_sdk_2025.6.2/platform/CMSIS/RTOS2/Source/os_systick.o
LOAD ./simplicity_sdk_2025.6.2/platform/common/src/sl_assert.o
LOAD ./simplicity_sdk_2025.6.2/platform/common/src/sl_cmsis_os2_common.o
LOAD ./simplicity_sdk_2025.6.2/platform/common/src/sl_core_cortexm.o
LOAD ./simplicity_sdk_2025.6.2/platform/common/src/sl_slist.o
LOAD ./simplicity_sdk_2025.6.2/platform/common/src/sl_string.o
LOAD ./simplicity_sdk_2025.6.2/platform/common/src/sl_syscalls.o
LOAD ./simplicity_sdk_2025.6.2/platform/common/src/sli_cmsis_os2_ext_task_register.o
LOAD ./simplicity_sdk_2025.6.2/platform/emdrv/nvm3/src/nvm3.o
LOAD ./simplicity_sdk_2025.6.2/platform/emdrv/nvm3/src/nvm3_cache.o
LOAD ./simplicity_sdk_2025.6.2/platform/emdrv/nvm3/src/nvm3_default_common_linker.o
LOAD ./simplicity_sdk_2025.6.2/platform/emdrv/nvm3/src/nvm3_lock.o
LOAD ./simplicity_sdk_2025.6.2/platform/emdrv/nvm3/src/nvm3_object.o
LOAD ./simplicity_sdk_2025.6.2/platform/emdrv/nvm3/src/nvm3_page.o
LOAD ./simplicity_sdk_2025.6.2/platform/emdrv/nvm3/src/nvm3_utils.o
LOAD ./simplicity_sdk_2025.6.2/platform/service/sl_main/src/rtos/main_retarget.o
LOAD ./simplicity_sdk_2025.6.2/platform/service/sl_main/src/sl_main_init.o
LOAD ./simplicity_sdk_2025.6.2/platform/service/sl_main/src/sl_main_init_memory.o
LOAD ./simplicity_sdk_2025.6.2/platform/service/sl_main/src/sl_main_kernel.o
LOAD ./simplicity_sdk_2025.6.2/platform/service/sleeptimer/src/sl_sleeptimer.o
LOAD ./simplicity_sdk_2025.6.2/util/third_party/freertos/cmsis/Source/cmsis_os2.o
LOAD ./simplicity_sdk_2025.6.2/util/third_party/freertos/kernel/croutine.o
LOAD ./simplicity_sdk_2025.6.2/util/third_party/freertos/kernel/event_groups.o
LOAD ./simplicity_sdk_2025.6.2/util/third_party/freertos/kernel/list.o
LOAD ./simplicity_sdk_2025.6.2/util/third_party/freertos/kernel/queue.o
LOAD ./simplicity_sdk_2025.6.2/util/third_party/freertos/kernel/stream_buffer.o
LOAD ./simplicity_sdk_2025.6.2/util/third_party/freertos/kernel/tasks.o
LOAD ./simplicity_sdk_2025.6.2/util/third_party/freertos/kernel/timers.o
LOAD ./simplicity_sdk_2025.6.2/util/third_party/freertos/kernel/portable/GCC/ARM_CM4F/port.o
LOAD ./simplicity_sdk_2025.6.2/util/third_party/freertos/kernel/portable/MemMang/heap_4.o
LOAD ./wiseconnect3_sdk_3.5.2/components/board/silabs/src/rsi_board.o
LOAD ./wiseconnect3_sdk_3.5.2/components/common/src/sl_utility.o
LOAD ./wiseconnect3_sdk_3.5.2/components/device/silabs/si91x/mcu/core/chip/src/iPMU_prog/iPMU_dotc/ipmu_apis.o
LOAD ./wiseconnect3_sdk_3.5.2/components/device/silabs/si91x/mcu/core/chip/src/iPMU_prog/iPMU_dotc/rsi_system_config_917.o
LOAD ./wiseconnect3_sdk_3.5.2/components/device/silabs/si91x/mcu/core/chip/src/rsi_deepsleep_soc.o
LOAD ./wiseconnect3_sdk_3.5.2/components/device/silabs/si91x/mcu/core/chip/src/rsi_ps_ram_func.o
LOAD ./wiseconnect3_sdk_3.5.2/components/device/silabs/si91x/mcu/core/chip/src/startup_si91x.o
LOAD ./wiseconnect3_sdk_3.5.2/components/device/silabs/si91x/mcu/core/chip/src/system_si91x.o
LOAD ./wiseconnect3_sdk_3.5.2/components/device/silabs/si91x/mcu/core/common/src/malloc_thread_safety.o
LOAD ./wiseconnect3_sdk_3.5.2/components/device/silabs/si91x/mcu/core/common/src/rsi_debug.o
LOAD ./wiseconnect3_sdk_3.5.2/components/device/silabs/si91x/mcu/core/common/src/sl_si91x_stack_object_declare.o
LOAD ./wiseconnect3_sdk_3.5.2/components/device/silabs/si91x/mcu/core/common/src/syscalls.o
LOAD ./wiseconnect3_sdk_3.5.2/components/device/silabs/si91x/mcu/core/config/src/rsi_nvic_priorities_config.o
LOAD ./wiseconnect3_sdk_3.5.2/components/device/silabs/si91x/mcu/drivers/cmsis_driver/UDMA.o
LOAD ./wiseconnect3_sdk_3.5.2/components/device/silabs/si91x/mcu/drivers/cmsis_driver/USART.o
LOAD ./wiseconnect3_sdk_3.5.2/components/device/silabs/si91x/mcu/drivers/peripheral_drivers/src/aux_reference_volt_config.o
LOAD ./wiseconnect3_sdk_3.5.2/components/device/silabs/si91x/mcu/drivers/peripheral_drivers/src/clock_update.o
LOAD ./wiseconnect3_sdk_3.5.2/components/device/silabs/si91x/mcu/drivers/peripheral_drivers/src/rsi_adc.o
LOAD ./wiseconnect3_sdk_3.5.2/components/device/silabs/si91x/mcu/drivers/peripheral_drivers/src/rsi_crc.o
LOAD ./wiseconnect3_sdk_3.5.2/components/device/silabs/si91x/mcu/drivers/peripheral_drivers/src/rsi_dac.o
LOAD ./wiseconnect3_sdk_3.5.2/components/device/silabs/si91x/mcu/drivers/peripheral_drivers/src/rsi_egpio.o
LOAD ./wiseconnect3_sdk_3.5.2/components/device/silabs/si91x/mcu/drivers/peripheral_drivers/src/rsi_opamp.o
LOAD ./wiseconnect3_sdk_3.5.2/components/device/silabs/si91x/mcu/drivers/peripheral_drivers/src/rsi_sysrtc.o
LOAD ./wiseconnect3_sdk_3.5.2/components/device/silabs/si91x/mcu/drivers/peripheral_drivers/src/rsi_udma.o
LOAD ./wiseconnect3_sdk_3.5.2/components/device/silabs/si91x/mcu/drivers/peripheral_drivers/src/rsi_udma_wrapper.o
LOAD ./wiseconnect3_sdk_3.5.2/components/device/silabs/si91x/mcu/drivers/peripheral_drivers/src/rsi_usart.o
LOAD ./wiseconnect3_sdk_3.5.2/components/device/silabs/si91x/mcu/drivers/service/clock_manager/src/sl_si91x_clock_manager.o
LOAD ./wiseconnect3_sdk_3.5.2/components/device/silabs/si91x/mcu/drivers/service/nvm3/src/sl_si91x_common_flash_intf.o
LOAD ./wiseconnect3_sdk_3.5.2/components/device/silabs/si91x/mcu/drivers/service/nvm3/src/sl_si91x_nvm3_hal_flash.o
LOAD ./wiseconnect3_sdk_3.5.2/components/device/silabs/si91x/mcu/drivers/service/sleeptimer/src/sl_sleeptimer_hal_si91x_sysrtc.o
LOAD ./wiseconnect3_sdk_3.5.2/components/device/silabs/si91x/mcu/drivers/systemlevel/src/rsi_bod.o
LOAD ./wiseconnect3_sdk_3.5.2/components/device/silabs/si91x/mcu/drivers/systemlevel/src/rsi_ipmu.o
LOAD ./wiseconnect3_sdk_3.5.2/components/device/silabs/si91x/mcu/drivers/systemlevel/src/rsi_pll.o
LOAD ./wiseconnect3_sdk_3.5.2/components/device/silabs/si91x/mcu/drivers/systemlevel/src/rsi_power_save.o
LOAD ./wiseconnect3_sdk_3.5.2/components/device/silabs/si91x/mcu/drivers/systemlevel/src/rsi_rtc.o
LOAD ./wiseconnect3_sdk_3.5.2/components/device/silabs/si91x/mcu/drivers/systemlevel/src/rsi_temp_sensor.o
LOAD ./wiseconnect3_sdk_3.5.2/components/device/silabs/si91x/mcu/drivers/systemlevel/src/rsi_time_period.o
LOAD ./wiseconnect3_sdk_3.5.2/components/device/silabs/si91x/mcu/drivers/systemlevel/src/rsi_ulpss_clk.o
LOAD ./wiseconnect3_sdk_3.5.2/components/device/silabs/si91x/mcu/drivers/systemlevel/src/rsi_wwdt.o
LOAD ./wiseconnect3_sdk_3.5.2/components/device/silabs/si91x/mcu/drivers/unified_api/src/sl_si91x_adc.o
LOAD ./wiseconnect3_sdk_3.5.2/components/device/silabs/si91x/mcu/drivers/unified_api/src/sl_si91x_bjt_temperature_sensor.o
LOAD ./wiseconnect3_sdk_3.5.2/components/device/silabs/si91x/mcu/drivers/unified_api/src/sl_si91x_dma.o
LOAD ./wiseconnect3_sdk_3.5.2/components/device/silabs/si91x/mcu/drivers/unified_api/src/sl_si91x_driver_gpio.o
LOAD ./wiseconnect3_sdk_3.5.2/components/device/silabs/si91x/mcu/drivers/unified_api/src/sl_si91x_watchdog_timer.o
LOAD ./wiseconnect3_sdk_3.5.2/components/device/silabs/si91x/mcu/drivers/unified_peripheral_drivers/src/sl_si91x_peripheral_gpio.o
LOAD ./wiseconnect3_sdk_3.5.2/components/device/silabs/si91x/wireless/ahb_interface/src/rsi_hal_mcu_m4_ram.o
LOAD ./wiseconnect3_sdk_3.5.2/components/device/silabs/si91x/wireless/ahb_interface/src/rsi_hal_mcu_m4_rom.o
LOAD ./wiseconnect3_sdk_3.5.2/components/device/silabs/si91x/wireless/ahb_interface/src/sl_platform.o
LOAD ./wiseconnect3_sdk_3.5.2/components/device/silabs/si91x/wireless/ahb_interface/src/sl_platform_wireless.o
LOAD ./wiseconnect3_sdk_3.5.2/components/device/silabs/si91x/wireless/ahb_interface/src/sl_si91x_bus.o
LOAD ./wiseconnect3_sdk_3.5.2/components/device/silabs/si91x/wireless/ahb_interface/src/sl_si91x_timer.o
LOAD ./wiseconnect3_sdk_3.5.2/components/device/silabs/si91x/wireless/ahb_interface/src/sli_siwx917_soc.o
LOAD ./wiseconnect3_sdk_3.5.2/components/device/silabs/si91x/wireless/asynchronous_socket/src/sl_si91x_socket.o
LOAD ./wiseconnect3_sdk_3.5.2/components/device/silabs/si91x/wireless/ble/src/rsi_ble_gap_apis.o
LOAD ./wiseconnect3_sdk_3.5.2/components/device/silabs/si91x/wireless/ble/src/rsi_ble_gatt_apis.o
LOAD ./wiseconnect3_sdk_3.5.2/components/device/silabs/si91x/wireless/ble/src/rsi_bt_ble.o
LOAD ./wiseconnect3_sdk_3.5.2/components/device/silabs/si91x/wireless/ble/src/rsi_bt_common_apis.o
LOAD ./wiseconnect3_sdk_3.5.2/components/device/silabs/si91x/wireless/ble/src/rsi_common_apis.o
LOAD ./wiseconnect3_sdk_3.5.2/components/device/silabs/si91x/wireless/ble/src/rsi_utils.o
LOAD ./wiseconnect3_sdk_3.5.2/components/device/silabs/si91x/wireless/ble/src/sl_si91x_ble.o
LOAD ./wiseconnect3_sdk_3.5.2/components/device/silabs/si91x/wireless/errno/src/sl_si91x_errno.o
LOAD ./wiseconnect3_sdk_3.5.2/components/device/silabs/si91x/wireless/firmware_upgrade/firmware_upgradation.o
LOAD ./wiseconnect3_sdk_3.5.2/components/device/silabs/si91x/wireless/host_mcu/si91x/siwx917_soc_ncp_host.o
LOAD ./wiseconnect3_sdk_3.5.2/components/device/silabs/si91x/wireless/icmp/sl_net_ping.o
LOAD ./wiseconnect3_sdk_3.5.2/components/device/silabs/si91x/wireless/memory/malloc_buffers.o
LOAD ./wiseconnect3_sdk_3.5.2/components/device/silabs/si91x/wireless/sl_net/src/sl_net_rsi_utility.o
LOAD ./wiseconnect3_sdk_3.5.2/components/device/silabs/si91x/wireless/sl_net/src/sl_net_si91x.o
LOAD ./wiseconnect3_sdk_3.5.2/components/device/silabs/si91x/wireless/sl_net/src/sl_net_si91x_callback_framework.o
LOAD ./wiseconnect3_sdk_3.5.2/components/device/silabs/si91x/wireless/sl_net/src/sl_net_si91x_integration_handler.o
LOAD ./wiseconnect3_sdk_3.5.2/components/device/silabs/si91x/wireless/sl_net/src/sl_si91x_net_internal_stack.o
LOAD ./wiseconnect3_sdk_3.5.2/components/device/silabs/si91x/wireless/sl_net/src/sli_net_si91x_utility.o
LOAD ./wiseconnect3_sdk_3.5.2/components/device/silabs/si91x/wireless/socket/src/sl_si91x_socket_utility.o
LOAD ./wiseconnect3_sdk_3.5.2/components/device/silabs/si91x/wireless/src/sl_rsi_utility.o
LOAD ./wiseconnect3_sdk_3.5.2/components/device/silabs/si91x/wireless/src/sl_si91x_driver.o
LOAD ./wiseconnect3_sdk_3.5.2/components/protocol/wifi/si91x/sl_wifi.o
LOAD ./wiseconnect3_sdk_3.5.2/components/protocol/wifi/src/sl_wifi_basic_credentials.o
LOAD ./wiseconnect3_sdk_3.5.2/components/protocol/wifi/src/sl_wifi_callback_framework.o
LOAD ./wiseconnect3_sdk_3.5.2/components/service/bsd_socket/si91x_socket/sl_si91x_bsd_socket.o
LOAD ./wiseconnect3_sdk_3.5.2/components/service/mqtt/si91x/sl_mqtt_client.o
LOAD ./wiseconnect3_sdk_3.5.2/components/service/network_manager/src/sl_net.o
LOAD ./wiseconnect3_sdk_3.5.2/components/service/network_manager/src/sl_net_basic_certificate_store.o
LOAD ./wiseconnect3_sdk_3.5.2/components/service/network_manager/src/sl_net_basic_profiles.o
LOAD ./wiseconnect3_sdk_3.5.2/components/service/network_manager/src/sl_net_credentials.o
LOAD ./wiseconnect3_sdk_3.5.2/components/service/network_manager/src/sli_net_common_utility.o
LOAD ./wiseconnect3_sdk_3.5.2/components/service/sl_http_server/src/sl_http_server.o
LOAD ./wiseconnect3_sdk_3.5.2/components/sli_si91x_wifi_event_handler/src/sli_si91x_wifi_event_handler.o
LOAD ./wiseconnect3_sdk_3.5.2/components/sli_wifi_command_engine/src/sli_wifi_command_engine.o
LOAD ./wiseconnect3_sdk_3.5.2/third_party/json_parser/src/jsmn.o
LOAD c:/siliconlabs/simplicitystudio/v5/developer/toolchains/gnu_arm/12.2.rel1_2023.7/bin/../lib/gcc/arm-none-eabi/12.2.1/thumb/v7e-m+fp/softfp\libgcc.a
LOAD c:/siliconlabs/simplicitystudio/v5/developer/toolchains/gnu_arm/12.2.rel1_2023.7/bin/../lib/gcc/arm-none-eabi/12.2.1/thumb/v7e-m+fp/softfp\libnosys.a
LOAD c:/siliconlabs/simplicitystudio/v5/developer/toolchains/gnu_arm/12.2.rel1_2023.7/bin/../lib/gcc/arm-none-eabi/12.2.1/thumb/v7e-m+fp/softfp\libc_nano.a
LOAD c:/siliconlabs/simplicitystudio/v5/developer/toolchains/gnu_arm/12.2.rel1_2023.7/bin/../lib/gcc/arm-none-eabi/12.2.1/thumb/v7e-m+fp/softfp\libm.a
END GROUP
START GROUP
LOAD c:/siliconlabs/simplicitystudio/v5/developer/toolchains/gnu_arm/12.2.rel1_2023.7/bin/../lib/gcc/arm-none-eabi/12.2.1/thumb/v7e-m+fp/softfp\libgcc.a
LOAD c:/siliconlabs/simplicitystudio/v5/developer/toolchains/gnu_arm/12.2.rel1_2023.7/bin/../lib/gcc/arm-none-eabi/12.2.1/thumb/v7e-m+fp/softfp\libc_nano.a
LOAD c:/siliconlabs/simplicitystudio/v5/developer/toolchains/gnu_arm/12.2.rel1_2023.7/bin/../lib/gcc/arm-none-eabi/12.2.1/thumb/v7e-m+fp/softfp\libnosys.a
END GROUP
START GROUP
LOAD c:/siliconlabs/simplicitystudio/v5/developer/toolchains/gnu_arm/12.2.rel1_2023.7/bin/../lib/gcc/arm-none-eabi/12.2.1/thumb/v7e-m+fp/softfp\libgcc.a
LOAD c:/siliconlabs/simplicitystudio/v5/developer/toolchains/gnu_arm/12.2.rel1_2023.7/bin/../lib/gcc/arm-none-eabi/12.2.1/thumb/v7e-m+fp/softfp\libg_nano.a
LOAD c:/siliconlabs/simplicitystudio/v5/developer/toolchains/gnu_arm/12.2.rel1_2023.7/bin/../lib/gcc/arm-none-eabi/12.2.1/thumb/v7e-m+fp/softfp\libc_nano.a
END GROUP
START GROUP
LOAD c:/siliconlabs/simplicitystudio/v5/developer/toolchains/gnu_arm/12.2.rel1_2023.7/bin/../lib/gcc/arm-none-eabi/12.2.1/thumb/v7e-m+fp/softfp\libgcc.a
LOAD c:/siliconlabs/simplicitystudio/v5/developer/toolchains/gnu_arm/12.2.rel1_2023.7/bin/../lib/gcc/arm-none-eabi/12.2.1/thumb/v7e-m+fp/softfp\libc_nano.a
END GROUP
LOAD c:/siliconlabs/simplicitystudio/v5/developer/toolchains/gnu_arm/12.2.rel1_2023.7/bin/../lib/gcc/arm-none-eabi/12.2.1/thumb/v7e-m+fp/softfp/crtend.o
LOAD c:/siliconlabs/simplicitystudio/v5/developer/toolchains/gnu_arm/12.2.rel1_2023.7/bin/../lib/gcc/arm-none-eabi/12.2.1/thumb/v7e-m+fp/softfp/crtn.o

.text           0x08202000    0x1bbd0
 *(.isr_vector)
 .isr_vector    0x08202000      0x16c ./wiseconnect3_sdk_3.5.2/components/device/silabs/si91x/mcu/core/chip/src/startup_si91x.o
                0x08202000                __Vectors
                0x08202180                . = ALIGN (0x20)
 *fill*         0x0820216c       0x14 
 *(.reset_handler)
 *(EXCLUDE_FILE(*heap_*.o *port.o *sl_rsi_utility.o *malloc_buffers.o *freertos_umm_malloc_host.o *cmsis_os2.o *timers.o *tasks.o *stream_buffer.o *queue.o *list.o *event_groups.o *croutine.o *sl_si91x_low_power_tickless_mode.o *rsi_sysrtc.o *sl_sleeptimer_hal_si91x_sysrtc.o *sl_sleeptimer.o *UDMA.o *rsi_hal_mcu_m4_rom.o *rsi_hal_mcu_m4_ram.o *rsi_deepsleep_soc.o *sli_si91x_wifi_event_handler.o *sli_wifi_command_engine.o *sl_si91x_driver.o *sl_si91x_bus.o) .text*)
 .text.deregister_tm_clones
                0x08202180       0x1c c:/siliconlabs/simplicitystudio/v5/developer/toolchains/gnu_arm/12.2.rel1_2023.7/bin/../lib/gcc/arm-none-eabi/12.2.1/thumb/v7e-m+fp/softfp/crtbegin.o
 .text.register_tm_clones
                0x0820219c       0x24 c:/siliconlabs/simplicitystudio/v5/developer/toolchains/gnu_arm/12.2.rel1_2023.7/bin/../lib/gcc/arm-none-eabi/12.2.1/thumb/v7e-m+fp/softfp/crtbegin.o
 .text.__do_global_dtors_aux
                0x082021c0       0x28 c:/siliconlabs/simplicitystudio/v5/developer/toolchains/gnu_arm/12.2.rel1_2023.7/bin/../lib/gcc/arm-none-eabi/12.2.1/thumb/v7e-m+fp/softfp/crtbegin.o
 .text.frame_dummy
                0x082021e8       0x24 c:/siliconlabs/simplicitystudio/v5/developer/toolchains/gnu_arm/12.2.rel1_2023.7/bin/../lib/gcc/arm-none-eabi/12.2.1/thumb/v7e-m+fp/softfp/crtbegin.o
 .text.vApplicationStackOverflowHook
                0x0820220c       0x10 ./app.o
                0x0820220c                vApplicationStackOverflowHook
 .text.print_overall_app_memory
                0x0820221c       0xb0 ./app.o
                0x0820221c                print_overall_app_memory
 .text.app_init
                0x082022cc       0x74 ./app.o
                0x082022cc                app_init
 .text.app_process_action
                0x08202340       0x38 ./app.o
                0x08202340                app_process_action
 .text.startup.main
                0x08202378       0x10 ./main.o
                0x08202378                main
 .text.sli_driver_permanent_allocation
                0x08202388        0x2 ./autogen/sl_event_handler.o
                0x08202388                sli_driver_permanent_allocation
 .text.sli_service_permanent_allocation
                0x0820238a        0x2 ./autogen/sl_event_handler.o
                0x0820238a                sli_service_permanent_allocation
 .text.sli_stack_permanent_allocation
                0x0820238c        0x2 ./autogen/sl_event_handler.o
                0x0820238c                sli_stack_permanent_allocation
 .text.sli_internal_permanent_allocation
                0x0820238e        0x2 ./autogen/sl_event_handler.o
                0x0820238e                sli_internal_permanent_allocation
 .text.sl_platform_init
                0x08202390       0x1a ./autogen/sl_event_handler.o
                0x08202390                sl_platform_init
 .text.sli_internal_init_early
                0x082023aa        0x2 ./autogen/sl_event_handler.o
                0x082023aa                sli_internal_init_early
 .text.sl_kernel_start
                0x082023ac        0x4 ./autogen/sl_event_handler.o
                0x082023ac                sl_kernel_start
 .text.sl_driver_init
                0x082023b0        0x2 ./autogen/sl_event_handler.o
                0x082023b0                sl_driver_init
 .text.sl_service_init
                0x082023b2        0x2 ./autogen/sl_event_handler.o
                0x082023b2                sl_service_init
 .text.sl_stack_init
                0x082023b4        0x2 ./autogen/sl_event_handler.o
                0x082023b4                sl_stack_init
 .text.sl_internal_app_init
                0x082023b6        0x2 ./autogen/sl_event_handler.o
                0x082023b6                sl_internal_app_init
 .text.rsi_ble_app_set_event
                0x082023b8       0x1c ./iotcasa/src/bluetooth.o
 .text.rsi_ble_on_enhance_conn_status_event
                0x082023d4       0x30 ./iotcasa/src/bluetooth.o
                0x082023d4                rsi_ble_on_enhance_conn_status_event
 .text.rsi_ble_gatt_error_event
                0x08202404        0x6 ./iotcasa/src/bluetooth.o
 *fill*         0x0820240a        0x2 
 .text.rsi_ble_on_read_req_event
                0x0820240c       0x18 ./iotcasa/src/bluetooth.o
 .text.rsi_ble_on_gatt_write_event
                0x08202424       0x18 ./iotcasa/src/bluetooth.o
 .text.rsi_ble_on_disconnect_event
                0x0820243c        0x6 ./iotcasa/src/bluetooth.o
 *fill*         0x08202442        0x2 
 .text.rsi_ble_on_connect_event
                0x08202444       0x18 ./iotcasa/src/bluetooth.o
 .text.stop_ble_service
                0x0820245c       0x98 ./iotcasa/src/bluetooth.o
                0x0820245c                stop_ble_service
 .text.rsi_ble_send_json_response
                0x082024f4       0x84 ./iotcasa/src/bluetooth.o
                0x082024f4                rsi_ble_send_json_response
 .text.rsi_gatt_add_attribute_to_list
                0x08202578       0x9c ./iotcasa/src/bluetooth.o
                0x08202578                rsi_gatt_add_attribute_to_list
 .text.rsi_ble_add_simple_chat_serv.isra.0
                0x08202614      0x174 ./iotcasa/src/bluetooth.o
 .text.casa_ble_init
                0x08202788      0x124 ./iotcasa/src/bluetooth.o
                0x08202788                casa_ble_init
 .text.casa_ble_process
                0x082028ac      0x26c ./iotcasa/src/bluetooth.o
                0x082028ac                casa_ble_process
 .text.log_get_level
                0x08202b18        0xc ./iotcasa/src/casa_log.o
                0x08202b18                log_get_level
 .text.log_write
                0x08202b24       0xec ./iotcasa/src/casa_log.o
                0x08202b24                log_write
 .text.set_device_id_and_hostname
                0x08202c10       0xd4 ./iotcasa/src/casa_module.o
                0x08202c10                set_device_id_and_hostname
 .text.registration_udp_ble_parser
                0x08202ce4      0x310 ./iotcasa/src/casa_msg_parser.o
                0x08202ce4                registration_udp_ble_parser
 .text.cloud_mqtt_reg_json_parser
                0x08202ff4       0x60 ./iotcasa/src/casa_msg_parser.o
                0x08202ff4                cloud_mqtt_reg_json_parser
 .text.deregistration_msg_parser
                0x08203054      0x1b0 ./iotcasa/src/casa_msg_parser.o
                0x08203054                deregistration_msg_parser
 .text.cloud_mqtt_dereg_json_parser
                0x08203204       0xc4 ./iotcasa/src/casa_msg_parser.o
                0x08203204                cloud_mqtt_dereg_json_parser
 .text.casa_message_parser
                0x082032c8       0xe4 ./iotcasa/src/casa_msg_parser.o
                0x082032c8                casa_message_parser
 .text.exit_de_registration
                0x082033ac       0x40 ./iotcasa/src/de_registration.o
                0x082033ac                exit_de_registration
 .text.cloud_dereg_status_callback
                0x082033ec       0xa4 ./iotcasa/src/de_registration.o
                0x082033ec                cloud_dereg_status_callback
 .text.dereg_device_details_json
                0x08203490      0x128 ./iotcasa/src/de_registration.o
                0x08203490                dereg_device_details_json
 .text.casa_deregistration
                0x082035b8      0x1c8 ./iotcasa/src/de_registration.o
                0x082035b8                casa_deregistration
 .text.sl_gpio_driver_get_pin.isra.0
                0x08203780       0xd0 ./iotcasa/src/device_control.o
 .text.construct_status_update_json
                0x08203850      0x250 ./iotcasa/src/device_control.o
                0x08203850                construct_status_update_json
 .text.casa_device_status_update
                0x08203aa0      0x164 ./iotcasa/src/device_control.o
                0x08203aa0                casa_device_status_update
 .text.set_eeprom_device_reg_info
                0x08203c04       0xbc ./iotcasa/src/eeprom_manage.o
                0x08203c04                set_eeprom_device_reg_info
 .text.get_eeprom_device_HW_details
                0x08203cc0       0x5c ./iotcasa/src/eeprom_manage.o
                0x08203cc0                get_eeprom_device_HW_details
 .text.set_timer_control
                0x08203d1c       0x44 ./iotcasa/src/eeprom_manage.o
                0x08203d1c                set_timer_control
 .text.save_device_status
                0x08203d60       0x64 ./iotcasa/src/eeprom_manage.o
                0x08203d60                save_device_status
 .text.clear_dev_reg_preferences
                0x08203dc4       0x9c ./iotcasa/src/eeprom_manage.o
                0x08203dc4                clear_dev_reg_preferences
 .text.nvm3_eeprom_init
                0x08203e60       0x28 ./iotcasa/src/eeprom_manage.o
                0x08203e60                nvm3_eeprom_init
 .text.sl_gpio_validation
                0x08203e88       0x3e ./iotcasa/src/gpio_control.o
 *fill*         0x08203ec6        0x2 
 .text.sl_gpio_driver_get_pin.isra.0
                0x08203ec8       0xa0 ./iotcasa/src/gpio_control.o
 .text.sl_gpio_driver_toggle_pin.isra.0
                0x08203f68       0xac ./iotcasa/src/gpio_control.o
 .text.sl_gpio_driver_clear_pin.isra.0
                0x08204014       0x9c ./iotcasa/src/gpio_control.o
 .text.led_blink_sequence
                0x082040b0       0x30 ./iotcasa/src/gpio_control.o
 .text.manual_switch_handling
                0x082040e0       0x74 ./iotcasa/src/gpio_control.o
                0x082040e0                manual_switch_handling
 .text.push_button
                0x08204154      0x238 ./iotcasa/src/gpio_control.o
                0x08204154                push_button
 .text.switches_handling_task
                0x0820438c       0xdc ./iotcasa/src/gpio_control.o
                0x0820438c                switches_handling_task
 .text.gpio_init
                0x08204468       0x8c ./iotcasa/src/gpio_control.o
                0x08204468                gpio_init
 .text.mqtt_message_callback
                0x082044f4       0xa0 ./iotcasa/src/mqtt_handler.o
                0x082044f4                mqtt_message_callback
 .text.mqtt_event_handler
                0x08204594       0x2c ./iotcasa/src/mqtt_handler.o
                0x08204594                mqtt_event_handler
 .text.mqtt_app_close
                0x082045c0       0x5c ./iotcasa/src/mqtt_handler.o
                0x082045c0                mqtt_app_close
 .text.Mqtt_publish
                0x0820461c       0x40 ./iotcasa/src/mqtt_handler.o
                0x0820461c                Mqtt_publish
 .text.mqtt_secure_config
                0x0820465c      0x25c ./iotcasa/src/mqtt_handler.o
                0x0820465c                mqtt_secure_config
 .text.mqtt_app_start
                0x082048b8       0x9c ./iotcasa/src/mqtt_handler.o
                0x082048b8                mqtt_app_start
 .text.mqtt_reconnection_check
                0x08204954      0x144 ./iotcasa/src/mqtt_handler.o
                0x08204954                mqtt_reconnection_check
 .text.mqtt_connection_task_create
                0x08204a98       0x60 ./iotcasa/src/mqtt_handler.o
                0x08204a98                mqtt_connection_task_create
 .text.constuct_secure_mqtt_sub_pub_topic
                0x08204af8       0x94 ./iotcasa/src/mqtt_handler.o
                0x08204af8                constuct_secure_mqtt_sub_pub_topic
 .text.construct_mqtt_lastWill_pub_topic
                0x08204b8c       0x48 ./iotcasa/src/mqtt_handler.o
                0x08204b8c                construct_mqtt_lastWill_pub_topic
 .text.construct_mqtt_device_log_pub_topic
                0x08204bd4       0x50 ./iotcasa/src/mqtt_handler.o
                0x08204bd4                construct_mqtt_device_log_pub_topic
 *fill*         0x08204c24        0x4 
 .text.send_timer_resp
                0x08204c28      0x154 ./iotcasa/src/mqtt_handler.o
                0x08204c28                send_timer_resp
 .text.cloud_reg_fota_status_callback
                0x08204d7c       0x98 ./iotcasa/src/registration.o
                0x08204d7c                cloud_reg_fota_status_callback
 .text.cloud_reg_status_callback
                0x08204e14       0x94 ./iotcasa/src/registration.o
                0x08204e14                cloud_reg_status_callback
 .text.sl_gpio_validation
                0x08204ea8       0x3e ./iotcasa/src/registration.o
 *fill*         0x08204ee6        0x2 
 .text.register_data_callback
                0x08204ee8      0x164 ./iotcasa/src/registration.o
                0x08204ee8                register_data_callback
 .text.registration_init
                0x0820504c       0x54 ./iotcasa/src/registration.o
                0x0820504c                registration_init
 .text.reg_req_recvd_response
                0x082050a0       0xa8 ./iotcasa/src/registration.o
                0x082050a0                reg_req_recvd_response
 .text.wifi_status_response
                0x08205148       0x94 ./iotcasa/src/registration.o
                0x08205148                wifi_status_response
 .text.discovery_device_details_json
                0x082051dc      0x3a0 ./iotcasa/src/registration.o
                0x082051dc                discovery_device_details_json
 .text.create_discovery_resp_to_mobile
                0x0820557c       0xb8 ./iotcasa/src/registration.o
                0x0820557c                create_discovery_resp_to_mobile
 .text.casa_registration
                0x08205634      0x35c ./iotcasa/src/registration.o
                0x08205634                casa_registration
 .text.check_internet_connectivity
                0x08205990      0x150 ./iotcasa/src/wifi.o
 .text.wifi_close
                0x08205ae0       0x98 ./iotcasa/src/wifi.o
                0x08205ae0                wifi_close
 .text.wifi_sta
                0x08205b78      0x26c ./iotcasa/src/wifi.o
                0x08205b78                wifi_sta
 .text.station_wifi_detailes_get
                0x08205de4       0x5c ./iotcasa/src/wifi.o
                0x08205de4                station_wifi_detailes_get
 .text.station_wifi_status_clear
                0x08205e40       0x30 ./iotcasa/src/wifi.o
                0x08205e40                station_wifi_status_clear
 .text.wifi_sta_monitor_task
                0x08205e70      0x1d4 ./iotcasa/src/wifi.o
                0x08205e70                wifi_sta_monitor_task
 .text.parse_hex4
                0x08206044       0x3e ./iotcasa/third_party_components/cjson/cJSON.o
 *fill*         0x08206082        0x2 
 .text.parse_string
                0x08206084      0x1ec ./iotcasa/third_party_components/cjson/cJSON.o
 .text.buffer_skip_whitespace
                0x08206270       0x2e ./iotcasa/third_party_components/cjson/cJSON.o
 .text.update_offset
                0x0820629e       0x18 ./iotcasa/third_party_components/cjson/cJSON.o
 .text.ensure   0x082062b6       0x7e ./iotcasa/third_party_components/cjson/cJSON.o
 .text.print_string_ptr
                0x08206334      0x120 ./iotcasa/third_party_components/cjson/cJSON.o
 .text.get_object_item
                0x08206454       0x7c ./iotcasa/third_party_components/cjson/cJSON.o
 .text.add_item_to_array
                0x082064d0       0x28 ./iotcasa/third_party_components/cjson/cJSON.o
 .text.cJSON_strdup.constprop.0
                0x082064f8       0x2c ./iotcasa/third_party_components/cjson/cJSON.o
 .text.add_item_to_object.constprop.0
                0x08206524       0x54 ./iotcasa/third_party_components/cjson/cJSON.o
 .text.cJSON_New_Item.isra.0
                0x08206578       0x18 ./iotcasa/third_party_components/cjson/cJSON.o
 .text.print_value
                0x08206590      0x428 ./iotcasa/third_party_components/cjson/cJSON.o
 .text.print.constprop.0
                0x082069b8       0x94 ./iotcasa/third_party_components/cjson/cJSON.o
 .text.cJSON_Delete
                0x08206a4c       0x48 ./iotcasa/third_party_components/cjson/cJSON.o
                0x08206a4c                cJSON_Delete
 *fill*         0x08206a94        0x4 
 .text.parse_value
                0x08206a98      0x308 ./iotcasa/third_party_components/cjson/cJSON.o
 .text.cJSON_ParseWithLengthOpts
                0x08206da0       0xd8 ./iotcasa/third_party_components/cjson/cJSON.o
                0x08206da0                cJSON_ParseWithLengthOpts
 .text.cJSON_ParseWithOpts
                0x08206e78       0x20 ./iotcasa/third_party_components/cjson/cJSON.o
                0x08206e78                cJSON_ParseWithOpts
 .text.cJSON_Parse
                0x08206e98        0x8 ./iotcasa/third_party_components/cjson/cJSON.o
                0x08206e98                cJSON_Parse
 .text.cJSON_Print
                0x08206ea0        0x6 ./iotcasa/third_party_components/cjson/cJSON.o
                0x08206ea0                cJSON_Print
 .text.cJSON_PrintUnformatted
                0x08206ea6        0x6 ./iotcasa/third_party_components/cjson/cJSON.o
                0x08206ea6                cJSON_PrintUnformatted
 .text.cJSON_GetObjectItem
                0x08206eac        0x6 ./iotcasa/third_party_components/cjson/cJSON.o
                0x08206eac                cJSON_GetObjectItem
 .text.cJSON_GetObjectItemCaseSensitive
                0x08206eb2        0x6 ./iotcasa/third_party_components/cjson/cJSON.o
                0x08206eb2                cJSON_GetObjectItemCaseSensitive
 .text.cJSON_AddItemToArray
                0x08206eb8        0x4 ./iotcasa/third_party_components/cjson/cJSON.o
                0x08206eb8                cJSON_AddItemToArray
 .text.cJSON_AddItemToObject
                0x08206ebc        0x6 ./iotcasa/third_party_components/cjson/cJSON.o
                0x08206ebc                cJSON_AddItemToObject
 *fill*         0x08206ec2        0x6 
 .text.cJSON_CreateNumber
                0x08206ec8       0x68 ./iotcasa/third_party_components/cjson/cJSON.o
                0x08206ec8                cJSON_CreateNumber
 .text.cJSON_AddNumberToObject
                0x08206f30       0x2c ./iotcasa/third_party_components/cjson/cJSON.o
                0x08206f30                cJSON_AddNumberToObject
 .text.cJSON_CreateString
                0x08206f5c       0x30 ./iotcasa/third_party_components/cjson/cJSON.o
                0x08206f5c                cJSON_CreateString
 .text.cJSON_AddStringToObject
                0x08206f8c       0x2a ./iotcasa/third_party_components/cjson/cJSON.o
                0x08206f8c                cJSON_AddStringToObject
 *fill*         0x08206fb6        0x2 
 .text.cJSON_CreateRaw
                0x08206fb8       0x30 ./iotcasa/third_party_components/cjson/cJSON.o
                0x08206fb8                cJSON_CreateRaw
 .text.cJSON_AddRawToObject
                0x08206fe8       0x2a ./iotcasa/third_party_components/cjson/cJSON.o
                0x08206fe8                cJSON_AddRawToObject
 *fill*         0x08207012        0x2 
 .text.cJSON_CreateArray
                0x08207014       0x18 ./iotcasa/third_party_components/cjson/cJSON.o
                0x08207014                cJSON_CreateArray
 .text.cJSON_CreateObject
                0x0820702c       0x18 ./iotcasa/third_party_components/cjson/cJSON.o
                0x0820702c                cJSON_CreateObject
 .text.cJSON_Minify
                0x08207044       0x9e ./iotcasa/third_party_components/cjson/cJSON.o
                0x08207044                cJSON_Minify
 .text.cJSON_IsNumber
                0x082070e2        0xe ./iotcasa/third_party_components/cjson/cJSON.o
                0x082070e2                cJSON_IsNumber
 .text.cJSON_IsString
                0x082070f0        0xe ./iotcasa/third_party_components/cjson/cJSON.o
                0x082070f0                cJSON_IsString
 .text.CORE_EnterCritical
                0x082070fe        0x8 ./simplicity_sdk_2025.6.2/platform/common/src/sl_core_cortexm.o
                0x082070fe                CORE_EnterCritical
 .text.CORE_ExitCritical
                0x08207106        0xa ./simplicity_sdk_2025.6.2/platform/common/src/sl_core_cortexm.o
                0x08207106                CORE_ExitCritical
 .text.CORE_EnterAtomic
                0x08207110        0xc ./simplicity_sdk_2025.6.2/platform/common/src/sl_core_cortexm.o
                0x08207110                CORE_EnterAtomic
 .text.CORE_ExitAtomic
                0x0820711c        0xa ./simplicity_sdk_2025.6.2/platform/common/src/sl_core_cortexm.o
                0x0820711c                CORE_ExitAtomic
 .text.sl_strnlen
                0x08207126       0x16 ./simplicity_sdk_2025.6.2/platform/common/src/sl_string.o
                0x08207126                sl_strnlen
 .text.sl_strlen
                0x0820713c        0x8 ./simplicity_sdk_2025.6.2/platform/common/src/sl_string.o
                0x0820713c                sl_strlen
 .text.sli_osTaskRegisterNew
                0x08207144       0x1c ./simplicity_sdk_2025.6.2/platform/common/src/sli_cmsis_os2_ext_task_register.o
                0x08207144                sli_osTaskRegisterNew
 .text.sli_osTaskRegisterSetValue
                0x08207160        0xa ./simplicity_sdk_2025.6.2/platform/common/src/sli_cmsis_os2_ext_task_register.o
                0x08207160                sli_osTaskRegisterSetValue
 .text.pagesRepack
                0x0820716a       0x1a ./simplicity_sdk_2025.6.2/platform/emdrv/nvm3/src/nvm3.o
 .text.thrHard  0x08207184       0x20 ./simplicity_sdk_2025.6.2/platform/emdrv/nvm3/src/nvm3.o
 .text.thrSoftMinimum
                0x082071a4       0x20 ./simplicity_sdk_2025.6.2/platform/emdrv/nvm3/src/nvm3.o
 .text.scanPage
                0x082071c4       0x32 ./simplicity_sdk_2025.6.2/platform/emdrv/nvm3/src/nvm3.o
 .text.workBegin
                0x082071f6       0x16 ./simplicity_sdk_2025.6.2/platform/emdrv/nvm3/src/nvm3.o
 .text.findValidPageCnt
                0x0820720c       0x3e ./simplicity_sdk_2025.6.2/platform/emdrv/nvm3/src/nvm3.o
 .text.erasePage
                0x0820724a       0x22 ./simplicity_sdk_2025.6.2/platform/emdrv/nvm3/src/nvm3.o
 .text.getPreviousGoodPage
                0x0820726c       0x42 ./simplicity_sdk_2025.6.2/platform/emdrv/nvm3/src/nvm3.o
 .text.findCurrentEraseCnt
                0x082072ae       0x5e ./simplicity_sdk_2025.6.2/platform/emdrv/nvm3/src/nvm3.o
 .text.eraseAllPages
                0x0820730c       0x7a ./simplicity_sdk_2025.6.2/platform/emdrv/nvm3/src/nvm3.o
 .text.getFirstObjAdrInNextGoodPage
                0x08207386       0x5a ./simplicity_sdk_2025.6.2/platform/emdrv/nvm3/src/nvm3.o
 .text.getNextObj
                0x082073e0       0x2c ./simplicity_sdk_2025.6.2/platform/emdrv/nvm3/src/nvm3.o
 .text.getFreeSize
                0x0820740c       0x66 ./simplicity_sdk_2025.6.2/platform/emdrv/nvm3/src/nvm3.o
 .text.cacheUpdateCallback
                0x08207472       0x12 ./simplicity_sdk_2025.6.2/platform/emdrv/nvm3/src/nvm3.o
 .text.validateObjFragments
                0x08207484      0x240 ./simplicity_sdk_2025.6.2/platform/emdrv/nvm3/src/nvm3.o
 .text.validateObj
                0x082076c4       0x24 ./simplicity_sdk_2025.6.2/platform/emdrv/nvm3/src/nvm3.o
 .text.findObj  0x082076e8      0x154 ./simplicity_sdk_2025.6.2/platform/emdrv/nvm3/src/nvm3.o
 .text.fifoScan
                0x0820783c       0x78 ./simplicity_sdk_2025.6.2/platform/emdrv/nvm3/src/nvm3.o
 .text.initialize
                0x082078b4      0x298 ./simplicity_sdk_2025.6.2/platform/emdrv/nvm3/src/nvm3.o
 .text.repackWorker
                0x08207b4c      0x154 ./simplicity_sdk_2025.6.2/platform/emdrv/nvm3/src/nvm3.o
 .text.eraseFirstPageCallback
                0x08207ca0       0x2e ./simplicity_sdk_2025.6.2/platform/emdrv/nvm3/src/nvm3.o
 .text.enumScanCacheCallback
                0x08207cce       0x36 ./simplicity_sdk_2025.6.2/platform/emdrv/nvm3/src/nvm3.o
 .text.enumScanFifoCallback
                0x08207d04       0x6c ./simplicity_sdk_2025.6.2/platform/emdrv/nvm3/src/nvm3.o
 .text.eraseFirstPageScanCacheCallback
                0x08207d70       0x1c ./simplicity_sdk_2025.6.2/platform/emdrv/nvm3/src/nvm3.o
 .text.fifoReadObj.constprop.0
                0x08207d8c      0x164 ./simplicity_sdk_2025.6.2/platform/emdrv/nvm3/src/nvm3.o
 .text.workEnd.isra.0
                0x08207ef0       0x10 ./simplicity_sdk_2025.6.2/platform/emdrv/nvm3/src/nvm3.o
 .text.enumObjects
                0x08207f00       0x78 ./simplicity_sdk_2025.6.2/platform/emdrv/nvm3/src/nvm3.o
 .text.counterIdxToAdr.isra.0
                0x08207f78       0x6a ./simplicity_sdk_2025.6.2/platform/emdrv/nvm3/src/nvm3.o
 .text.counterIncFldGet
                0x08207fe2       0x44 ./simplicity_sdk_2025.6.2/platform/emdrv/nvm3/src/nvm3.o
 .text.readCounter
                0x08208026      0x19a ./simplicity_sdk_2025.6.2/platform/emdrv/nvm3/src/nvm3.o
 .text.fifoWriteObj
                0x082081c0      0x454 ./simplicity_sdk_2025.6.2/platform/emdrv/nvm3/src/nvm3.o
 .text.repackFirstPageCallback
                0x08208614       0x84 ./simplicity_sdk_2025.6.2/platform/emdrv/nvm3/src/nvm3.o
 .text.repackFirstPageScanCacheCallback
                0x08208698       0xb4 ./simplicity_sdk_2025.6.2/platform/emdrv/nvm3/src/nvm3.o
 .text.nvm3_open
                0x0820874c      0x19c ./simplicity_sdk_2025.6.2/platform/emdrv/nvm3/src/nvm3.o
                0x0820874c                nvm3_open
 .text.nvm3_readData
                0x082088e8       0x80 ./simplicity_sdk_2025.6.2/platform/emdrv/nvm3/src/nvm3.o
                0x082088e8                nvm3_readData
 .text.nvm3_enumObjects
                0x08208968       0x12 ./simplicity_sdk_2025.6.2/platform/emdrv/nvm3/src/nvm3.o
                0x08208968                nvm3_enumObjects
 .text.nvm3_enumDeletedObjects
                0x0820897a       0x12 ./simplicity_sdk_2025.6.2/platform/emdrv/nvm3/src/nvm3.o
                0x0820897a                nvm3_enumDeletedObjects
 .text.getMemInfo
                0x0820898c       0x64 ./simplicity_sdk_2025.6.2/platform/emdrv/nvm3/src/nvm3.o
 .text.fifoWriteWrapper
                0x082089f0       0xc0 ./simplicity_sdk_2025.6.2/platform/emdrv/nvm3/src/nvm3.o
 .text.nvm3_writeData
                0x08208ab0       0x88 ./simplicity_sdk_2025.6.2/platform/emdrv/nvm3/src/nvm3.o
                0x08208ab0                nvm3_writeData
 .text.nvm3_deleteObject
                0x08208b38       0x68 ./simplicity_sdk_2025.6.2/platform/emdrv/nvm3/src/nvm3.o
                0x08208b38                nvm3_deleteObject
 .text.nvm3_repack
                0x08208ba0       0x42 ./simplicity_sdk_2025.6.2/platform/emdrv/nvm3/src/nvm3.o
                0x08208ba0                nvm3_repack
 .text.nvm3_cacheClear
                0x08208be2       0x24 ./simplicity_sdk_2025.6.2/platform/emdrv/nvm3/src/nvm3_cache.o
                0x08208be2                nvm3_cacheClear
 .text.nvm3_cacheOpen
                0x08208c06        0x8 ./simplicity_sdk_2025.6.2/platform/emdrv/nvm3/src/nvm3_cache.o
                0x08208c06                nvm3_cacheOpen
 .text.nvm3_cacheDelete
                0x08208c0e       0x34 ./simplicity_sdk_2025.6.2/platform/emdrv/nvm3/src/nvm3_cache.o
                0x08208c0e                nvm3_cacheDelete
 .text.nvm3_cacheGet
                0x08208c42       0x36 ./simplicity_sdk_2025.6.2/platform/emdrv/nvm3/src/nvm3_cache.o
                0x08208c42                nvm3_cacheGet
 .text.nvm3_cacheSet
                0x08208c78       0xa0 ./simplicity_sdk_2025.6.2/platform/emdrv/nvm3/src/nvm3_cache.o
                0x08208c78                nvm3_cacheSet
 .text.nvm3_cacheScan
                0x08208d18       0x44 ./simplicity_sdk_2025.6.2/platform/emdrv/nvm3/src/nvm3_cache.o
                0x08208d18                nvm3_cacheScan
 .text.nvm3_initDefault
                0x08208d5c       0x14 ./simplicity_sdk_2025.6.2/platform/emdrv/nvm3/src/nvm3_default_common_linker.o
                0x08208d5c                nvm3_initDefault
 .text.nvm3_lockDisableExecute
                0x08208d70        0x2 ./simplicity_sdk_2025.6.2/platform/emdrv/nvm3/src/nvm3_lock.o
                0x08208d70                nvm3_lockDisableExecute
 *fill*         0x08208d72        0x2 
 .text.nvm3_objHdrInit
                0x08208d74       0x94 ./simplicity_sdk_2025.6.2/platform/emdrv/nvm3/src/nvm3_object.o
                0x08208d74                nvm3_objHdrInit
 .text.nvm3_objHdrValidateSmall
                0x08208e08       0x2a ./simplicity_sdk_2025.6.2/platform/emdrv/nvm3/src/nvm3_object.o
                0x08208e08                nvm3_objHdrValidateSmall
 .text.nvm3_objHdrValidateLarge
                0x08208e32       0x36 ./simplicity_sdk_2025.6.2/platform/emdrv/nvm3/src/nvm3_object.o
                0x08208e32                nvm3_objHdrValidateLarge
 .text.nvm3_objHdrGetErased
                0x08208e68        0xa ./simplicity_sdk_2025.6.2/platform/emdrv/nvm3/src/nvm3_object.o
                0x08208e68                nvm3_objHdrGetErased
 .text.nvm3_objHdrGetFragTyp
                0x08208e72       0x10 ./simplicity_sdk_2025.6.2/platform/emdrv/nvm3/src/nvm3_object.o
                0x08208e72                nvm3_objHdrGetFragTyp
 .text.nvm3_objHdrGetKey
                0x08208e82        0x8 ./simplicity_sdk_2025.6.2/platform/emdrv/nvm3/src/nvm3_object.o
                0x08208e82                nvm3_objHdrGetKey
 .text.nvm3_objHdrGetHdrIsLarge
                0x08208e8a       0x10 ./simplicity_sdk_2025.6.2/platform/emdrv/nvm3/src/nvm3_object.o
                0x08208e8a                nvm3_objHdrGetHdrIsLarge
 .text.nvm3_objHdrGetHdrLen
                0x08208e9a        0xe ./simplicity_sdk_2025.6.2/platform/emdrv/nvm3/src/nvm3_object.o
                0x08208e9a                nvm3_objHdrGetHdrLen
 .text.nvm3_objHdrGetDatLen
                0x08208ea8       0x1e ./simplicity_sdk_2025.6.2/platform/emdrv/nvm3/src/nvm3_object.o
                0x08208ea8                nvm3_objHdrGetDatLen
 .text.nvm3_objHdrGetType
                0x08208ec6        0x8 ./simplicity_sdk_2025.6.2/platform/emdrv/nvm3/src/nvm3_object.o
                0x08208ec6                nvm3_objHdrGetType
 *fill*         0x08208ece        0x2 
 .text.nvm3_objInit
                0x08208ed0       0x2c ./simplicity_sdk_2025.6.2/platform/emdrv/nvm3/src/nvm3_object.o
                0x08208ed0                nvm3_objInit
 .text.nvm3_objGroupToType
                0x08208efc       0x1a ./simplicity_sdk_2025.6.2/platform/emdrv/nvm3/src/nvm3_object.o
                0x08208efc                nvm3_objGroupToType
 *fill*         0x08208f16        0x2 
 .text.nvm3_objTypeToGroup
                0x08208f18       0x14 ./simplicity_sdk_2025.6.2/platform/emdrv/nvm3/src/nvm3_object.o
                0x08208f18                nvm3_objTypeToGroup
 .text.nvm3_pageHeaderWrite
                0x08208f2c       0xe8 ./simplicity_sdk_2025.6.2/platform/emdrv/nvm3/src/nvm3_page.o
                0x08208f2c                nvm3_pageHeaderWrite
 .text.nvm3_pageSetBad
                0x08209014       0x26 ./simplicity_sdk_2025.6.2/platform/emdrv/nvm3/src/nvm3_page.o
                0x08209014                nvm3_pageSetBad
 .text.nvm3_pageSetEip
                0x0820903a       0x3e ./simplicity_sdk_2025.6.2/platform/emdrv/nvm3/src/nvm3_page.o
                0x0820903a                nvm3_pageSetEip
 .text.nvm3_pageGetEraseCnt
                0x08209078       0x52 ./simplicity_sdk_2025.6.2/platform/emdrv/nvm3/src/nvm3_page.o
                0x08209078                nvm3_pageGetEraseCnt
 .text.nvm3_pageGetState
                0x082090ca       0x4a ./simplicity_sdk_2025.6.2/platform/emdrv/nvm3/src/nvm3_page.o
                0x082090ca                nvm3_pageGetState
 .text.nvm3_pageStateIsGood
                0x08209114        0xa ./simplicity_sdk_2025.6.2/platform/emdrv/nvm3/src/nvm3_page.o
                0x08209114                nvm3_pageStateIsGood
 .text.nvm3_pageStateIsInvalid
                0x0820911e        0xc ./simplicity_sdk_2025.6.2/platform/emdrv/nvm3/src/nvm3_page.o
                0x0820911e                nvm3_pageStateIsInvalid
 .text.nvm3_pageGetFirstObj
                0x0820912a        0x4 ./simplicity_sdk_2025.6.2/platform/emdrv/nvm3/src/nvm3_page.o
                0x0820912a                nvm3_pageGetFirstObj
 .text.nvm3_pageErase
                0x0820912e       0x34 ./simplicity_sdk_2025.6.2/platform/emdrv/nvm3/src/nvm3_page.o
                0x0820912e                nvm3_pageErase
 .text.nvm3_utilsComputeBergerCode
                0x08209162       0x3c ./simplicity_sdk_2025.6.2/platform/emdrv/nvm3/src/nvm3_utils.o
                0x08209162                nvm3_utilsComputeBergerCode
 .text.__wrap_main
                0x0820919e        0xc ./simplicity_sdk_2025.6.2/platform/service/sl_main/src/rtos/main_retarget.o
                0x0820919e                __wrap_main
 .text.app_init_pre_clock
                0x082091aa        0x2 ./simplicity_sdk_2025.6.2/platform/service/sl_main/src/sl_main_init.o
                0x082091aa                app_init_pre_clock
 .text.app_init_early
                0x082091ac        0x2 ./simplicity_sdk_2025.6.2/platform/service/sl_main/src/sl_main_init.o
                0x082091ac                app_init_early
 .text.sl_main_second_stage_init
                0x082091ae       0x1a ./simplicity_sdk_2025.6.2/platform/service/sl_main/src/sl_main_init.o
                0x082091ae                sl_main_second_stage_init
 .text.sl_main_init
                0x082091c8       0x26 ./simplicity_sdk_2025.6.2/platform/service/sl_main/src/sl_main_init.o
                0x082091c8                sl_main_init
 .text.app_permanent_memory_alloc
                0x082091ee        0x2 ./simplicity_sdk_2025.6.2/platform/service/sl_main/src/sl_main_init_memory.o
                0x082091ee                app_permanent_memory_alloc
 .text.sli_allocate_permanent_memory
                0x082091f0       0x18 ./simplicity_sdk_2025.6.2/platform/service/sl_main/src/sl_main_init_memory.o
                0x082091f0                sli_allocate_permanent_memory
 .text.start_task_handler
                0x08209208       0x18 ./simplicity_sdk_2025.6.2/platform/service/sl_main/src/sl_main_kernel.o
 .text.sli_main_kernel_start_task_initialize
                0x08209220       0x34 ./simplicity_sdk_2025.6.2/platform/service/sl_main/src/sl_main_kernel.o
                0x08209220                sli_main_kernel_start_task_initialize
 .text.sl_main_kernel_start
                0x08209254        0x4 ./simplicity_sdk_2025.6.2/platform/service/sl_main/src/sl_main_kernel.o
                0x08209254                sl_main_kernel_start
 .text.RSI_Board_Init
                0x08209258        0x2 ./wiseconnect3_sdk_3.5.2/components/board/silabs/src/rsi_board.o
                0x08209258                RSI_Board_Init
 .text.sl_redirect_log
                0x0820925a        0x6 ./wiseconnect3_sdk_3.5.2/components/common/src/sl_utility.o
                0x0820925a                sl_redirect_log
 .text.init_ipmu_calib_data
                0x08209260       0x54 ./wiseconnect3_sdk_3.5.2/components/device/silabs/si91x/mcu/core/chip/src/iPMU_prog/iPMU_dotc/ipmu_apis.o
                0x08209260                init_ipmu_calib_data
 .text.program_ipmu_data
                0x082092b4       0x54 ./wiseconnect3_sdk_3.5.2/components/device/silabs/si91x/mcu/core/chip/src/iPMU_prog/iPMU_dotc/ipmu_apis.o
                0x082092b4                program_ipmu_data
 .text.ipmu_init_mcu
                0x08209308       0x94 ./wiseconnect3_sdk_3.5.2/components/device/silabs/si91x/mcu/core/chip/src/iPMU_prog/iPMU_dotc/ipmu_apis.o
                0x08209308                ipmu_init_mcu
 .text.ipmu_init
                0x0820939c       0xa8 ./wiseconnect3_sdk_3.5.2/components/device/silabs/si91x/mcu/core/chip/src/iPMU_prog/iPMU_dotc/ipmu_apis.o
                0x0820939c                ipmu_init
 .text.configure_ipmu_mode
                0x08209444       0x38 ./wiseconnect3_sdk_3.5.2/components/device/silabs/si91x/mcu/core/chip/src/iPMU_prog/iPMU_dotc/ipmu_apis.o
                0x08209444                configure_ipmu_mode
 .text.Default_Handler
                0x0820947c        0x2 ./wiseconnect3_sdk_3.5.2/components/device/silabs/si91x/mcu/core/chip/src/startup_si91x.o
                0x0820947c                DebugMon_Handler
                0x0820947c                IRQ031_Handler
                0x0820947c                HardFault_Handler
                0x0820947c                IRQ095_Handler
                0x0820947c                IRQ065_Handler
                0x0820947c                IRQ093_Handler
                0x0820947c                NMI_Handler
                0x0820947c                IRQ014_Handler
                0x0820947c                IRQ027_Handler
                0x0820947c                IRQ062_Handler
                0x0820947c                IRQ097_Handler
                0x0820947c                IRQ088_Handler
                0x0820947c                IRQ034_Handler
                0x0820947c                IRQ071_Handler
                0x0820947c                IRQ067_Handler
                0x0820947c                IRQ070_Handler
                0x0820947c                IRQ077_Handler
                0x0820947c                IRQ028_Handler
                0x0820947c                IRQ063_Handler
                0x0820947c                IRQ076_Handler
                0x0820947c                UsageFault_Handler
                0x0820947c                IRQ023_Handler
                0x0820947c                IRQ009_Handler
                0x0820947c                IRQ048_Handler
                0x0820947c                IRQ083_Handler
                0x0820947c                IRQ089_Handler
                0x0820947c                HIF1_IRQHandler
                0x0820947c                IRQ037_Handler
                0x0820947c                IRQ072_Handler
                0x0820947c                IRQ008_Handler
                0x0820947c                IRQ047_Handler
                0x0820947c                IRQ082_Handler
                0x0820947c                IRQ007_Handler
                0x0820947c                IRQ046_Handler
                0x0820947c                IRQ081_Handler
                0x0820947c                IRQ004_Handler
                0x0820947c                IRQ043_Handler
                0x0820947c                IRQ002_Handler
                0x0820947c                IRQ041_Handler
                0x0820947c                IRQ098_Handler
                0x0820947c                IRQ000_Handler
                0x0820947c                IRQ005_Handler
                0x0820947c                IRQ044_Handler
                0x0820947c                IRQ049_Handler
                0x0820947c                IRQ084_Handler
                0x0820947c                IRQ006_Handler
                0x0820947c                IRQ045_Handler
                0x0820947c                IRQ080_Handler
                0x0820947c                IRQ015_Handler
                0x0820947c                MemManage_Handler
                0x0820947c                HIF2_IRQHandler
                0x0820947c                IRQ001_Handler
                0x0820947c                IRQ040_Handler
                0x0820947c                IRQ068_Handler
                0x0820947c                IRQ096_Handler
                0x0820947c                IRQ003_Handler
                0x0820947c                IRQ042_Handler
                0x0820947c                IRQ024_Handler
                0x0820947c                IRQ016_Handler
                0x0820947c                IRQ090_Handler
                0x0820947c                IRQ078_Handler
                0x0820947c                IRQ032_Handler
                0x0820947c                IRQ073_Handler
                0x0820947c                IRQ092_Handler
                0x0820947c                IRQ087_Handler
                0x0820947c                IRQ026_Handler
                0x0820947c                IRQ061_Handler
                0x0820947c                IRQ025_Handler
                0x0820947c                IRQ060_Handler
                0x0820947c                IRQ085_Handler
                0x0820947c                IRQ013_Handler
                0x0820947c                IRQ030_Handler
                0x0820947c                IRQ029_Handler
                0x0820947c                IRQ064_Handler
                0x0820947c                IRQ066_Handler
                0x0820947c                IRQ017_Handler
                0x0820947c                IRQ091_Handler
                0x0820947c                BusFault_Handler
                0x0820947c                IRQ069_Handler
                0x0820947c                IRQ075_Handler
                0x0820947c                IRQ086_Handler
                0x0820947c                IRQ094_Handler
                0x0820947c                IRQ079_Handler
 .text.Default_Reset_Handler
                0x0820947e        0x2 ./wiseconnect3_sdk_3.5.2/components/device/silabs/si91x/mcu/core/chip/src/startup_si91x.o
                0x0820947e                Default_Reset_Handler
                0x0820947e                Reset_Handler
 .text.Copy_Table
                0x08209480       0x24 ./wiseconnect3_sdk_3.5.2/components/device/silabs/si91x/mcu/core/chip/src/startup_si91x.o
                0x08209480                Copy_Table
 .text.Zero_Table
                0x082094a4       0x24 ./wiseconnect3_sdk_3.5.2/components/device/silabs/si91x/mcu/core/chip/src/startup_si91x.o
                0x082094a4                Zero_Table
 .text.RSI_Default_Reset_Handler
                0x082094c8       0x16 ./wiseconnect3_sdk_3.5.2/components/device/silabs/si91x/mcu/core/chip/src/startup_si91x.o
                0x082094c8                RSI_Default_Reset_Handler
 *fill*         0x082094de        0x2 
 .text.SystemCoreClockUpdate
                0x082094e0      0x128 ./wiseconnect3_sdk_3.5.2/components/device/silabs/si91x/mcu/core/chip/src/system_si91x.o
                0x082094e0                SystemCoreClockUpdate
 .text.fpuInit  0x08209608       0x44 ./wiseconnect3_sdk_3.5.2/components/device/silabs/si91x/mcu/core/chip/src/system_si91x.o
                0x08209608                fpuInit
 .text.SystemInit
                0x0820964c       0xe4 ./wiseconnect3_sdk_3.5.2/components/device/silabs/si91x/mcu/core/chip/src/system_si91x.o
                0x0820964c                SystemInit
 .text.__malloc_lock
                0x08209730       0x44 ./wiseconnect3_sdk_3.5.2/components/device/silabs/si91x/mcu/core/common/src/malloc_thread_safety.o
                0x08209730                __malloc_lock
 .text.__malloc_unlock
                0x08209774       0x20 ./wiseconnect3_sdk_3.5.2/components/device/silabs/si91x/mcu/core/common/src/malloc_thread_safety.o
                0x08209774                __malloc_unlock
 .text.ARM_UART_SignalEvent
                0x08209794       0x24 ./wiseconnect3_sdk_3.5.2/components/device/silabs/si91x/mcu/core/common/src/rsi_debug.o
                0x08209794                ARM_UART_SignalEvent
 .text.Board_Debug_Init
                0x082097b8       0x5c ./wiseconnect3_sdk_3.5.2/components/device/silabs/si91x/mcu/core/common/src/rsi_debug.o
                0x082097b8                Board_Debug_Init
 .text.Board_UARTGetChar
                0x08209814       0x30 ./wiseconnect3_sdk_3.5.2/components/device/silabs/si91x/mcu/core/common/src/rsi_debug.o
                0x08209814                Board_UARTGetChar
 .text.Board_UARTPutChar
                0x08209844       0x30 ./wiseconnect3_sdk_3.5.2/components/device/silabs/si91x/mcu/core/common/src/rsi_debug.o
                0x08209844                Board_UARTPutChar
 .text.read_exclude_space
                0x08209874       0x20 ./wiseconnect3_sdk_3.5.2/components/device/silabs/si91x/mcu/core/common/src/syscalls.o
 .text._getpid  0x08209894        0x4 ./wiseconnect3_sdk_3.5.2/components/device/silabs/si91x/mcu/core/common/src/syscalls.o
                0x08209894                _getpid
 .text._kill    0x08209898       0x10 ./wiseconnect3_sdk_3.5.2/components/device/silabs/si91x/mcu/core/common/src/syscalls.o
                0x08209898                _kill
 .text._exit    0x082098a8        0xc ./wiseconnect3_sdk_3.5.2/components/device/silabs/si91x/mcu/core/common/src/syscalls.o
                0x082098a8                _exit
 .text._write   0x082098b4       0x44 ./wiseconnect3_sdk_3.5.2/components/device/silabs/si91x/mcu/core/common/src/syscalls.o
                0x082098b4                _write
 .text._close   0x082098f8        0x6 ./wiseconnect3_sdk_3.5.2/components/device/silabs/si91x/mcu/core/common/src/syscalls.o
                0x082098f8                _close
 .text._fstat   0x082098fe        0xa ./wiseconnect3_sdk_3.5.2/components/device/silabs/si91x/mcu/core/common/src/syscalls.o
                0x082098fe                _fstat
 .text._isatty  0x08209908        0x4 ./wiseconnect3_sdk_3.5.2/components/device/silabs/si91x/mcu/core/common/src/syscalls.o
                0x08209908                _isatty
 .text._lseek   0x0820990c        0x4 ./wiseconnect3_sdk_3.5.2/components/device/silabs/si91x/mcu/core/common/src/syscalls.o
                0x0820990c                _lseek
 .text._read    0x08209910      0x300 ./wiseconnect3_sdk_3.5.2/components/device/silabs/si91x/mcu/core/common/src/syscalls.o
                0x08209910                _read
 .text.sl_si91x_device_init_nvic
                0x08209c10       0x18 ./wiseconnect3_sdk_3.5.2/components/device/silabs/si91x/mcu/core/config/src/rsi_nvic_priorities_config.o
                0x08209c10                sl_si91x_device_init_nvic
 .text.ARM_USARTx_GetVersion
                0x08209c28       0x20 ./wiseconnect3_sdk_3.5.2/components/device/silabs/si91x/mcu/drivers/cmsis_driver/USART.o
                0x08209c28                ARM_USARTx_GetVersion
 .text.ARM_ULP_UART_GetCapabilities
                0x08209c48        0xc ./wiseconnect3_sdk_3.5.2/components/device/silabs/si91x/mcu/drivers/cmsis_driver/USART.o
 .text.ARM_ULP_UART_GetModemStatus
                0x08209c54        0xc ./wiseconnect3_sdk_3.5.2/components/device/silabs/si91x/mcu/drivers/cmsis_driver/USART.o
 .text.ARM_ULP_UART_SetModemControl
                0x08209c60        0xc ./wiseconnect3_sdk_3.5.2/components/device/silabs/si91x/mcu/drivers/cmsis_driver/USART.o
 .text.ARM_ULP_UART_GetStatus
                0x08209c6c        0xc ./wiseconnect3_sdk_3.5.2/components/device/silabs/si91x/mcu/drivers/cmsis_driver/USART.o
 .text.ARM_ULP_UART_Control
                0x08209c78       0x34 ./wiseconnect3_sdk_3.5.2/components/device/silabs/si91x/mcu/drivers/cmsis_driver/USART.o
 .text.ARM_ULP_UART_GetRxCount
                0x08209cac        0xc ./wiseconnect3_sdk_3.5.2/components/device/silabs/si91x/mcu/drivers/cmsis_driver/USART.o
 .text.ARM_ULP_UART_GetTxCount
                0x08209cb8        0xc ./wiseconnect3_sdk_3.5.2/components/device/silabs/si91x/mcu/drivers/cmsis_driver/USART.o
 .text.ARM_ULP_UART_Transfer
                0x08209cc4       0x54 ./wiseconnect3_sdk_3.5.2/components/device/silabs/si91x/mcu/drivers/cmsis_driver/USART.o
 .text.ARM_ULP_UART_Receive
                0x08209d18       0x48 ./wiseconnect3_sdk_3.5.2/components/device/silabs/si91x/mcu/drivers/cmsis_driver/USART.o
 .text.ARM_ULP_UART_Send
                0x08209d60       0x48 ./wiseconnect3_sdk_3.5.2/components/device/silabs/si91x/mcu/drivers/cmsis_driver/USART.o
 .text.ARM_ULP_UART_PowerControl
                0x08209da8       0x18 ./wiseconnect3_sdk_3.5.2/components/device/silabs/si91x/mcu/drivers/cmsis_driver/USART.o
 .text.ARM_ULP_UART_Uninitialize
                0x08209dc0       0x1c ./wiseconnect3_sdk_3.5.2/components/device/silabs/si91x/mcu/drivers/cmsis_driver/USART.o
 .text.ARM_ULP_UART_Initialize
                0x08209ddc       0x30 ./wiseconnect3_sdk_3.5.2/components/device/silabs/si91x/mcu/drivers/cmsis_driver/USART.o
 .text.IRQ038_Handler
                0x08209e0c        0xc ./wiseconnect3_sdk_3.5.2/components/device/silabs/si91x/mcu/drivers/cmsis_driver/USART.o
                0x08209e0c                IRQ038_Handler
 .text.IRQ039_Handler
                0x08209e18        0xc ./wiseconnect3_sdk_3.5.2/components/device/silabs/si91x/mcu/drivers/cmsis_driver/USART.o
                0x08209e18                IRQ039_Handler
 .text.IRQ012_Handler
                0x08209e24        0xc ./wiseconnect3_sdk_3.5.2/components/device/silabs/si91x/mcu/drivers/cmsis_driver/USART.o
                0x08209e24                IRQ012_Handler
 .text.RSI_ULPUartHandler
                0x08209e30        0x4 ./wiseconnect3_sdk_3.5.2/components/device/silabs/si91x/mcu/drivers/cmsis_driver/USART.o
                0x08209e30                RSI_ULPUartHandler
 .text.RSI_AUX_RefVoltageConfig
                0x08209e34       0xe8 ./wiseconnect3_sdk_3.5.2/components/device/silabs/si91x/mcu/drivers/peripheral_drivers/src/aux_reference_volt_config.o
                0x08209e34                RSI_AUX_RefVoltageConfig
 .text.RSI_CLK_GetM4RefClock
                0x08209f1c       0x30 ./wiseconnect3_sdk_3.5.2/components/device/silabs/si91x/mcu/drivers/peripheral_drivers/src/clock_update.o
 .text.RSI_CLK_GetUlpssTouchClock
                0x08209f4c       0x48 ./wiseconnect3_sdk_3.5.2/components/device/silabs/si91x/mcu/drivers/peripheral_drivers/src/clock_update.o
 .text.RSI_CLK_GetQspi2Clock
                0x08209f94       0x50 ./wiseconnect3_sdk_3.5.2/components/device/silabs/si91x/mcu/drivers/peripheral_drivers/src/clock_update.o
 .text.RSI_CLK_GetUart1Clock
                0x08209fe4       0x74 ./wiseconnect3_sdk_3.5.2/components/device/silabs/si91x/mcu/drivers/peripheral_drivers/src/clock_update.o
 .text.RSI_CLK_GetBaseClock
                0x0820a058      0x334 ./wiseconnect3_sdk_3.5.2/components/device/silabs/si91x/mcu/drivers/peripheral_drivers/src/clock_update.o
                0x0820a058                RSI_CLK_GetBaseClock
 .text.RSI_EGPIO_HostPadsGpioModeDisable
                0x0820a38c       0x10 ./wiseconnect3_sdk_3.5.2/components/device/silabs/si91x/mcu/drivers/peripheral_drivers/src/rsi_adc.o
 .text.RSI_EGPIO_PadReceiverDisable
                0x0820a39c       0x10 ./wiseconnect3_sdk_3.5.2/components/device/silabs/si91x/mcu/drivers/peripheral_drivers/src/rsi_adc.o
 .text.RSI_EGPIO_UlpPadReceiverDisable
                0x0820a3ac       0x10 ./wiseconnect3_sdk_3.5.2/components/device/silabs/si91x/mcu/drivers/peripheral_drivers/src/rsi_adc.o
 .text.adc_dac_ceil
                0x0820a3bc       0x2a ./wiseconnect3_sdk_3.5.2/components/device/silabs/si91x/mcu/drivers/peripheral_drivers/src/rsi_adc.o
 *fill*         0x0820a3e6        0x2 
 .text.ADC_DMA_Transfer_Complete
                0x0820a3e8       0x10 ./wiseconnect3_sdk_3.5.2/components/device/silabs/si91x/mcu/drivers/peripheral_drivers/src/rsi_adc.o
                0x0820a3e8                ADC_DMA_Transfer_Complete
 .text.ADC_DMA_Error_Callback
                0x0820a3f8        0x4 ./wiseconnect3_sdk_3.5.2/components/device/silabs/si91x/mcu/drivers/peripheral_drivers/src/rsi_adc.o
                0x0820a3f8                ADC_DMA_Error_Callback
 .text.RSI_EGPIO_SetPinMux.constprop.0
                0x0820a3fc       0x1c ./wiseconnect3_sdk_3.5.2/components/device/silabs/si91x/mcu/drivers/peripheral_drivers/src/rsi_adc.o
 .text.RSI_ADC_PowerControl.part.0
                0x0820a418       0x40 ./wiseconnect3_sdk_3.5.2/components/device/silabs/si91x/mcu/drivers/peripheral_drivers/src/rsi_adc.o
 .text.ADC_Start
                0x0820a458       0x38 ./wiseconnect3_sdk_3.5.2/components/device/silabs/si91x/mcu/drivers/peripheral_drivers/src/rsi_adc.o
                0x0820a458                ADC_Start
 .text.cal_adc_channel_offset
                0x0820a490       0xa4 ./wiseconnect3_sdk_3.5.2/components/device/silabs/si91x/mcu/drivers/peripheral_drivers/src/rsi_adc.o
                0x0820a490                cal_adc_channel_offset
 .text.check_power_two
                0x0820a534       0x12 ./wiseconnect3_sdk_3.5.2/components/device/silabs/si91x/mcu/drivers/peripheral_drivers/src/rsi_adc.o
                0x0820a534                check_power_two
 .text.roundupto_pwr2
                0x0820a546       0x1e ./wiseconnect3_sdk_3.5.2/components/device/silabs/si91x/mcu/drivers/peripheral_drivers/src/rsi_adc.o
                0x0820a546                roundupto_pwr2
 .text.config_ch_freq
                0x0820a564      0x1a8 ./wiseconnect3_sdk_3.5.2/components/device/silabs/si91x/mcu/drivers/peripheral_drivers/src/rsi_adc.o
 .text.max_sample_rate_achive
                0x0820a70c       0x30 ./wiseconnect3_sdk_3.5.2/components/device/silabs/si91x/mcu/drivers/peripheral_drivers/src/rsi_adc.o
                0x0820a70c                max_sample_rate_achive
 .text.get_min_sampling_time
                0x0820a73c      0x2a0 ./wiseconnect3_sdk_3.5.2/components/device/silabs/si91x/mcu/drivers/peripheral_drivers/src/rsi_adc.o
                0x0820a73c                get_min_sampling_time
 .text.ADC_PinMux
                0x0820a9dc      0x39c ./wiseconnect3_sdk_3.5.2/components/device/silabs/si91x/mcu/drivers/peripheral_drivers/src/rsi_adc.o
                0x0820a9dc                ADC_PinMux
 .text.RSI_ADC_PingPongMemoryAdrConfig
                0x0820ad78       0xe0 ./wiseconnect3_sdk_3.5.2/components/device/silabs/si91x/mcu/drivers/peripheral_drivers/src/rsi_adc.o
                0x0820ad78                RSI_ADC_PingPongMemoryAdrConfig
 .text.RSI_ADC_PingPongReInit
                0x0820ae58       0x60 ./wiseconnect3_sdk_3.5.2/components/device/silabs/si91x/mcu/drivers/peripheral_drivers/src/rsi_adc.o
                0x0820ae58                RSI_ADC_PingPongReInit
 .text.RSI_ADC_Calibration
                0x0820aeb8       0xb8 ./wiseconnect3_sdk_3.5.2/components/device/silabs/si91x/mcu/drivers/peripheral_drivers/src/rsi_adc.o
                0x0820aeb8                RSI_ADC_Calibration
 .text.ADC_Init
                0x0820af70      0x140 ./wiseconnect3_sdk_3.5.2/components/device/silabs/si91x/mcu/drivers/peripheral_drivers/src/rsi_adc.o
                0x0820af70                ADC_Init
 .text.ADC_Per_Channel_Init
                0x0820b0b0      0x144 ./wiseconnect3_sdk_3.5.2/components/device/silabs/si91x/mcu/drivers/peripheral_drivers/src/rsi_adc.o
                0x0820b0b0                ADC_Per_Channel_Init
 .text.RSI_ADC_PingpongEnable
                0x0820b1f4       0x28 ./wiseconnect3_sdk_3.5.2/components/device/silabs/si91x/mcu/drivers/peripheral_drivers/src/rsi_adc.o
                0x0820b1f4                RSI_ADC_PingpongEnable
 .text.RSI_ADC_InternalPerChnlDmaEnable
                0x0820b21c       0x2a ./wiseconnect3_sdk_3.5.2/components/device/silabs/si91x/mcu/drivers/peripheral_drivers/src/rsi_adc.o
                0x0820b21c                RSI_ADC_InternalPerChnlDmaEnable
 .text.RSI_ADC_ChannelConfig
                0x0820b246       0x68 ./wiseconnect3_sdk_3.5.2/components/device/silabs/si91x/mcu/drivers/peripheral_drivers/src/rsi_adc.o
                0x0820b246                RSI_ADC_ChannelConfig
 *fill*         0x0820b2ae        0x2 
 .text.RSI_ADC_Stop
                0x0820b2b0       0x2c ./wiseconnect3_sdk_3.5.2/components/device/silabs/si91x/mcu/drivers/peripheral_drivers/src/rsi_adc.o
                0x0820b2b0                RSI_ADC_Stop
 .text.ADC_Stop
                0x0820b2dc       0x10 ./wiseconnect3_sdk_3.5.2/components/device/silabs/si91x/mcu/drivers/peripheral_drivers/src/rsi_adc.o
                0x0820b2dc                ADC_Stop
 .text.RSI_ADC_ChnlEnable
                0x0820b2ec       0x40 ./wiseconnect3_sdk_3.5.2/components/device/silabs/si91x/mcu/drivers/peripheral_drivers/src/rsi_adc.o
                0x0820b2ec                RSI_ADC_ChnlEnable
 .text.RSI_ADC_ClkDivfactor
                0x0820b32c       0x34 ./wiseconnect3_sdk_3.5.2/components/device/silabs/si91x/mcu/drivers/peripheral_drivers/src/rsi_adc.o
                0x0820b32c                RSI_ADC_ClkDivfactor
 .text.RSI_ADC_ChnlIntrUnMask
                0x0820b360       0x58 ./wiseconnect3_sdk_3.5.2/components/device/silabs/si91x/mcu/drivers/peripheral_drivers/src/rsi_adc.o
                0x0820b360                RSI_ADC_ChnlIntrUnMask
 .text.RSI_ADC_ChnlIntrClr
                0x0820b3b8       0x36 ./wiseconnect3_sdk_3.5.2/components/device/silabs/si91x/mcu/drivers/peripheral_drivers/src/rsi_adc.o
                0x0820b3b8                RSI_ADC_ChnlIntrClr
 *fill*         0x0820b3ee        0x2 
 .text.RSI_ADC_PowerControl
                0x0820b3f0       0x54 ./wiseconnect3_sdk_3.5.2/components/device/silabs/si91x/mcu/drivers/peripheral_drivers/src/rsi_adc.o
                0x0820b3f0                RSI_ADC_PowerControl
 .text.ADC_Deinit
                0x0820b444       0x3c ./wiseconnect3_sdk_3.5.2/components/device/silabs/si91x/mcu/drivers/peripheral_drivers/src/rsi_adc.o
                0x0820b444                ADC_Deinit
 .text.RSI_ADC_NoiseAvgMode
                0x0820b480       0x20 ./wiseconnect3_sdk_3.5.2/components/device/silabs/si91x/mcu/drivers/peripheral_drivers/src/rsi_adc.o
                0x0820b480                RSI_ADC_NoiseAvgMode
 .text.ADC_ChannelConfig
                0x0820b4a0      0x338 ./wiseconnect3_sdk_3.5.2/components/device/silabs/si91x/mcu/drivers/peripheral_drivers/src/rsi_adc.o
                0x0820b4a0                ADC_ChannelConfig
 .text.ADC_Per_ChannelConfig
                0x0820b7d8      0x394 ./wiseconnect3_sdk_3.5.2/components/device/silabs/si91x/mcu/drivers/peripheral_drivers/src/rsi_adc.o
                0x0820b7d8                ADC_Per_ChannelConfig
 .text.RSI_ADC_TempSensorEnable
                0x0820bb6c       0x10 ./wiseconnect3_sdk_3.5.2/components/device/silabs/si91x/mcu/drivers/peripheral_drivers/src/rsi_adc.o
                0x0820bb6c                RSI_ADC_TempSensorEnable
 .text.RSI_ADC_InterruptHandler
                0x0820bb7c       0xf4 ./wiseconnect3_sdk_3.5.2/components/device/silabs/si91x/mcu/drivers/peripheral_drivers/src/rsi_adc.o
                0x0820bb7c                RSI_ADC_InterruptHandler
 .text.IRQ011_Handler
                0x0820bc70        0xc ./wiseconnect3_sdk_3.5.2/components/device/silabs/si91x/mcu/drivers/peripheral_drivers/src/rsi_adc.o
                0x0820bc70                IRQ011_Handler
 .text.RSI_ADC_GainOffsetCal
                0x0820bc7c       0x6c ./wiseconnect3_sdk_3.5.2/components/device/silabs/si91x/mcu/drivers/peripheral_drivers/src/rsi_adc.o
                0x0820bc7c                RSI_ADC_GainOffsetCal
 .text.RSI_ADC_ReadDataStatic
                0x0820bce8       0x14 ./wiseconnect3_sdk_3.5.2/components/device/silabs/si91x/mcu/drivers/peripheral_drivers/src/rsi_adc.o
                0x0820bce8                RSI_ADC_ReadDataStatic
 .text.RSI_DAC_InterruptMask
                0x0820bcfc       0x1e ./wiseconnect3_sdk_3.5.2/components/device/silabs/si91x/mcu/drivers/peripheral_drivers/src/rsi_dac.o
                0x0820bcfc                RSI_DAC_InterruptMask
 .text.RSI_OPAMP1_Config
                0x0820bd1a       0xc6 ./wiseconnect3_sdk_3.5.2/components/device/silabs/si91x/mcu/drivers/peripheral_drivers/src/rsi_opamp.o
                0x0820bd1a                RSI_OPAMP1_Config
 .text.RSI_EGPIO_SetPinMux
                0x0820bde0       0x14 ./wiseconnect3_sdk_3.5.2/components/device/silabs/si91x/mcu/drivers/peripheral_drivers/src/rsi_usart.o
 .text.RSI_EGPIO_UlpSocGpioMode.constprop.0
                0x0820bdf4       0x18 ./wiseconnect3_sdk_3.5.2/components/device/silabs/si91x/mcu/drivers/peripheral_drivers/src/rsi_usart.o
 .text.UDMAx_ChannelDisable.isra.0
                0x0820be0c        0xc ./wiseconnect3_sdk_3.5.2/components/device/silabs/si91x/mcu/drivers/peripheral_drivers/src/rsi_usart.o
 .text.configure_usart_gpio_pin
                0x0820be18      0x1ac ./wiseconnect3_sdk_3.5.2/components/device/silabs/si91x/mcu/drivers/peripheral_drivers/src/rsi_usart.o
 .text.UartIrqHandler
                0x0820bfc4      0x200 ./wiseconnect3_sdk_3.5.2/components/device/silabs/si91x/mcu/drivers/peripheral_drivers/src/rsi_usart.o
                0x0820bfc4                UartIrqHandler
 .text.USART_SetBaudrate
                0x0820c1c4       0x50 ./wiseconnect3_sdk_3.5.2/components/device/silabs/si91x/mcu/drivers/peripheral_drivers/src/rsi_usart.o
                0x0820c1c4                USART_SetBaudrate
 .text.USART_Initialize
                0x0820c214      0x120 ./wiseconnect3_sdk_3.5.2/components/device/silabs/si91x/mcu/drivers/peripheral_drivers/src/rsi_usart.o
                0x0820c214                USART_Initialize
 .text.USART_Uninitialize
                0x0820c334       0xa0 ./wiseconnect3_sdk_3.5.2/components/device/silabs/si91x/mcu/drivers/peripheral_drivers/src/rsi_usart.o
                0x0820c334                USART_Uninitialize
 .text.USART_PowerControl
                0x0820c3d4      0x150 ./wiseconnect3_sdk_3.5.2/components/device/silabs/si91x/mcu/drivers/peripheral_drivers/src/rsi_usart.o
                0x0820c3d4                USART_PowerControl
 .text.USART_Send_Data
                0x0820c524      0x15c ./wiseconnect3_sdk_3.5.2/components/device/silabs/si91x/mcu/drivers/peripheral_drivers/src/rsi_usart.o
                0x0820c524                USART_Send_Data
 .text.USART_Receive_Data
                0x0820c680      0x13c ./wiseconnect3_sdk_3.5.2/components/device/silabs/si91x/mcu/drivers/peripheral_drivers/src/rsi_usart.o
                0x0820c680                USART_Receive_Data
 .text.USART_Transfer
                0x0820c7bc       0x72 ./wiseconnect3_sdk_3.5.2/components/device/silabs/si91x/mcu/drivers/peripheral_drivers/src/rsi_usart.o
                0x0820c7bc                USART_Transfer
 .text.USART_GetTxCount
                0x0820c82e        0x6 ./wiseconnect3_sdk_3.5.2/components/device/silabs/si91x/mcu/drivers/peripheral_drivers/src/rsi_usart.o
                0x0820c82e                USART_GetTxCount
 .text.USART_GetRxCount
                0x0820c834        0x6 ./wiseconnect3_sdk_3.5.2/components/device/silabs/si91x/mcu/drivers/peripheral_drivers/src/rsi_usart.o
                0x0820c834                USART_GetRxCount
 *fill*         0x0820c83a        0x2 
 .text.USART_Control
                0x0820c83c      0x47c ./wiseconnect3_sdk_3.5.2/components/device/silabs/si91x/mcu/drivers/peripheral_drivers/src/rsi_usart.o
                0x0820c83c                USART_Control
 .text.USART_GetStatus
                0x0820ccb8       0x42 ./wiseconnect3_sdk_3.5.2/components/device/silabs/si91x/mcu/drivers/peripheral_drivers/src/rsi_usart.o
                0x0820ccb8                USART_GetStatus
 *fill*         0x0820ccfa        0x2 
 .text.USART_SetModemControl
                0x0820ccfc       0x80 ./wiseconnect3_sdk_3.5.2/components/device/silabs/si91x/mcu/drivers/peripheral_drivers/src/rsi_usart.o
                0x0820ccfc                USART_SetModemControl
 .text.USART_GetModemStatus
                0x0820cd7c       0x60 ./wiseconnect3_sdk_3.5.2/components/device/silabs/si91x/mcu/drivers/peripheral_drivers/src/rsi_usart.o
                0x0820cd7c                USART_GetModemStatus
 .text.convert_rsi_to_sl_error_code
                0x0820cddc       0x58 ./wiseconnect3_sdk_3.5.2/components/device/silabs/si91x/mcu/drivers/service/clock_manager/src/sl_si91x_clock_manager.o
 .text.RSI_CLK_IntfPLLTurnOn.isra.0
                0x0820ce34        0xc ./wiseconnect3_sdk_3.5.2/components/device/silabs/si91x/mcu/drivers/service/clock_manager/src/sl_si91x_clock_manager.o
 .text.RSI_CLK_I2sPllTurnOn.isra.0
                0x0820ce40        0xc ./wiseconnect3_sdk_3.5.2/components/device/silabs/si91x/mcu/drivers/service/clock_manager/src/sl_si91x_clock_manager.o
 .text.RSI_CLK_SocPllTurnOn.isra.0
                0x0820ce4c        0xc ./wiseconnect3_sdk_3.5.2/components/device/silabs/si91x/mcu/drivers/service/clock_manager/src/sl_si91x_clock_manager.o
 .text.sl_si91x_clock_manager_set_pll_freq
                0x0820ce58      0x150 ./wiseconnect3_sdk_3.5.2/components/device/silabs/si91x/mcu/drivers/service/clock_manager/src/sl_si91x_clock_manager.o
                0x0820ce58                sl_si91x_clock_manager_set_pll_freq
 .text.sl_si91x_clock_manager_m4_set_core_clk.part.0
                0x0820cfa8       0x8c ./wiseconnect3_sdk_3.5.2/components/device/silabs/si91x/mcu/drivers/service/clock_manager/src/sl_si91x_clock_manager.o
 .text.sl_si91x_clock_manager_init
                0x0820d034       0x2c ./wiseconnect3_sdk_3.5.2/components/device/silabs/si91x/mcu/drivers/service/clock_manager/src/sl_si91x_clock_manager.o
                0x0820d034                sl_si91x_clock_manager_init
 .text.rsi_flash_uninitialize
                0x0820d060        0x2 ./wiseconnect3_sdk_3.5.2/components/device/silabs/si91x/mcu/drivers/service/nvm3/src/sl_si91x_common_flash_intf.o
                0x0820d060                rsi_flash_uninitialize
 .text.rsi_flash_init
                0x0820d062        0x2 ./wiseconnect3_sdk_3.5.2/components/device/silabs/si91x/mcu/drivers/service/nvm3/src/sl_si91x_common_flash_intf.o
                0x0820d062                rsi_flash_init
 .text.rsi_flash_erase_sector
                0x0820d064       0x1e ./wiseconnect3_sdk_3.5.2/components/device/silabs/si91x/mcu/drivers/service/nvm3/src/sl_si91x_common_flash_intf.o
                0x0820d064                rsi_flash_erase_sector
 .text.rsi_flash_write
                0x0820d082        0x8 ./wiseconnect3_sdk_3.5.2/components/device/silabs/si91x/mcu/drivers/service/nvm3/src/sl_si91x_common_flash_intf.o
                0x0820d082                rsi_flash_write
 .text.rsi_flash_read
                0x0820d08a       0x12 ./wiseconnect3_sdk_3.5.2/components/device/silabs/si91x/mcu/drivers/service/nvm3/src/sl_si91x_common_flash_intf.o
                0x0820d08a                rsi_flash_read
 .text.nvm3_lockBegin
                0x0820d09c       0x28 ./wiseconnect3_sdk_3.5.2/components/device/silabs/si91x/mcu/drivers/service/nvm3/src/sl_si91x_common_flash_intf.o
                0x0820d09c                nvm3_lockBegin
 .text.nvm3_lockEnd
                0x0820d0c4        0xc ./wiseconnect3_sdk_3.5.2/components/device/silabs/si91x/mcu/drivers/service/nvm3/src/sl_si91x_common_flash_intf.o
                0x0820d0c4                nvm3_lockEnd
 .text.nvm3_halFlashGetInfo
                0x0820d0d0       0x1c ./wiseconnect3_sdk_3.5.2/components/device/silabs/si91x/mcu/drivers/service/nvm3/src/sl_si91x_nvm3_hal_flash.o
 .text.nvm3_halFlashAccess
                0x0820d0ec        0x2 ./wiseconnect3_sdk_3.5.2/components/device/silabs/si91x/mcu/drivers/service/nvm3/src/sl_si91x_nvm3_hal_flash.o
 .text.nvm3_halFlashWriteWords
                0x0820d0ee       0x2e ./wiseconnect3_sdk_3.5.2/components/device/silabs/si91x/mcu/drivers/service/nvm3/src/sl_si91x_nvm3_hal_flash.o
 .text.nvm3_halFlashReadWords
                0x0820d11c        0x6 ./wiseconnect3_sdk_3.5.2/components/device/silabs/si91x/mcu/drivers/service/nvm3/src/sl_si91x_nvm3_hal_flash.o
 .text.nvm3_halFlashClose
                0x0820d122        0x4 ./wiseconnect3_sdk_3.5.2/components/device/silabs/si91x/mcu/drivers/service/nvm3/src/sl_si91x_nvm3_hal_flash.o
 *fill*         0x0820d126        0x2 
 .text.nvm3_halFlashOpen
                0x0820d128       0x18 ./wiseconnect3_sdk_3.5.2/components/device/silabs/si91x/mcu/drivers/service/nvm3/src/sl_si91x_nvm3_hal_flash.o
 .text.nvm3_halFlashPageErase
                0x0820d140       0x2e ./wiseconnect3_sdk_3.5.2/components/device/silabs/si91x/mcu/drivers/service/nvm3/src/sl_si91x_nvm3_hal_flash.o
 *fill*         0x0820d16e        0x2 
 .text.RSI_BOD_IntrClr
                0x0820d170       0x1c ./wiseconnect3_sdk_3.5.2/components/device/silabs/si91x/mcu/drivers/systemlevel/src/rsi_bod.o
                0x0820d170                RSI_BOD_IntrClr
 .text.RSI_BOD_SoftTriggerGetBatteryStatus
                0x0820d18c       0xc8 ./wiseconnect3_sdk_3.5.2/components/device/silabs/si91x/mcu/drivers/systemlevel/src/rsi_bod.o
                0x0820d18c                RSI_BOD_SoftTriggerGetBatteryStatus
 .text.RSI_IPMU_UpdateIpmuCalibData_efuse
                0x0820d254      0x300 ./wiseconnect3_sdk_3.5.2/components/device/silabs/si91x/mcu/drivers/systemlevel/src/rsi_ipmu.o
                0x0820d254                RSI_IPMU_UpdateIpmuCalibData_efuse
 .text.RSI_Ipmu_Init
                0x0820d554        0x4 ./wiseconnect3_sdk_3.5.2/components/device/silabs/si91x/mcu/drivers/systemlevel/src/rsi_ipmu.o
                0x0820d554                RSI_Ipmu_Init
 .text.RSI_Configure_Ipmu_Mode
                0x0820d558       0x74 ./wiseconnect3_sdk_3.5.2/components/device/silabs/si91x/mcu/drivers/systemlevel/src/rsi_ipmu.o
                0x0820d558                RSI_Configure_Ipmu_Mode
 .text.RSI_IPMU_PowerGateSet
                0x0820d5cc       0x34 ./wiseconnect3_sdk_3.5.2/components/device/silabs/si91x/mcu/drivers/systemlevel/src/rsi_ipmu.o
                0x0820d5cc                RSI_IPMU_PowerGateSet
 .text.RSI_IPMU_PowerGateClr
                0x0820d600       0x4c ./wiseconnect3_sdk_3.5.2/components/device/silabs/si91x/mcu/drivers/systemlevel/src/rsi_ipmu.o
                0x0820d600                RSI_IPMU_PowerGateClr
 .text.RSI_IPMU_ClockMuxSel
                0x0820d64c       0x40 ./wiseconnect3_sdk_3.5.2/components/device/silabs/si91x/mcu/drivers/systemlevel/src/rsi_ipmu.o
                0x0820d64c                RSI_IPMU_ClockMuxSel
 .text.RSI_IPMU_ProgramConfigData
                0x0820d68c       0x6e ./wiseconnect3_sdk_3.5.2/components/device/silabs/si91x/mcu/drivers/systemlevel/src/rsi_ipmu.o
                0x0820d68c                RSI_IPMU_ProgramConfigData
 .text.RSI_APB_ProgramConfigData
                0x0820d6fa       0x4a ./wiseconnect3_sdk_3.5.2/components/device/silabs/si91x/mcu/drivers/systemlevel/src/rsi_ipmu.o
                0x0820d6fa                RSI_APB_ProgramConfigData
 .text.RSI_IPMU_Retn_Voltage_To_Default
                0x0820d744       0x10 ./wiseconnect3_sdk_3.5.2/components/device/silabs/si91x/mcu/drivers/systemlevel/src/rsi_ipmu.o
                0x0820d744                RSI_IPMU_Retn_Voltage_To_Default
 .text.RSI_IPMU_Set_Higher_Pwm_Ro_Frequency_Mode_to_PMU
                0x0820d754       0x14 ./wiseconnect3_sdk_3.5.2/components/device/silabs/si91x/mcu/drivers/systemlevel/src/rsi_ipmu.o
                0x0820d754                RSI_IPMU_Set_Higher_Pwm_Ro_Frequency_Mode_to_PMU
 .text.RSI_IPMU_M32rc_OscTrimEfuse
                0x0820d768       0x28 ./wiseconnect3_sdk_3.5.2/components/device/silabs/si91x/mcu/drivers/systemlevel/src/rsi_ipmu.o
                0x0820d768                RSI_IPMU_M32rc_OscTrimEfuse
 .text.RSI_IPMU_DBLR32M_TrimEfuse
                0x0820d790       0x18 ./wiseconnect3_sdk_3.5.2/components/device/silabs/si91x/mcu/drivers/systemlevel/src/rsi_ipmu.o
                0x0820d790                RSI_IPMU_DBLR32M_TrimEfuse
 .text.RSI_IPMU_M20roOsc_TrimEfuse
                0x0820d7a8       0x28 ./wiseconnect3_sdk_3.5.2/components/device/silabs/si91x/mcu/drivers/systemlevel/src/rsi_ipmu.o
                0x0820d7a8                RSI_IPMU_M20roOsc_TrimEfuse
 .text.RSI_IPMU_RO32khz_TrimEfuse
                0x0820d7d0       0x18 ./wiseconnect3_sdk_3.5.2/components/device/silabs/si91x/mcu/drivers/systemlevel/src/rsi_ipmu.o
                0x0820d7d0                RSI_IPMU_RO32khz_TrimEfuse
 .text.RSI_IPMU_RC32khz_TrimEfuse
                0x0820d7e8       0x18 ./wiseconnect3_sdk_3.5.2/components/device/silabs/si91x/mcu/drivers/systemlevel/src/rsi_ipmu.o
                0x0820d7e8                RSI_IPMU_RC32khz_TrimEfuse
 .text.RSI_IPMU_Vbg_Tsbjt_Efuse
                0x0820d800        0xc ./wiseconnect3_sdk_3.5.2/components/device/silabs/si91x/mcu/drivers/systemlevel/src/rsi_ipmu.o
                0x0820d800                RSI_IPMU_Vbg_Tsbjt_Efuse
 .text.RSI_IPMU_Auxadcoff_DiffEfuse
                0x0820d80c        0xc ./wiseconnect3_sdk_3.5.2/components/device/silabs/si91x/mcu/drivers/systemlevel/src/rsi_ipmu.o
                0x0820d80c                RSI_IPMU_Auxadcoff_DiffEfuse
 .text.RSI_IPMU_Auxadcgain_DiffEfuse
                0x0820d818        0xc ./wiseconnect3_sdk_3.5.2/components/device/silabs/si91x/mcu/drivers/systemlevel/src/rsi_ipmu.o
                0x0820d818                RSI_IPMU_Auxadcgain_DiffEfuse
 .text.RSI_IPMU_Auxadcoff_SeEfuse
                0x0820d824        0xc ./wiseconnect3_sdk_3.5.2/components/device/silabs/si91x/mcu/drivers/systemlevel/src/rsi_ipmu.o
                0x0820d824                RSI_IPMU_Auxadcoff_SeEfuse
 .text.RSI_IPMU_Auxadcgain_SeEfuse
                0x0820d830        0xc ./wiseconnect3_sdk_3.5.2/components/device/silabs/si91x/mcu/drivers/systemlevel/src/rsi_ipmu.o
                0x0820d830                RSI_IPMU_Auxadcgain_SeEfuse
 .text.RSI_IPMU_Delvbe_Tsbjt_Efuse
                0x0820d83c        0xc ./wiseconnect3_sdk_3.5.2/components/device/silabs/si91x/mcu/drivers/systemlevel/src/rsi_ipmu.o
                0x0820d83c                RSI_IPMU_Delvbe_Tsbjt_Efuse
 .text._usdelay
                0x0820d848        0x6 ./wiseconnect3_sdk_3.5.2/components/device/silabs/si91x/mcu/drivers/systemlevel/src/rsi_pll.o
 *fill*         0x0820d84e        0x2 
 .text.clk_m4_soc_clk_config
                0x0820d850       0xc8 ./wiseconnect3_sdk_3.5.2/components/device/silabs/si91x/mcu/drivers/systemlevel/src/rsi_pll.o
                0x0820d850                clk_m4_soc_clk_config
 .text.ulpss_enable_ref_clks
                0x0820d918       0xf8 ./wiseconnect3_sdk_3.5.2/components/device/silabs/si91x/mcu/drivers/systemlevel/src/rsi_pll.o
                0x0820d918                ulpss_enable_ref_clks
 .text.clk_m4ss_ref_clk_config
                0x0820da10       0xcc ./wiseconnect3_sdk_3.5.2/components/device/silabs/si91x/mcu/drivers/systemlevel/src/rsi_pll.o
                0x0820da10                clk_m4ss_ref_clk_config
 .text.ulpss_ref_clk_config
                0x0820dadc       0xbc ./wiseconnect3_sdk_3.5.2/components/device/silabs/si91x/mcu/drivers/systemlevel/src/rsi_ulpss_clk.o
                0x0820dadc                ulpss_ref_clk_config
 .text.RSI_WWDT_IntrClear
                0x0820db98       0x14 ./wiseconnect3_sdk_3.5.2/components/device/silabs/si91x/mcu/drivers/systemlevel/src/rsi_wwdt.o
                0x0820db98                RSI_WWDT_IntrClear
 .text.convert_rsi_to_sl_error_code
                0x0820dbac       0x58 ./wiseconnect3_sdk_3.5.2/components/device/silabs/si91x/mcu/drivers/unified_api/src/sl_si91x_adc.o
 .text.validate_adc_parameters
                0x0820dc04       0x18 ./wiseconnect3_sdk_3.5.2/components/device/silabs/si91x/mcu/drivers/unified_api/src/sl_si91x_adc.o
 .text.validate_adc_channel_parameters
                0x0820dc1c       0xa4 ./wiseconnect3_sdk_3.5.2/components/device/silabs/si91x/mcu/drivers/unified_api/src/sl_si91x_adc.o
 .text.callback_event_handler
                0x0820dcc0       0x14 ./wiseconnect3_sdk_3.5.2/components/device/silabs/si91x/mcu/drivers/unified_api/src/sl_si91x_adc.o
 .text.sl_si91x_adc_get_chip_voltage
                0x0820dcd4       0x34 ./wiseconnect3_sdk_3.5.2/components/device/silabs/si91x/mcu/drivers/unified_api/src/sl_si91x_adc.o
                0x0820dcd4                sl_si91x_adc_get_chip_voltage
 .text.sl_si91x_adc_init
                0x0820dd08       0xfc ./wiseconnect3_sdk_3.5.2/components/device/silabs/si91x/mcu/drivers/unified_api/src/sl_si91x_adc.o
                0x0820dd08                sl_si91x_adc_init
 .text.sl_si91x_adc_set_channel_configuration
                0x0820de04       0x70 ./wiseconnect3_sdk_3.5.2/components/device/silabs/si91x/mcu/drivers/unified_api/src/sl_si91x_adc.o
                0x0820de04                sl_si91x_adc_set_channel_configuration
 .text.sl_si91x_adc_register_event_callback
                0x0820de74       0x1c ./wiseconnect3_sdk_3.5.2/components/device/silabs/si91x/mcu/drivers/unified_api/src/sl_si91x_adc.o
                0x0820de74                sl_si91x_adc_register_event_callback
 .text.sl_si91x_adc_temperature_sensor_enable
                0x0820de90       0x14 ./wiseconnect3_sdk_3.5.2/components/device/silabs/si91x/mcu/drivers/unified_api/src/sl_si91x_adc.o
                0x0820de90                sl_si91x_adc_temperature_sensor_enable
 .text.sl_si91x_adc_start
                0x0820dea4       0x1e ./wiseconnect3_sdk_3.5.2/components/device/silabs/si91x/mcu/drivers/unified_api/src/sl_si91x_adc.o
                0x0820dea4                sl_si91x_adc_start
 .text.sl_si91x_adc_stop
                0x0820dec2       0x1e ./wiseconnect3_sdk_3.5.2/components/device/silabs/si91x/mcu/drivers/unified_api/src/sl_si91x_adc.o
                0x0820dec2                sl_si91x_adc_stop
 .text.sl_si91x_adc_deinit
                0x0820dee0       0x28 ./wiseconnect3_sdk_3.5.2/components/device/silabs/si91x/mcu/drivers/unified_api/src/sl_si91x_adc.o
                0x0820dee0                sl_si91x_adc_deinit
 .text.callback_event
                0x0820df08       0x10 ./wiseconnect3_sdk_3.5.2/components/device/silabs/si91x/mcu/drivers/unified_api/src/sl_si91x_bjt_temperature_sensor.o
 .text.validate_bjt_channel_parameters
                0x0820df18       0x28 ./wiseconnect3_sdk_3.5.2/components/device/silabs/si91x/mcu/drivers/unified_api/src/sl_si91x_bjt_temperature_sensor.o
 .text.sl_si91x_bjt_temperature_sensor_init
                0x0820df40       0x8c ./wiseconnect3_sdk_3.5.2/components/device/silabs/si91x/mcu/drivers/unified_api/src/sl_si91x_bjt_temperature_sensor.o
                0x0820df40                sl_si91x_bjt_temperature_sensor_init
 .text.sl_si91x_bjt_temperature_sensor_bg_set_channel_configuration
                0x0820dfcc       0x68 ./wiseconnect3_sdk_3.5.2/components/device/silabs/si91x/mcu/drivers/unified_api/src/sl_si91x_bjt_temperature_sensor.o
                0x0820dfcc                sl_si91x_bjt_temperature_sensor_bg_set_channel_configuration
 .text.sl_si91x_bjt_temperature_sensor_set_channel_configuration
                0x0820e034       0x4c ./wiseconnect3_sdk_3.5.2/components/device/silabs/si91x/mcu/drivers/unified_api/src/sl_si91x_bjt_temperature_sensor.o
                0x0820e034                sl_si91x_bjt_temperature_sensor_set_channel_configuration
 .text.sl_si91x_bjt_temperature_sensor_read_data
                0x0820e080      0x160 ./wiseconnect3_sdk_3.5.2/components/device/silabs/si91x/mcu/drivers/unified_api/src/sl_si91x_bjt_temperature_sensor.o
                0x0820e080                sl_si91x_bjt_temperature_sensor_read_data
 .text.sl_si91x_bjt_temperature_sensor_deinit
                0x0820e1e0       0x44 ./wiseconnect3_sdk_3.5.2/components/device/silabs/si91x/mcu/drivers/unified_api/src/sl_si91x_bjt_temperature_sensor.o
                0x0820e1e0                sl_si91x_bjt_temperature_sensor_deinit
 .text.sl_si91x_dma_init
                0x0820e224       0x70 ./wiseconnect3_sdk_3.5.2/components/device/silabs/si91x/mcu/drivers/unified_api/src/sl_si91x_dma.o
                0x0820e224                sl_si91x_dma_init
 .text.sl_si91x_dma_allocate_channel
                0x0820e294       0xdc ./wiseconnect3_sdk_3.5.2/components/device/silabs/si91x/mcu/drivers/unified_api/src/sl_si91x_dma.o
                0x0820e294                sl_si91x_dma_allocate_channel
 .text.sl_si91x_dma_register_callbacks
                0x0820e370       0x5c ./wiseconnect3_sdk_3.5.2/components/device/silabs/si91x/mcu/drivers/unified_api/src/sl_si91x_dma.o
                0x0820e370                sl_si91x_dma_register_callbacks