Archive member included to satisfy reference by file (symbol)

c:/siliconlabs/simplicitystudio/v5/developer/toolchains/gnu_arm/12.2.rel1_2023.7/bin/../lib/gcc/arm-none-eabi/12.2.1/thumb/v7e-m+fp/softfp\libgcc.a(_arm_muldf3.o)
                              ./iotcasa/third_party_components/cjson/cJSON.o (__aeabi_dmul)
c:/siliconlabs/simplicitystudio/v5/developer/toolchains/gnu_arm/12.2.rel1_2023.7/bin/../lib/gcc/arm-none-eabi/12.2.1/thumb/v7e-m+fp/softfp\libgcc.a(_arm_addsubdf3.o)
                              ./iotcasa/third_party_components/cjson/cJSON.o (__aeabi_dsub)
c:/siliconlabs/simplicitystudio/v5/developer/toolchains/gnu_arm/12.2.rel1_2023.7/bin/../lib/gcc/arm-none-eabi/12.2.1/thumb/v7e-m+fp/softfp\libgcc.a(_arm_muldivdf3.o)
                              ./wiseconnect3_sdk_3.5.2/components/device/silabs/si91x/mcu/drivers/peripheral_drivers/src/clock_update.o (__aeabi_ddiv)
c:/siliconlabs/simplicitystudio/v5/developer/toolchains/gnu_arm/12.2.rel1_2023.7/bin/../lib/gcc/arm-none-eabi/12.2.1/thumb/v7e-m+fp/softfp\libgcc.a(_arm_cmpdf2.o)
                              ./iotcasa/third_party_components/cjson/cJSON.o (__aeabi_dcmpeq)
c:/siliconlabs/simplicitystudio/v5/developer/toolchains/gnu_arm/12.2.rel1_2023.7/bin/../lib/gcc/arm-none-eabi/12.2.1/thumb/v7e-m+fp/softfp\libgcc.a(_arm_unorddf2.o)
                              ./iotcasa/third_party_components/cjson/cJSON.o (__aeabi_dcmpun)
c:/siliconlabs/simplicitystudio/v5/developer/toolchains/gnu_arm/12.2.rel1_2023.7/bin/../lib/gcc/arm-none-eabi/12.2.1/thumb/v7e-m+fp/softfp\libgcc.a(_arm_fixdfsi.o)
                              ./iotcasa/third_party_components/cjson/cJSON.o (__aeabi_d2iz)
c:/siliconlabs/simplicitystudio/v5/developer/toolchains/gnu_arm/12.2.rel1_2023.7/bin/../lib/gcc/arm-none-eabi/12.2.1/thumb/v7e-m+fp/softfp\libgcc.a(_arm_fixunsdfsi.o)
                              ./wiseconnect3_sdk_3.5.2/components/device/silabs/si91x/mcu/drivers/peripheral_drivers/src/clock_update.o (__aeabi_d2uiz)
c:/siliconlabs/simplicitystudio/v5/developer/toolchains/gnu_arm/12.2.rel1_2023.7/bin/../lib/gcc/arm-none-eabi/12.2.1/thumb/v7e-m+fp/softfp\libgcc.a(_aeabi_ldivmod.o)
                              ./simplicity_sdk_2025.6.2/app/common/util/app_timer/freertos/app_timer_freertos.o (__aeabi_ldivmod)
c:/siliconlabs/simplicitystudio/v5/developer/toolchains/gnu_arm/12.2.rel1_2023.7/bin/../lib/gcc/arm-none-eabi/12.2.1/thumb/v7e-m+fp/softfp\libgcc.a(_aeabi_uldivmod.o)
                              ./simplicity_sdk_2025.6.2/app/common/util/app_timer/freertos/app_timer_freertos.o (__aeabi_uldivmod)
c:/siliconlabs/simplicitystudio/v5/developer/toolchains/gnu_arm/12.2.rel1_2023.7/bin/../lib/gcc/arm-none-eabi/12.2.1/thumb/v7e-m+fp/softfp\libgcc.a(_fixdfdi.o)
                              ./iotcasa/src/casa_msg_parser.o (__aeabi_d2lz)
c:/siliconlabs/simplicitystudio/v5/developer/toolchains/gnu_arm/12.2.rel1_2023.7/bin/../lib/gcc/arm-none-eabi/12.2.1/thumb/v7e-m+fp/softfp\libgcc.a(_fixunsdfdi.o)
                              c:/siliconlabs/simplicitystudio/v5/developer/toolchains/gnu_arm/12.2.rel1_2023.7/bin/../lib/gcc/arm-none-eabi/12.2.1/thumb/v7e-m+fp/softfp\libgcc.a(_fixdfdi.o) (__aeabi_d2ulz)
c:/siliconlabs/simplicitystudio/v5/developer/toolchains/gnu_arm/12.2.rel1_2023.7/bin/../lib/gcc/arm-none-eabi/12.2.1/thumb/v7e-m+fp/softfp\libgcc.a(_udivmoddi4.o)
                              c:/siliconlabs/simplicitystudio/v5/developer/toolchains/gnu_arm/12.2.rel1_2023.7/bin/../lib/gcc/arm-none-eabi/12.2.1/thumb/v7e-m+fp/softfp\libgcc.a(_aeabi_ldivmod.o) (__udivmoddi4)
c:/siliconlabs/simplicitystudio/v5/developer/toolchains/gnu_arm/12.2.rel1_2023.7/bin/../lib/gcc/arm-none-eabi/12.2.1/thumb/v7e-m+fp/softfp\libgcc.a(_dvmd_tls.o)
                              c:/siliconlabs/simplicitystudio/v5/developer/toolchains/gnu_arm/12.2.rel1_2023.7/bin/../lib/gcc/arm-none-eabi/12.2.1/thumb/v7e-m+fp/softfp\libgcc.a(_aeabi_ldivmod.o) (__aeabi_ldiv0)
c:/siliconlabs/simplicitystudio/v5/developer/toolchains/gnu_arm/12.2.rel1_2023.7/bin/../lib/gcc/arm-none-eabi/12.2.1/thumb/v7e-m+fp/softfp\libc_nano.a(libc_a-assert.o)
                              ./wiseconnect3_sdk_3.5.2/components/device/silabs/si91x/wireless/src/sl_rsi_utility.o (__assert_func)
c:/siliconlabs/simplicitystudio/v5/developer/toolchains/gnu_arm/12.2.rel1_2023.7/bin/../lib/gcc/arm-none-eabi/12.2.1/thumb/v7e-m+fp/softfp\libc_nano.a(libc_a-atoi.o)
                              ./wiseconnect3_sdk_3.5.2/components/service/sl_http_server/src/sl_http_server.o (atoi)
c:/siliconlabs/simplicitystudio/v5/developer/toolchains/gnu_arm/12.2.rel1_2023.7/bin/../lib/gcc/arm-none-eabi/12.2.1/thumb/v7e-m+fp/softfp\libc_nano.a(libc_a-calloc.o)
                              ./wiseconnect3_sdk_3.5.2/components/device/silabs/si91x/wireless/socket/src/sl_si91x_socket_utility.o (calloc)
c:/siliconlabs/simplicitystudio/v5/developer/toolchains/gnu_arm/12.2.rel1_2023.7/bin/../lib/gcc/arm-none-eabi/12.2.1/thumb/v7e-m+fp/softfp\libc_nano.a(libc_a-callocr.o)
[...]
Memory Configuration

Name             Origin             Length             Attributes
rom              0x08202000         0x001fe000         xr
ram              0x0000000c         0x0002fbf4         xrw
udma0            0x0002fc00         0x00000400         xrw
udma1            0x24061c00         0x00000400         xrw
*default*        0x00000000         0xffffffff

Linker script and memory map

LOAD c:/siliconlabs/simplicitystudio/v5/developer/toolchains/gnu_arm/12.2.rel1_2023.7/bin/../lib/gcc/arm-none-eabi/12.2.1/thumb/v7e-m+fp/softfp/crti.o
LOAD c:/siliconlabs/simplicitystudio/v5/developer/toolchains/gnu_arm/12.2.rel1_2023.7/bin/../lib/gcc/arm-none-eabi/12.2.1/thumb/v7e-m+fp/softfp/crtbegin.o
LOAD c:/siliconlabs/simplicitystudio/v5/developer/toolchains/gnu_arm/12.2.rel1_2023.7/bin/../lib/gcc/arm-none-eabi/12.2.1/thumb/v7e-m+fp/softfp/crt0.o
START GROUP
LOAD ./app.o
LOAD ./main.o
LOAD ./autogen/sl_event_handler.o
LOAD ./iotcasa/src/bluetooth.o
LOAD ./iotcasa/src/casa_log.o
LOAD ./iotcasa/src/casa_module.o
LOAD ./iotcasa/src/casa_msg_parser.o
LOAD ./iotcasa/src/de_registration.o
LOAD ./iotcasa/src/device_control.o
LOAD ./iotcasa/src/eeprom_manage.o
LOAD ./iotcasa/src/gpio_control.o
LOAD ./iotcasa/src/mqtt_handler.o
LOAD ./iotcasa/src/registration.o
LOAD ./iotcasa/src/udp.o
LOAD ./iotcasa/src/wifi.o
LOAD ./iotcasa/third_party_components/cjson/cJSON.o
LOAD ./iotcasa/third_party_components/cjson/cJSON_Utils.o
LOAD ./simplicity_sdk_2025.6.2/app/common/util/app_timer/freertos/app_timer_freertos.o
LOAD ./simplicity_sdk_2025.6.2/platform/CMSIS/RTOS2/Source/os_systick.o
LOAD ./simplicity_sdk_2025.6.2/platform/common/src/sl_assert.o
LOAD ./simplicity_sdk_2025.6.2/platform/common/src/sl_cmsis_os2_common.o
LOAD ./simplicity_sdk_2025.6.2/platform/common/src/sl_core_cortexm.o
LOAD ./simplicity_sdk_2025.6.2/platform/common/src/sl_slist.o
LOAD ./simplicity_sdk_2025.6.2/platform/common/src/sl_string.o
LOAD ./simplicity_sdk_2025.6.2/platform/common/src/sl_syscalls.o
LOAD ./simplicity_sdk_2025.6.2/platform/common/src/sli_cmsis_os2_ext_task_register.o
LOAD ./simplicity_sdk_2025.6.2/platform/emdrv/nvm3/src/nvm3.o
LOAD ./simplicity_sdk_2025.6.2/platform/emdrv/nvm3/src/nvm3_cache.o
LOAD ./simplicity_sdk_2025.6.2/platform/emdrv/nvm3/src/nvm3_default_common_linker.o
LOAD ./simplicity_sdk_2025.6.2/platform/emdrv/nvm3/src/nvm3_lock.o
LOAD ./simplicity_sdk_2025.6.2/platform/emdrv/nvm3/src/nvm3_object.o
LOAD ./simplicity_sdk_2025.6.2/platform/emdrv/nvm3/src/nvm3_page.o
LOAD ./simplicity_sdk_2025.6.2/platform/emdrv/nvm3/src/nvm3_utils.o
LOAD ./simplicity_sdk_2025.6.2/platform/service/sl_main/src/rtos/main_retarget.o
LOAD ./simplicity_sdk_2025.6.2/platform/service/sl_main/src/sl_main_init.o
LOAD ./simplicity_sdk_2025.6.2/platform/service/sl_main/src/sl_main_init_memory.o
LOAD ./simplicity_sdk_2025.6.2/platform/service/sl_main/src/sl_main_kernel.o
LOAD ./simplicity_sdk_2025.6.2/platform/service/sleeptimer/src/sl_sleeptimer.o
LOAD ./simplicity_sdk_2025.6.2/util/third_party/freertos/cmsis/Source/cmsis_os2.o
LOAD ./simplicity_sdk_2025.6.2/util/third_party/freertos/kernel/croutine.o
LOAD ./simplicity_sdk_2025.6.2/util/third_party/freertos/kernel/event_groups.o
LOAD ./simplicity_sdk_2025.6.2/util/third_party/freertos/kernel/list.o
LOAD ./simplicity_sdk_2025.6.2/util/third_party/freertos/kernel/queue.o
LOAD ./simplicity_sdk_2025.6.2/util/third_party/freertos/kernel/stream_buffer.o
LOAD ./simplicity_sdk_2025.6.2/util/third_party/freertos/kernel/tasks.o
LOAD ./simplicity_sdk_2025.6.2/util/third_party/freertos/kernel/timers.o
LOAD ./simplicity_sdk_2025.6.2/util/third_party/freertos/kernel/portable/GCC/ARM_CM4F/port.o
LOAD ./simplicity_sdk_2025.6.2/util/third_party/freertos/kernel/portable/MemMang/heap_4.o
LOAD ./wiseconnect3_sdk_3.5.2/components/board/silabs/src/rsi_board.o
LOAD ./wiseconnect3_sdk_3.5.2/components/common/src/sl_utility.o
LOAD ./wiseconnect3_sdk_3.5.2/components/device/silabs/si91x/mcu/core/chip/src/iPMU_prog/iPMU_dotc/ipmu_apis.o
LOAD ./wiseconnect3_sdk_3.5.2/components/device/silabs/si91x/mcu/core/chip/src/iPMU_prog/iPMU_dotc/rsi_system_config_917.o
LOAD ./wiseconnect3_sdk_3.5.2/components/device/silabs/si91x/mcu/core/chip/src/rsi_deepsleep_soc.o
LOAD ./wiseconnect3_sdk_3.5.2/components/device/silabs/si91x/mcu/core/chip/src/rsi_ps_ram_func.o
LOAD ./wiseconnect3_sdk_3.5.2/components/device/silabs/si91x/mcu/core/chip/src/startup_si91x.o
LOAD ./wiseconnect3_sdk_3.5.2/components/device/silabs/si91x/mcu/core/chip/src/system_si91x.o
LOAD ./wiseconnect3_sdk_3.5.2/components/device/silabs/si91x/mcu/core/common/src/malloc_thread_safety.o
LOAD ./wiseconnect3_sdk_3.5.2/components/device/silabs/si91x/mcu/core/common/src/rsi_debug.o
LOAD ./wiseconnect3_sdk_3.5.2/components/device/silabs/si91x/mcu/core/common/src/sl_si91x_stack_object_declare.o
LOAD ./wiseconnect3_sdk_3.5.2/components/device/silabs/si91x/mcu/core/common/src/syscalls.o
LOAD ./wiseconnect3_sdk_3.5.2/components/device/silabs/si91x/mcu/core/config/src/rsi_nvic_priorities_config.o
LOAD ./wiseconnect3_sdk_3.5.2/components/device/silabs/si91x/mcu/drivers/cmsis_driver/UDMA.o
LOAD ./wiseconnect3_sdk_3.5.2/components/device/silabs/si91x/mcu/drivers/cmsis_driver/USART.o
LOAD ./wiseconnect3_sdk_3.5.2/components/device/silabs/si91x/mcu/drivers/peripheral_drivers/src/aux_reference_volt_config.o
LOAD ./wiseconnect3_sdk_3.5.2/components/device/silabs/si91x/mcu/drivers/peripheral_drivers/src/clock_update.o
LOAD ./wiseconnect3_sdk_3.5.2/components/device/silabs/si91x/mcu/drivers/peripheral_drivers/src/rsi_adc.o
LOAD ./wiseconnect3_sdk_3.5.2/components/device/silabs/si91x/mcu/drivers/peripheral_drivers/src/rsi_crc.o
LOAD ./wiseconnect3_sdk_3.5.2/components/device/silabs/si91x/mcu/drivers/peripheral_drivers/src/rsi_dac.o
LOAD ./wiseconnect3_sdk_3.5.2/components/device/silabs/si91x/mcu/drivers/peripheral_drivers/src/rsi_egpio.o
LOAD ./wiseconnect3_sdk_3.5.2/components/device/silabs/si91x/mcu/drivers/peripheral_drivers/src/rsi_opamp.o
LOAD ./wiseconnect3_sdk_3.5.2/components/device/silabs/si91x/mcu/drivers/peripheral_drivers/src/rsi_sysrtc.o
LOAD ./wiseconnect3_sdk_3.5.2/components/device/silabs/si91x/mcu/drivers/peripheral_drivers/src/rsi_udma.o
LOAD ./wiseconnect3_sdk_3.5.2/components/device/silabs/si91x/mcu/drivers/peripheral_drivers/src/rsi_udma_wrapper.o
LOAD ./wiseconnect3_sdk_3.5.2/components/device/silabs/si91x/mcu/drivers/peripheral_drivers/src/rsi_usart.o
LOAD ./wiseconnect3_sdk_3.5.2/components/device/silabs/si91x/mcu/drivers/service/clock_manager/src/sl_si91x_clock_manager.o
LOAD ./wiseconnect3_sdk_3.5.2/components/device/silabs/si91x/mcu/drivers/service/nvm3/src/sl_si91x_common_flash_intf.o
LOAD ./wiseconnect3_sdk_3.5.2/components/device/silabs/si91x/mcu/drivers/service/nvm3/src/sl_si91x_nvm3_hal_flash.o
LOAD ./wiseconnect3_sdk_3.5.2/components/device/silabs/si91x/mcu/drivers/service/sleeptimer/src/sl_sleeptimer_hal_si91x_sysrtc.o
LOAD ./wiseconnect3_sdk_3.5.2/components/device/silabs/si91x/mcu/drivers/systemlevel/src/rsi_bod.o
LOAD ./wiseconnect3_sdk_3.5.2/components/device/silabs/si91x/mcu/drivers/systemlevel/src/rsi_ipmu.o
LOAD ./wiseconnect3_sdk_3.5.2/components/device/silabs/si91x/mcu/drivers/systemlevel/src/rsi_pll.o
LOAD ./wiseconnect3_sdk_3.5.2/components/device/silabs/si91x/mcu/drivers/systemlevel/src/rsi_power_save.o
LOAD ./wiseconnect3_sdk_3.5.2/components/device/silabs/si91x/mcu/drivers/systemlevel/src/rsi_rtc.o
LOAD ./wiseconnect3_sdk_3.5.2/components/device/silabs/si91x/mcu/drivers/systemlevel/src/rsi_temp_sensor.o
LOAD ./wiseconnect3_sdk_3.5.2/components/device/silabs/si91x/mcu/drivers/systemlevel/src/rsi_time_period.o
LOAD ./wiseconnect3_sdk_3.5.2/components/device/silabs/si91x/mcu/drivers/systemlevel/src/rsi_ulpss_clk.o
LOAD ./wiseconnect3_sdk_3.5.2/components/device/silabs/si91x/mcu/drivers/systemlevel/src/rsi_wwdt.o
LOAD ./wiseconnect3_sdk_3.5.2/components/device/silabs/si91x/mcu/drivers/unified_api/src/sl_si91x_adc.o
LOAD ./wiseconnect3_sdk_3.5.2/components/device/silabs/si91x/mcu/drivers/unified_api/src/sl_si91x_bjt_temperature_sensor.o
LOAD ./wiseconnect3_sdk_3.5.2/components/device/silabs/si91x/mcu/drivers/unified_api/src/sl_si91x_dma.o
LOAD ./wiseconnect3_sdk_3.5.2/components/device/silabs/si91x/mcu/drivers/unified_api/src/sl_si91x_driver_gpio.o
LOAD ./wiseconnect3_sdk_3.5.2/components/device/silabs/si91x/mcu/drivers/unified_api/src/sl_si91x_watchdog_timer.o
LOAD ./wiseconnect3_sdk_3.5.2/components/device/silabs/si91x/mcu/drivers/unified_peripheral_drivers/src/sl_si91x_peripheral_gpio.o
LOAD ./wiseconnect3_sdk_3.5.2/components/device/silabs/si91x/wireless/ahb_interface/src/rsi_hal_mcu_m4_ram.o
LOAD ./wiseconnect3_sdk_3.5.2/components/device/silabs/si91x/wireless/ahb_interface/src/rsi_hal_mcu_m4_rom.o
LOAD ./wiseconnect3_sdk_3.5.2/components/device/silabs/si91x/wireless/ahb_interface/src/sl_platform.o
LOAD ./wiseconnect3_sdk_3.5.2/components/device/silabs/si91x/wireless/ahb_interface/src/sl_platform_wireless.o
LOAD ./wiseconnect3_sdk_3.5.2/components/device/silabs/si91x/wireless/ahb_interface/src/sl_si91x_bus.o
LOAD ./wiseconnect3_sdk_3.5.2/components/device/silabs/si91x/wireless/ahb_interface/src/sl_si91x_timer.o
LOAD ./wiseconnect3_sdk_3.5.2/components/device/silabs/si91x/wireless/ahb_interface/src/sli_siwx917_soc.o
LOAD ./wiseconnect3_sdk_3.5.2/components/device/silabs/si91x/wireless/asynchronous_socket/src/sl_si91x_socket.o
LOAD ./wiseconnect3_sdk_3.5.2/components/device/silabs/si91x/wireless/ble/src/rsi_ble_gap_apis.o
LOAD ./wiseconnect3_sdk_3.5.2/components/device/silabs/si91x/wireless/ble/src/rsi_ble_gatt_apis.o
LOAD ./wiseconnect3_sdk_3.5.2/components/device/silabs/si91x/wireless/ble/src/rsi_bt_ble.o
LOAD ./wiseconnect3_sdk_3.5.2/components/device/silabs/si91x/wireless/ble/src/rsi_bt_common_apis.o
LOAD ./wiseconnect3_sdk_3.5.2/components/device/silabs/si91x/wireless/ble/src/rsi_common_apis.o
LOAD ./wiseconnect3_sdk_3.5.2/components/device/silabs/si91x/wireless/ble/src/rsi_utils.o
LOAD ./wiseconnect3_sdk_3.5.2/components/device/silabs/si91x/wireless/ble/src/sl_si91x_ble.o
LOAD ./wiseconnect3_sdk_3.5.2/components/device/silabs/si91x/wireless/errno/src/sl_si91x_errno.o
LOAD ./wiseconnect3_sdk_3.5.2/components/device/silabs/si91x/wireless/firmware_upgrade/firmware_upgradation.o
LOAD ./wiseconnect3_sdk_3.5.2/components/device/silabs/si91x/wireless/host_mcu/si91x/siwx917_soc_ncp_host.o
LOAD ./wiseconnect3_sdk_3.5.2/components/device/silabs/si91x/wireless/icmp/sl_net_ping.o
LOAD ./wiseconnect3_sdk_3.5.2/components/device/silabs/si91x/wireless/memory/malloc_buffers.o
LOAD ./wiseconnect3_sdk_3.5.2/components/device/silabs/si91x/wireless/sl_net/src/sl_net_rsi_utility.o
LOAD ./wiseconnect3_sdk_3.5.2/components/device/silabs/si91x/wireless/sl_net/src/sl_net_si91x.o
LOAD ./wiseconnect3_sdk_3.5.2/components/device/silabs/si91x/wireless/sl_net/src/sl_net_si91x_callback_framework.o
LOAD ./wiseconnect3_sdk_3.5.2/components/device/silabs/si91x/wireless/sl_net/src/sl_net_si91x_integration_handler.o
LOAD ./wiseconnect3_sdk_3.5.2/components/device/silabs/si91x/wireless/sl_net/src/sl_si91x_net_internal_stack.o
LOAD ./wiseconnect3_sdk_3.5.2/components/device/silabs/si91x/wireless/sl_net/src/sli_net_si91x_utility.o
LOAD ./wiseconnect3_sdk_3.5.2/components/device/silabs/si91x/wireless/socket/src/sl_si91x_socket_utility.o
LOAD ./wiseconnect3_sdk_3.5.2/components/device/silabs/si91x/wireless/src/sl_rsi_utility.o
LOAD ./wiseconnect3_sdk_3.5.2/components/device/silabs/si91x/wireless/src/sl_si91x_driver.o
LOAD ./wiseconnect3_sdk_3.5.2/components/protocol/wifi/si91x/sl_wifi.o
LOAD ./wiseconnect3_sdk_3.5.2/components/protocol/wifi/src/sl_wifi_basic_credentials.o
LOAD ./wiseconnect3_sdk_3.5.2/components/protocol/wifi/src/sl_wifi_callback_framework.o
LOAD ./wiseconnect3_sdk_3.5.2/components/service/bsd_socket/si91x_socket/sl_si91x_bsd_socket.o
LOAD ./wiseconnect3_sdk_3.5.2/components/service/mqtt/si91x/sl_mqtt_client.o
LOAD ./wiseconnect3_sdk_3.5.2/components/service/network_manager/src/sl_net.o
LOAD ./wiseconnect3_sdk_3.5.2/components/service/network_manager/src/sl_net_basic_certificate_store.o
LOAD ./wiseconnect3_sdk_3.5.2/components/service/network_manager/src/sl_net_basic_profiles.o
LOAD ./wiseconnect3_sdk_3.5.2/components/service/network_manager/src/sl_net_credentials.o
LOAD ./wiseconnect3_sdk_3.5.2/components/service/network_manager/src/sli_net_common_utility.o
LOAD ./wiseconnect3_sdk_3.5.2/components/service/sl_http_server/src/sl_http_server.o
LOAD ./wiseconnect3_sdk_3.5.2/components/sli_si91x_wifi_event_handler/src/sli_si91x_wifi_event_handler.o
LOAD ./wiseconnect3_sdk_3.5.2/components/sli_wifi_command_engine/src/sli_wifi_command_engine.o
LOAD ./wiseconnect3_sdk_3.5.2/third_party/json_parser/src/jsmn.o
LOAD c:/siliconlabs/simplicitystudio/v5/developer/toolchains/gnu_arm/12.2.rel1_2023.7/bin/../lib/gcc/arm-none-eabi/12.2.1/thumb/v7e-m+fp/softfp\libgcc.a
LOAD c:/siliconlabs/simplicitystudio/v5/developer/toolchains/gnu_arm/12.2.rel1_2023.7/bin/../lib/gcc/arm-none-eabi/12.2.1/thumb/v7e-m+fp/softfp\libnosys.a
LOAD c:/siliconlabs/simplicitystudio/v5/developer/toolchains/gnu_arm/12.2.rel1_2023.7/bin/../lib/gcc/arm-none-eabi/12.2.1/thumb/v7e-m+fp/softfp\libc_nano.a
LOAD c:/siliconlabs/simplicitystudio/v5/developer/toolchains/gnu_arm/12.2.rel1_2023.7/bin/../lib/gcc/arm-none-eabi/12.2.1/thumb/v7e-m+fp/softfp\libm.a
END GROUP
START GROUP
LOAD c:/siliconlabs/simplicitystudio/v5/developer/toolchains/gnu_arm/12.2.rel1_2023.7/bin/../lib/gcc/arm-none-eabi/12.2.1/thumb/v7e-m+fp/softfp\libgcc.a
LOAD c:/siliconlabs/simplicitystudio/v5/developer/toolchains/gnu_arm/12.2.rel1_2023.7/bin/../lib/gcc/arm-none-eabi/12.2.1/thumb/v7e-m+fp/softfp\libc_nano.a
LOAD c:/siliconlabs/simplicitystudio/v5/developer/toolchains/gnu_arm/12.2.rel1_2023.7/bin/../lib/gcc/arm-none-eabi/12.2.1/thumb/v7e-m+fp/softfp\libnosys.a
END GROUP
START GROUP
LOAD c:/siliconlabs/simplicitystudio/v5/developer/toolchains/gnu_arm/12.2.rel1_2023.7/bin/../lib/gcc/arm-none-eabi/12.2.1/thumb/v7e-m+fp/softfp\libgcc.a
LOAD c:/siliconlabs/simplicitystudio/v5/developer/toolchains/gnu_arm/12.2.rel1_2023.7/bin/../lib/gcc/arm-none-eabi/12.2.1/thumb/v7e-m+fp/softfp\libg_nano.a
LOAD c:/siliconlabs/simplicitystudio/v5/developer/toolchains/gnu_arm/12.2.rel1_2023.7/bin/../lib/gcc/arm-none-eabi/12.2.1/thumb/v7e-m+fp/softfp\libc_nano.a
END GROUP
START GROUP
LOAD c:/siliconlabs/simplicitystudio/v5/developer/toolchains/gnu_arm/12.2.rel1_2023.7/bin/../lib/gcc/arm-none-eabi/12.2.1/thumb/v7e-m+fp/softfp\libgcc.a
LOAD c:/siliconlabs/simplicitystudio/v5/developer/toolchains/gnu_arm/12.2.rel1_2023.7/bin/../lib/gcc/arm-none-eabi/12.2.1/thumb/v7e-m+fp/softfp\libc_nano.a
END GROUP
LOAD c:/siliconlabs/simplicitystudio/v5/developer/toolchains/gnu_arm/12.2.rel1_2023.7/bin/../lib/gcc/arm-none-eabi/12.2.1/thumb/v7e-m+fp/softfp/crtend.o
LOAD c:/siliconlabs/simplicitystudio/v5/developer/toolchains/gnu_arm/12.2.rel1_2023.7/bin/../lib/gcc/arm-none-eabi/12.2.1/thumb/v7e-m+fp/softfp/crtn.o

.text           0x08202000    0x1c758
 *(.isr_vector)
 .isr_vector    0x08202000      0x16c ./wiseconnect3_sdk_3.5.2/components/device/silabs/si91x/mcu/core/chip/src/startup_si91x.o
                0x08202000                __Vectors
                0x08202180                . = ALIGN (0x20)
 *fill*         0x0820216c       0x14 
 *(.reset_handler)
 *(EXCLUDE_FILE(*heap_*.o *port.o *sl_rsi_utility.o *malloc_buffers.o *freertos_umm_malloc_host.o *cmsis_os2.o *timers.o *tasks.o *stream_buffer.o *queue.o *list.o *event_groups.o *croutine.o *sl_si91x_low_power_tickless_mode.o *rsi_sysrtc.o *sl_sleeptimer_hal_si91x_sysrtc.o *sl_sleeptimer.o *UDMA.o *rsi_hal_mcu_m4_rom.o *rsi_hal_mcu_m4_ram.o *rsi_deepsleep_soc.o *sli_si91x_wifi_event_handler.o *sli_wifi_command_engine.o *sl_si91x_driver.o *sl_si91x_bus.o) .text*)
 .text.deregister_tm_clones
                0x08202180       0x1c c:/siliconlabs/simplicitystudio/v5/developer/toolchains/gnu_arm/12.2.rel1_2023.7/bin/../lib/gcc/arm-none-eabi/12.2.1/thumb/v7e-m+fp/softfp/crtbegin.o
 .text.register_tm_clones
                0x0820219c       0x24 c:/siliconlabs/simplicitystudio/v5/developer/toolchains/gnu_arm/12.2.rel1_2023.7/bin/../lib/gcc/arm-none-eabi/12.2.1/thumb/v7e-m+fp/softfp/crtbegin.o
 .text.__do_global_dtors_aux
                0x082021c0       0x28 c:/siliconlabs/simplicitystudio/v5/developer/toolchains/gnu_arm/12.2.rel1_2023.7/bin/../lib/gcc/arm-none-eabi/12.2.1/thumb/v7e-m+fp/softfp/crtbegin.o
 .text.frame_dummy
                0x082021e8       0x24 c:/siliconlabs/simplicitystudio/v5/developer/toolchains/gnu_arm/12.2.rel1_2023.7/bin/../lib/gcc/arm-none-eabi/12.2.1/thumb/v7e-m+fp/softfp/crtbegin.o
 .text.casa_app_process_action
                0x0820220c       0x28 ./app.o
                0x0820220c                casa_app_process_action
 .text.vApplicationStackOverflowHook
                0x08202234       0x10 ./app.o
                0x08202234                vApplicationStackOverflowHook
 .text.print_overall_app_memory
                0x08202244       0xb0 ./app.o
                0x08202244                print_overall_app_memory
 .text.app_init
                0x082022f4       0xc0 ./app.o
                0x082022f4                app_init
 .text.startup.main
                0x082023b4       0x16 ./main.o
                0x082023b4                main
 .text.sli_driver_permanent_allocation
                0x082023ca        0x2 ./autogen/sl_event_handler.o
                0x082023ca                sli_driver_permanent_allocation
 .text.sli_service_permanent_allocation
                0x082023cc        0x2 ./autogen/sl_event_handler.o
                0x082023cc                sli_service_permanent_allocation
 .text.sli_stack_permanent_allocation
                0x082023ce        0x2 ./autogen/sl_event_handler.o
                0x082023ce                sli_stack_permanent_allocation
 .text.sli_internal_permanent_allocation
                0x082023d0        0x2 ./autogen/sl_event_handler.o
                0x082023d0                sli_internal_permanent_allocation
 .text.sl_platform_init
                0x082023d2       0x1a ./autogen/sl_event_handler.o
                0x082023d2                sl_platform_init
 .text.sli_internal_init_early
                0x082023ec        0x2 ./autogen/sl_event_handler.o
                0x082023ec                sli_internal_init_early
 .text.sl_kernel_start
                0x082023ee        0x4 ./autogen/sl_event_handler.o
                0x082023ee                sl_kernel_start
 .text.sl_driver_init
                0x082023f2        0x2 ./autogen/sl_event_handler.o
                0x082023f2                sl_driver_init
 .text.sl_service_init
                0x082023f4        0x2 ./autogen/sl_event_handler.o
                0x082023f4                sl_service_init
 .text.sl_stack_init
                0x082023f6        0x2 ./autogen/sl_event_handler.o
                0x082023f6                sl_stack_init
 .text.sl_internal_app_init
                0x082023f8        0x2 ./autogen/sl_event_handler.o
                0x082023f8                sl_internal_app_init
 *fill*         0x082023fa        0x2 
 .text.rsi_ble_app_set_event
                0x082023fc       0x1c ./iotcasa/src/bluetooth.o
 .text.rsi_ble_on_enhance_conn_status_event
                0x08202418       0x30 ./iotcasa/src/bluetooth.o
                0x08202418                rsi_ble_on_enhance_conn_status_event
 .text.rsi_ble_gatt_error_event
                0x08202448        0x6 ./iotcasa/src/bluetooth.o
 *fill*         0x0820244e        0x2 
 .text.rsi_ble_on_read_req_event
                0x08202450       0x24 ./iotcasa/src/bluetooth.o
 .text.rsi_ble_on_gatt_write_event
                0x08202474       0x18 ./iotcasa/src/bluetooth.o
 .text.rsi_ble_on_disconnect_event
                0x0820248c        0x6 ./iotcasa/src/bluetooth.o
 *fill*         0x08202492        0x2 
 .text.rsi_ble_on_connect_event
                0x08202494       0x18 ./iotcasa/src/bluetooth.o
 .text.casa_ble_process
                0x082024ac      0x310 ./iotcasa/src/bluetooth.o
                0x082024ac                casa_ble_process
 .text.stop_ble_service
                0x082027bc       0xdc ./iotcasa/src/bluetooth.o
                0x082027bc                stop_ble_service
 .text.rsi_ble_send_json_response
                0x08202898      0x128 ./iotcasa/src/bluetooth.o
                0x08202898                rsi_ble_send_json_response
 .text.rsi_gatt_add_attribute_to_list
                0x082029c0       0x9c ./iotcasa/src/bluetooth.o
                0x082029c0                rsi_gatt_add_attribute_to_list
 .text.rsi_ble_add_simple_chat_serv.isra.0
                0x08202a5c      0x174 ./iotcasa/src/bluetooth.o
 .text.casa_ble_init
                0x08202bd0      0x168 ./iotcasa/src/bluetooth.o
                0x08202bd0                casa_ble_init
 .text.log_get_level
                0x08202d38        0xc ./iotcasa/src/casa_log.o
                0x08202d38                log_get_level
 .text.log_write
                0x08202d44       0xe4 ./iotcasa/src/casa_log.o
                0x08202d44                log_write
 .text.log_write_large
                0x08202e28      0x140 ./iotcasa/src/casa_log.o
                0x08202e28                log_write_large
 .text.set_device_id_and_hostname
                0x08202f68       0xd4 ./iotcasa/src/casa_module.o
                0x08202f68                set_device_id_and_hostname
 .text.registration_udp_ble_parser
                0x0820303c      0x328 ./iotcasa/src/casa_msg_parser.o
                0x0820303c                registration_udp_ble_parser
 .text.cloud_mqtt_reg_json_parser
                0x08203364       0x90 ./iotcasa/src/casa_msg_parser.o
                0x08203364                cloud_mqtt_reg_json_parser
 .text.deregistration_msg_parser
                0x082033f4      0x1b4 ./iotcasa/src/casa_msg_parser.o
                0x082033f4                deregistration_msg_parser
 .text.cloud_mqtt_dereg_json_parser
                0x082035a8       0xd0 ./iotcasa/src/casa_msg_parser.o
                0x082035a8                cloud_mqtt_dereg_json_parser
 .text.casa_message_parser
                0x08203678       0xe4 ./iotcasa/src/casa_msg_parser.o
                0x08203678                casa_message_parser
 .text.exit_de_registration
                0x0820375c       0x40 ./iotcasa/src/de_registration.o
                0x0820375c                exit_de_registration
 .text.cloud_dereg_status_callback
                0x0820379c       0xac ./iotcasa/src/de_registration.o
                0x0820379c                cloud_dereg_status_callback
 .text.dereg_device_details_json
                0x08203848      0x11c ./iotcasa/src/de_registration.o
                0x08203848                dereg_device_details_json
 .text.casa_deregistration
                0x08203964      0x1d0 ./iotcasa/src/de_registration.o
                0x08203964                casa_deregistration
 .text.sl_gpio_driver_get_pin.isra.0
                0x08203b34       0xd0 ./iotcasa/src/device_control.o
 .text.construct_status_update_json
                0x08203c04      0x250 ./iotcasa/src/device_control.o
                0x08203c04                construct_status_update_json
 .text.casa_device_status_update
                0x08203e54      0x1a0 ./iotcasa/src/device_control.o
                0x08203e54                casa_device_status_update
 .text.sl_gpio_validation
                0x08203ff4       0x3e ./iotcasa/src/eeprom_manage.o
 *fill*         0x08204032        0x2 
 .text.get_eeprom_device_reg_info
                0x08204034      0x150 ./iotcasa/src/eeprom_manage.o
                0x08204034                get_eeprom_device_reg_info
 .text.set_eeprom_device_reg_info
                0x08204184       0xbc ./iotcasa/src/eeprom_manage.o
                0x08204184                set_eeprom_device_reg_info
 .text.get_eeprom_device_HW_details
                0x08204240       0x5c ./iotcasa/src/eeprom_manage.o
                0x08204240                get_eeprom_device_HW_details
 .text.set_timer_control
                0x0820429c       0x44 ./iotcasa/src/eeprom_manage.o
                0x0820429c                set_timer_control
 .text.save_device_status
                0x082042e0       0x74 ./iotcasa/src/eeprom_manage.o
                0x082042e0                save_device_status
 .text.get_eeprom_device_state_info
                0x08204354      0x1e0 ./iotcasa/src/eeprom_manage.o
                0x08204354                get_eeprom_device_state_info
 .text.clear_dev_reg_preferences
                0x08204534       0x9c ./iotcasa/src/eeprom_manage.o
                0x08204534                clear_dev_reg_preferences
 .text.nvm3_eeprom_init
                0x082045d0       0x28 ./iotcasa/src/eeprom_manage.o
                0x082045d0                nvm3_eeprom_init
 .text.sl_gpio_validation
                0x082045f8       0x3e ./iotcasa/src/gpio_control.o
 *fill*         0x08204636        0x2 
 .text.sl_gpio_driver_get_pin.isra.0
                0x08204638       0xa0 ./iotcasa/src/gpio_control.o
 .text.sl_gpio_driver_toggle_pin.isra.0
                0x082046d8       0xac ./iotcasa/src/gpio_control.o
 .text.sl_gpio_driver_clear_pin.isra.0
                0x08204784       0x9c ./iotcasa/src/gpio_control.o
 .text.led_blink_sequence
                0x08204820       0x30 ./iotcasa/src/gpio_control.o
 .text.manual_switch_handling
                0x08204850       0x74 ./iotcasa/src/gpio_control.o
                0x08204850                manual_switch_handling
 .text.push_button
                0x082048c4      0x238 ./iotcasa/src/gpio_control.o
                0x082048c4                push_button
 .text.switches_handling_task
                0x08204afc       0xdc ./iotcasa/src/gpio_control.o
                0x08204afc                switches_handling_task
 .text.gpio_init
                0x08204bd8       0x8c ./iotcasa/src/gpio_control.o
                0x08204bd8                gpio_init
 .text.mqtt_message_callback
                0x08204c64       0x44 ./iotcasa/src/mqtt_handler.o
                0x08204c64                mqtt_message_callback
 .text.mqtt_event_handler
                0x08204ca8       0x2c ./iotcasa/src/mqtt_handler.o
                0x08204ca8                mqtt_event_handler
 .text.mqtt_app_close
                0x08204cd4       0x5c ./iotcasa/src/mqtt_handler.o
                0x08204cd4                mqtt_app_close
 .text.Mqtt_publish
                0x08204d30       0x9c ./iotcasa/src/mqtt_handler.o
                0x08204d30                Mqtt_publish
 .text.mqtt_secure_config
                0x08204dcc      0x25c ./iotcasa/src/mqtt_handler.o
                0x08204dcc                mqtt_secure_config
 .text.mqtt_app_start
                0x08205028       0x9c ./iotcasa/src/mqtt_handler.o
                0x08205028                mqtt_app_start
 .text.mqtt_reconnection_check
                0x082050c4      0x10c ./iotcasa/src/mqtt_handler.o
                0x082050c4                mqtt_reconnection_check
 .text.mqtt_connection_task_create
                0x082051d0       0x60 ./iotcasa/src/mqtt_handler.o
                0x082051d0                mqtt_connection_task_create
 .text.constuct_secure_mqtt_sub_pub_topic
                0x08205230       0x94 ./iotcasa/src/mqtt_handler.o
                0x08205230                constuct_secure_mqtt_sub_pub_topic
 .text.construct_mqtt_lastWill_pub_topic
                0x082052c4       0x48 ./iotcasa/src/mqtt_handler.o
                0x082052c4                construct_mqtt_lastWill_pub_topic
 .text.construct_mqtt_device_log_pub_topic
                0x0820530c       0x50 ./iotcasa/src/mqtt_handler.o
                0x0820530c                construct_mqtt_device_log_pub_topic
 *fill*         0x0820535c        0x4 
 .text.send_timer_resp
                0x08205360      0x154 ./iotcasa/src/mqtt_handler.o
                0x08205360                send_timer_resp
 .text.cloud_reg_fota_status_callback
                0x082054b4       0x88 ./iotcasa/src/registration.o
                0x082054b4                cloud_reg_fota_status_callback
 .text.cloud_reg_status_callback
                0x0820553c       0x94 ./iotcasa/src/registration.o
                0x0820553c                cloud_reg_status_callback
 .text.sl_gpio_validation
                0x082055d0       0x3e ./iotcasa/src/registration.o
 *fill*         0x0820560e        0x2 
 .text.register_data_callback
                0x08205610      0x164 ./iotcasa/src/registration.o
                0x08205610                register_data_callback
 .text.registration_init
                0x08205774       0x68 ./iotcasa/src/registration.o
                0x08205774                registration_init
 .text.reg_req_recvd_response
                0x082057dc       0xa8 ./iotcasa/src/registration.o
                0x082057dc                reg_req_recvd_response
 .text.wifi_status_response
                0x08205884       0x94 ./iotcasa/src/registration.o
                0x08205884                wifi_status_response
 .text.discovery_device_details_json
                0x08205918      0x3b4 ./iotcasa/src/registration.o
                0x08205918                discovery_device_details_json
 .text.create_discovery_resp_to_mobile
                0x08205ccc       0xb8 ./iotcasa/src/registration.o
                0x08205ccc                create_discovery_resp_to_mobile
 .text.casa_registration
                0x08205d84      0x354 ./iotcasa/src/registration.o
                0x08205d84                casa_registration
 .text.check_internet_connectivity
                0x082060d8      0x110 ./iotcasa/src/wifi.o
 .text.wifi_close
                0x082061e8       0x98 ./iotcasa/src/wifi.o
                0x082061e8                wifi_close
 .text.wifi_sta
                0x08206280      0x2ac ./iotcasa/src/wifi.o
                0x08206280                wifi_sta
 .text.station_wifi_detailes_get
                0x0820652c       0x5c ./iotcasa/src/wifi.o
                0x0820652c                station_wifi_detailes_get
 .text.station_wifi_status_clear
                0x08206588       0x30 ./iotcasa/src/wifi.o
                0x08206588                station_wifi_status_clear
 .text.wifi_sta_monitor_task
                0x082065b8      0x1d4 ./iotcasa/src/wifi.o
                0x082065b8                wifi_sta_monitor_task
 .text.parse_hex4
                0x0820678c       0x3e ./iotcasa/third_party_components/cjson/cJSON.o
 *fill*         0x082067ca        0x2 
 .text.parse_string
                0x082067cc      0x1ec ./iotcasa/third_party_components/cjson/cJSON.o
 .text.buffer_skip_whitespace
                0x082069b8       0x2e ./iotcasa/third_party_components/cjson/cJSON.o
 .text.update_offset
                0x082069e6       0x18 ./iotcasa/third_party_components/cjson/cJSON.o
 .text.ensure   0x082069fe       0x7e ./iotcasa/third_party_components/cjson/cJSON.o
 .text.print_string_ptr
                0x08206a7c      0x120 ./iotcasa/third_party_components/cjson/cJSON.o
 .text.get_object_item
                0x08206b9c       0x7c ./iotcasa/third_party_components/cjson/cJSON.o
 .text.add_item_to_array
                0x08206c18       0x28 ./iotcasa/third_party_components/cjson/cJSON.o
 .text.cJSON_strdup.constprop.0
                0x08206c40       0x2c ./iotcasa/third_party_components/cjson/cJSON.o
 .text.add_item_to_object.constprop.0
                0x08206c6c       0x54 ./iotcasa/third_party_components/cjson/cJSON.o
 .text.cJSON_New_Item.isra.0
                0x08206cc0       0x18 ./iotcasa/third_party_components/cjson/cJSON.o
 .text.print_value
                0x08206cd8      0x428 ./iotcasa/third_party_components/cjson/cJSON.o
 .text.print.constprop.0
                0x08207100       0x94 ./iotcasa/third_party_components/cjson/cJSON.o
 .text.cJSON_Delete
                0x08207194       0x48 ./iotcasa/third_party_components/cjson/cJSON.o
                0x08207194                cJSON_Delete
 *fill*         0x082071dc        0x4 
 .text.parse_value
                0x082071e0      0x308 ./iotcasa/third_party_components/cjson/cJSON.o
 .text.cJSON_ParseWithLengthOpts
                0x082074e8       0xd8 ./iotcasa/third_party_components/cjson/cJSON.o
                0x082074e8                cJSON_ParseWithLengthOpts
 .text.cJSON_ParseWithOpts
                0x082075c0       0x20 ./iotcasa/third_party_components/cjson/cJSON.o
                0x082075c0                cJSON_ParseWithOpts
 .text.cJSON_Parse
                0x082075e0        0x8 ./iotcasa/third_party_components/cjson/cJSON.o
                0x082075e0                cJSON_Parse
 .text.cJSON_Print
                0x082075e8        0x6 ./iotcasa/third_party_components/cjson/cJSON.o
                0x082075e8                cJSON_Print
 .text.cJSON_PrintUnformatted
                0x082075ee        0x6 ./iotcasa/third_party_components/cjson/cJSON.o
                0x082075ee                cJSON_PrintUnformatted
 .text.cJSON_GetObjectItem
                0x082075f4        0x6 ./iotcasa/third_party_components/cjson/cJSON.o
                0x082075f4                cJSON_GetObjectItem
 .text.cJSON_GetObjectItemCaseSensitive
                0x082075fa        0x6 ./iotcasa/third_party_components/cjson/cJSON.o
                0x082075fa                cJSON_GetObjectItemCaseSensitive
 .text.cJSON_AddItemToArray
                0x08207600        0x4 ./iotcasa/third_party_components/cjson/cJSON.o
                0x08207600                cJSON_AddItemToArray
 .text.cJSON_AddItemToObject
                0x08207604        0x6 ./iotcasa/third_party_components/cjson/cJSON.o
                0x08207604                cJSON_AddItemToObject
 *fill*         0x0820760a        0x6 
 .text.cJSON_CreateNumber
                0x08207610       0x68 ./iotcasa/third_party_components/cjson/cJSON.o
                0x08207610                cJSON_CreateNumber
 .text.cJSON_AddNumberToObject
                0x08207678       0x2c ./iotcasa/third_party_components/cjson/cJSON.o
                0x08207678                cJSON_AddNumberToObject
 .text.cJSON_CreateString
                0x082076a4       0x30 ./iotcasa/third_party_components/cjson/cJSON.o
                0x082076a4                cJSON_CreateString
 .text.cJSON_AddStringToObject
                0x082076d4       0x2a ./iotcasa/third_party_components/cjson/cJSON.o
                0x082076d4                cJSON_AddStringToObject
 *fill*         0x082076fe        0x2 
 .text.cJSON_CreateRaw
                0x08207700       0x30 ./iotcasa/third_party_components/cjson/cJSON.o
                0x08207700                cJSON_CreateRaw
 .text.cJSON_AddRawToObject
                0x08207730       0x2a ./iotcasa/third_party_components/cjson/cJSON.o
                0x08207730                cJSON_AddRawToObject
 *fill*         0x0820775a        0x2 
 .text.cJSON_CreateArray
                0x0820775c       0x18 ./iotcasa/third_party_components/cjson/cJSON.o
                0x0820775c                cJSON_CreateArray
 .text.cJSON_CreateObject
                0x08207774       0x18 ./iotcasa/third_party_components/cjson/cJSON.o
                0x08207774                cJSON_CreateObject
 .text.cJSON_Minify
                0x0820778c       0x9e ./iotcasa/third_party_components/cjson/cJSON.o
                0x0820778c                cJSON_Minify
 .text.cJSON_IsNumber
                0x0820782a        0xe ./iotcasa/third_party_components/cjson/cJSON.o
                0x0820782a                cJSON_IsNumber
 .text.cJSON_IsString
                0x08207838        0xe ./iotcasa/third_party_components/cjson/cJSON.o
                0x08207838                cJSON_IsString
 .text.CORE_EnterCritical
                0x08207846        0x8 ./simplicity_sdk_2025.6.2/platform/common/src/sl_core_cortexm.o
                0x08207846                CORE_EnterCritical
 .text.CORE_ExitCritical
                0x0820784e        0xa ./simplicity_sdk_2025.6.2/platform/common/src/sl_core_cortexm.o
                0x0820784e                CORE_ExitCritical
 .text.CORE_EnterAtomic
                0x08207858        0xc ./simplicity_sdk_2025.6.2/platform/common/src/sl_core_cortexm.o
                0x08207858                CORE_EnterAtomic
 .text.CORE_ExitAtomic
                0x08207864        0xa ./simplicity_sdk_2025.6.2/platform/common/src/sl_core_cortexm.o
                0x08207864                CORE_ExitAtomic
 .text.sl_strnlen
                0x0820786e       0x16 ./simplicity_sdk_2025.6.2/platform/common/src/sl_string.o
                0x0820786e                sl_strnlen
 .text.sl_strlen
                0x08207884        0x8 ./simplicity_sdk_2025.6.2/platform/common/src/sl_string.o
                0x08207884                sl_strlen
 .text.sli_osTaskRegisterNew
                0x0820788c       0x1c ./simplicity_sdk_2025.6.2/platform/common/src/sli_cmsis_os2_ext_task_register.o
                0x0820788c                sli_osTaskRegisterNew
 .text.sli_osTaskRegisterSetValue
                0x082078a8        0xa ./simplicity_sdk_2025.6.2/platform/common/src/sli_cmsis_os2_ext_task_register.o
                0x082078a8                sli_osTaskRegisterSetValue
 .text.pagesRepack
                0x082078b2       0x1a ./simplicity_sdk_2025.6.2/platform/emdrv/nvm3/src/nvm3.o
 .text.thrHard  0x082078cc       0x20 ./simplicity_sdk_2025.6.2/platform/emdrv/nvm3/src/nvm3.o
 .text.thrSoftMinimum
                0x082078ec       0x20 ./simplicity_sdk_2025.6.2/platform/emdrv/nvm3/src/nvm3.o
 .text.scanPage
                0x0820790c       0x32 ./simplicity_sdk_2025.6.2/platform/emdrv/nvm3/src/nvm3.o
 .text.workBegin
                0x0820793e       0x16 ./simplicity_sdk_2025.6.2/platform/emdrv/nvm3/src/nvm3.o
 .text.findValidPageCnt
                0x08207954       0x3e ./simplicity_sdk_2025.6.2/platform/emdrv/nvm3/src/nvm3.o
 .text.erasePage
                0x08207992       0x22 ./simplicity_sdk_2025.6.2/platform/emdrv/nvm3/src/nvm3.o
 .text.getPreviousGoodPage
                0x082079b4       0x42 ./simplicity_sdk_2025.6.2/platform/emdrv/nvm3/src/nvm3.o
 .text.findCurrentEraseCnt
                0x082079f6       0x5e ./simplicity_sdk_2025.6.2/platform/emdrv/nvm3/src/nvm3.o
 .text.eraseAllPages
                0x08207a54       0x7a ./simplicity_sdk_2025.6.2/platform/emdrv/nvm3/src/nvm3.o
 .text.getFirstObjAdrInNextGoodPage
                0x08207ace       0x5a ./simplicity_sdk_2025.6.2/platform/emdrv/nvm3/src/nvm3.o
 .text.getNextObj
                0x08207b28       0x2c ./simplicity_sdk_2025.6.2/platform/emdrv/nvm3/src/nvm3.o
 .text.getFreeSize
                0x08207b54       0x66 ./simplicity_sdk_2025.6.2/platform/emdrv/nvm3/src/nvm3.o
 .text.cacheUpdateCallback
                0x08207bba       0x12 ./simplicity_sdk_2025.6.2/platform/emdrv/nvm3/src/nvm3.o
 .text.validateObjFragments
                0x08207bcc      0x240 ./simplicity_sdk_2025.6.2/platform/emdrv/nvm3/src/nvm3.o
 .text.validateObj
                0x08207e0c       0x24 ./simplicity_sdk_2025.6.2/platform/emdrv/nvm3/src/nvm3.o
 .text.findObj  0x08207e30      0x154 ./simplicity_sdk_2025.6.2/platform/emdrv/nvm3/src/nvm3.o
 .text.fifoScan
                0x08207f84       0x78 ./simplicity_sdk_2025.6.2/platform/emdrv/nvm3/src/nvm3.o
 .text.initialize
                0x08207ffc      0x298 ./simplicity_sdk_2025.6.2/platform/emdrv/nvm3/src/nvm3.o
 .text.repackWorker
                0x08208294      0x154 ./simplicity_sdk_2025.6.2/platform/emdrv/nvm3/src/nvm3.o
 .text.eraseFirstPageCallback
                0x082083e8       0x2e ./simplicity_sdk_2025.6.2/platform/emdrv/nvm3/src/nvm3.o
 .text.enumScanCacheCallback
                0x08208416       0x36 ./simplicity_sdk_2025.6.2/platform/emdrv/nvm3/src/nvm3.o
 .text.enumScanFifoCallback
                0x0820844c       0x6c ./simplicity_sdk_2025.6.2/platform/emdrv/nvm3/src/nvm3.o
 .text.eraseFirstPageScanCacheCallback
                0x082084b8       0x1c ./simplicity_sdk_2025.6.2/platform/emdrv/nvm3/src/nvm3.o
 .text.fifoReadObj.constprop.0
                0x082084d4      0x164 ./simplicity_sdk_2025.6.2/platform/emdrv/nvm3/src/nvm3.o
 .text.workEnd.isra.0
                0x08208638       0x10 ./simplicity_sdk_2025.6.2/platform/emdrv/nvm3/src/nvm3.o
 .text.enumObjects
                0x08208648       0x78 ./simplicity_sdk_2025.6.2/platform/emdrv/nvm3/src/nvm3.o
 .text.counterIdxToAdr.isra.0
                0x082086c0       0x6a ./simplicity_sdk_2025.6.2/platform/emdrv/nvm3/src/nvm3.o
 .text.counterIncFldGet
                0x0820872a       0x44 ./simplicity_sdk_2025.6.2/platform/emdrv/nvm3/src/nvm3.o
 .text.readCounter
                0x0820876e      0x19a ./simplicity_sdk_2025.6.2/platform/emdrv/nvm3/src/nvm3.o
 .text.fifoWriteObj
                0x08208908      0x454 ./simplicity_sdk_2025.6.2/platform/emdrv/nvm3/src/nvm3.o
 .text.repackFirstPageCallback
                0x08208d5c       0x84 ./simplicity_sdk_2025.6.2/platform/emdrv/nvm3/src/nvm3.o
 .text.repackFirstPageScanCacheCallback
                0x08208de0       0xb4 ./simplicity_sdk_2025.6.2/platform/emdrv/nvm3/src/nvm3.o
 .text.nvm3_open
                0x08208e94      0x19c ./simplicity_sdk_2025.6.2/platform/emdrv/nvm3/src/nvm3.o
                0x08208e94                nvm3_open
 .text.nvm3_readData
                0x08209030       0x80 ./simplicity_sdk_2025.6.2/platform/emdrv/nvm3/src/nvm3.o
                0x08209030                nvm3_readData
 .text.nvm3_enumObjects
                0x082090b0       0x12 ./simplicity_sdk_2025.6.2/platform/emdrv/nvm3/src/nvm3.o
                0x082090b0                nvm3_enumObjects
 .text.nvm3_enumDeletedObjects
                0x082090c2       0x12 ./simplicity_sdk_2025.6.2/platform/emdrv/nvm3/src/nvm3.o
                0x082090c2                nvm3_enumDeletedObjects
 .text.getMemInfo
                0x082090d4       0x64 ./simplicity_sdk_2025.6.2/platform/emdrv/nvm3/src/nvm3.o
 .text.fifoWriteWrapper
                0x08209138       0xc0 ./simplicity_sdk_2025.6.2/platform/emdrv/nvm3/src/nvm3.o
 .text.nvm3_writeData
                0x082091f8       0x88 ./simplicity_sdk_2025.6.2/platform/emdrv/nvm3/src/nvm3.o
                0x082091f8                nvm3_writeData
 .text.nvm3_deleteObject
                0x08209280       0x68 ./simplicity_sdk_2025.6.2/platform/emdrv/nvm3/src/nvm3.o
                0x08209280                nvm3_deleteObject
 .text.nvm3_repack
                0x082092e8       0x42 ./simplicity_sdk_2025.6.2/platform/emdrv/nvm3/src/nvm3.o
                0x082092e8                nvm3_repack
 .text.nvm3_cacheClear
                0x0820932a       0x24 ./simplicity_sdk_2025.6.2/platform/emdrv/nvm3/src/nvm3_cache.o
                0x0820932a                nvm3_cacheClear
 .text.nvm3_cacheOpen
                0x0820934e        0x8 ./simplicity_sdk_2025.6.2/platform/emdrv/nvm3/src/nvm3_cache.o
                0x0820934e                nvm3_cacheOpen
 .text.nvm3_cacheDelete
                0x08209356       0x34 ./simplicity_sdk_2025.6.2/platform/emdrv/nvm3/src/nvm3_cache.o
                0x08209356                nvm3_cacheDelete
 .text.nvm3_cacheGet
                0x0820938a       0x36 ./simplicity_sdk_2025.6.2/platform/emdrv/nvm3/src/nvm3_cache.o
                0x0820938a                nvm3_cacheGet
 .text.nvm3_cacheSet
                0x082093c0       0xa0 ./simplicity_sdk_2025.6.2/platform/emdrv/nvm3/src/nvm3_cache.o
                0x082093c0                nvm3_cacheSet
 .text.nvm3_cacheScan
                0x08209460       0x44 ./simplicity_sdk_2025.6.2/platform/emdrv/nvm3/src/nvm3_cache.o
                0x08209460                nvm3_cacheScan
 .text.nvm3_initDefault
                0x082094a4       0x14 ./simplicity_sdk_2025.6.2/platform/emdrv/nvm3/src/nvm3_default_common_linker.o
                0x082094a4                nvm3_initDefault
 .text.nvm3_lockDisableExecute
                0x082094b8        0x2 ./simplicity_sdk_2025.6.2/platform/emdrv/nvm3/src/nvm3_lock.o
                0x082094b8                nvm3_lockDisableExecute
 *fill*         0x082094ba        0x2 
 .text.nvm3_objHdrInit
                0x082094bc       0x94 ./simplicity_sdk_2025.6.2/platform/emdrv/nvm3/src/nvm3_object.o
                0x082094bc                nvm3_objHdrInit
 .text.nvm3_objHdrValidateSmall
                0x08209550       0x2a ./simplicity_sdk_2025.6.2/platform/emdrv/nvm3/src/nvm3_object.o
                0x08209550                nvm3_objHdrValidateSmall
 .text.nvm3_objHdrValidateLarge
                0x0820957a       0x36 ./simplicity_sdk_2025.6.2/platform/emdrv/nvm3/src/nvm3_object.o
                0x0820957a                nvm3_objHdrValidateLarge
 .text.nvm3_objHdrGetErased
                0x082095b0        0xa ./simplicity_sdk_2025.6.2/platform/emdrv/nvm3/src/nvm3_object.o
                0x082095b0                nvm3_objHdrGetErased
 .text.nvm3_objHdrGetFragTyp
                0x082095ba       0x10 ./simplicity_sdk_2025.6.2/platform/emdrv/nvm3/src/nvm3_object.o
                0x082095ba                nvm3_objHdrGetFragTyp
 .text.nvm3_objHdrGetKey
                0x082095ca        0x8 ./simplicity_sdk_2025.6.2/platform/emdrv/nvm3/src/nvm3_object.o
                0x082095ca                nvm3_objHdrGetKey
 .text.nvm3_objHdrGetHdrIsLarge
                0x082095d2       0x10 ./simplicity_sdk_2025.6.2/platform/emdrv/nvm3/src/nvm3_object.o
                0x082095d2                nvm3_objHdrGetHdrIsLarge
 .text.nvm3_objHdrGetHdrLen
                0x082095e2        0xe ./simplicity_sdk_2025.6.2/platform/emdrv/nvm3/src/nvm3_object.o
                0x082095e2                nvm3_objHdrGetHdrLen
 .text.nvm3_objHdrGetDatLen
                0x082095f0       0x1e ./simplicity_sdk_2025.6.2/platform/emdrv/nvm3/src/nvm3_object.o
                0x082095f0                nvm3_objHdrGetDatLen
 .text.nvm3_objHdrGetType
                0x0820960e        0x8 ./simplicity_sdk_2025.6.2/platform/emdrv/nvm3/src/nvm3_object.o
                0x0820960e                nvm3_objHdrGetType
 *fill*         0x08209616        0x2 
 .text.nvm3_objInit
                0x08209618       0x2c ./simplicity_sdk_2025.6.2/platform/emdrv/nvm3/src/nvm3_object.o
                0x08209618                nvm3_objInit
 .text.nvm3_objGroupToType
                0x08209644       0x1a ./simplicity_sdk_2025.6.2/platform/emdrv/nvm3/src/nvm3_object.o
                0x08209644                nvm3_objGroupToType
 *fill*         0x0820965e        0x2 
 .text.nvm3_objTypeToGroup
                0x08209660       0x14 ./simplicity_sdk_2025.6.2/platform/emdrv/nvm3/src/nvm3_object.o
                0x08209660                nvm3_objTypeToGroup
 .text.nvm3_pageHeaderWrite
                0x08209674       0xe8 ./simplicity_sdk_2025.6.2/platform/emdrv/nvm3/src/nvm3_page.o
                0x08209674                nvm3_pageHeaderWrite
 .text.nvm3_pageSetBad
                0x0820975c       0x26 ./simplicity_sdk_2025.6.2/platform/emdrv/nvm3/src/nvm3_page.o
                0x0820975c                nvm3_pageSetBad
 .text.nvm3_pageSetEip
                0x08209782       0x3e ./simplicity_sdk_2025.6.2/platform/emdrv/nvm3/src/nvm3_page.o
                0x08209782                nvm3_pageSetEip
 .text.nvm3_pageGetEraseCnt
                0x082097c0       0x52 ./simplicity_sdk_2025.6.2/platform/emdrv/nvm3/src/nvm3_page.o
                0x082097c0                nvm3_pageGetEraseCnt
 .text.nvm3_pageGetState
                0x08209812       0x4a ./simplicity_sdk_2025.6.2/platform/emdrv/nvm3/src/nvm3_page.o
                0x08209812                nvm3_pageGetState
 .text.nvm3_pageStateIsGood
                0x0820985c        0xa ./simplicity_sdk_2025.6.2/platform/emdrv/nvm3/src/nvm3_page.o
                0x0820985c                nvm3_pageStateIsGood
 .text.nvm3_pageStateIsInvalid
                0x08209866        0xc ./simplicity_sdk_2025.6.2/platform/emdrv/nvm3/src/nvm3_page.o
                0x08209866                nvm3_pageStateIsInvalid
 .text.nvm3_pageGetFirstObj
                0x08209872        0x4 ./simplicity_sdk_2025.6.2/platform/emdrv/nvm3/src/nvm3_page.o
                0x08209872                nvm3_pageGetFirstObj
 .text.nvm3_pageErase
                0x08209876       0x34 ./simplicity_sdk_2025.6.2/platform/emdrv/nvm3/src/nvm3_page.o
                0x08209876                nvm3_pageErase
 .text.nvm3_utilsComputeBergerCode
                0x082098aa       0x3c ./simplicity_sdk_2025.6.2/platform/emdrv/nvm3/src/nvm3_utils.o
                0x082098aa                nvm3_utilsComputeBergerCode
 .text.__wrap_main
                0x082098e6        0xc ./simplicity_sdk_2025.6.2/platform/service/sl_main/src/rtos/main_retarget.o
                0x082098e6                __wrap_main
 .text.app_init_pre_clock
                0x082098f2        0x2 ./simplicity_sdk_2025.6.2/platform/service/sl_main/src/sl_main_init.o
                0x082098f2                app_init_pre_clock
 .text.app_init_early
                0x082098f4        0x2 ./simplicity_sdk_2025.6.2/platform/service/sl_main/src/sl_main_init.o
                0x082098f4                app_init_early
 .text.app_process_action
                0x082098f6        0x2 ./simplicity_sdk_2025.6.2/platform/service/sl_main/src/sl_main_init.o
                0x082098f6                app_process_action
 .text.sl_main_second_stage_init
                0x082098f8       0x1a ./simplicity_sdk_2025.6.2/platform/service/sl_main/src/sl_main_init.o
                0x082098f8                sl_main_second_stage_init
 .text.sl_main_init
                0x08209912       0x26 ./simplicity_sdk_2025.6.2/platform/service/sl_main/src/sl_main_init.o
                0x08209912                sl_main_init
 .text.app_permanent_memory_alloc
                0x08209938        0x2 ./simplicity_sdk_2025.6.2/platform/service/sl_main/src/sl_main_init_memory.o
                0x08209938                app_permanent_memory_alloc
 .text.sli_allocate_permanent_memory
                0x0820993a       0x18 ./simplicity_sdk_2025.6.2/platform/service/sl_main/src/sl_main_init_memory.o
                0x0820993a                sli_allocate_permanent_memory
 *fill*         0x08209952        0x2 
 .text.start_task_handler
                0x08209954       0x18 ./simplicity_sdk_2025.6.2/platform/service/sl_main/src/sl_main_kernel.o
 .text.sli_main_kernel_start_task_initialize
                0x0820996c       0x34 ./simplicity_sdk_2025.6.2/platform/service/sl_main/src/sl_main_kernel.o
                0x0820996c                sli_main_kernel_start_task_initialize
 .text.sl_main_kernel_start
                0x082099a0        0x4 ./simplicity_sdk_2025.6.2/platform/service/sl_main/src/sl_main_kernel.o
                0x082099a0                sl_main_kernel_start
 .text.RSI_Board_Init
                0x082099a4        0x2 ./wiseconnect3_sdk_3.5.2/components/board/silabs/src/rsi_board.o
                0x082099a4                RSI_Board_Init
 .text.sl_redirect_log
                0x082099a6        0x6 ./wiseconnect3_sdk_3.5.2/components/common/src/sl_utility.o
                0x082099a6                sl_redirect_log
 .text.init_ipmu_calib_data
                0x082099ac       0x54 ./wiseconnect3_sdk_3.5.2/components/device/silabs/si91x/mcu/core/chip/src/iPMU_prog/iPMU_dotc/ipmu_apis.o
                0x082099ac                init_ipmu_calib_data
 .text.program_ipmu_data
                0x08209a00       0x54 ./wiseconnect3_sdk_3.5.2/components/device/silabs/si91x/mcu/core/chip/src/iPMU_prog/iPMU_dotc/ipmu_apis.o
                0x08209a00                program_ipmu_data
 .text.ipmu_init_mcu
                0x08209a54       0x94 ./wiseconnect3_sdk_3.5.2/components/device/silabs/si91x/mcu/core/chip/src/iPMU_prog/iPMU_dotc/ipmu_apis.o
                0x08209a54                ipmu_init_mcu
 .text.ipmu_init
                0x08209ae8       0xa8 ./wiseconnect3_sdk_3.5.2/components/device/silabs/si91x/mcu/core/chip/src/iPMU_prog/iPMU_dotc/ipmu_apis.o
                0x08209ae8                ipmu_init
 .text.configure_ipmu_mode
                0x08209b90       0x38 ./wiseconnect3_sdk_3.5.2/components/device/silabs/si91x/mcu/core/chip/src/iPMU_prog/iPMU_dotc/ipmu_apis.o
                0x08209b90                configure_ipmu_mode
 .text.Default_Handler
                0x08209bc8        0x2 ./wiseconnect3_sdk_3.5.2/components/device/silabs/si91x/mcu/core/chip/src/startup_si91x.o
                0x08209bc8                DebugMon_Handler
                0x08209bc8                IRQ031_Handler
                0x08209bc8                HardFault_Handler
                0x08209bc8                IRQ095_Handler
                0x08209bc8                IRQ065_Handler
                0x08209bc8                IRQ093_Handler
                0x08209bc8                NMI_Handler
                0x08209bc8                IRQ014_Handler
                0x08209bc8                IRQ027_Handler
                0x08209bc8                IRQ062_Handler
                0x08209bc8                IRQ097_Handler
                0x08209bc8                IRQ088_Handler
                0x08209bc8                IRQ034_Handler
                0x08209bc8                IRQ071_Handler
                0x08209bc8                IRQ067_Handler
                0x08209bc8                IRQ070_Handler
                0x08209bc8                IRQ077_Handler
                0x08209bc8                IRQ028_Handler
                0x08209bc8                IRQ063_Handler
                0x08209bc8                IRQ076_Handler
                0x08209bc8                UsageFault_Handler
                0x08209bc8                IRQ023_Handler
                0x08209bc8                IRQ009_Handler
                0x08209bc8                IRQ048_Handler
                0x08209bc8                IRQ083_Handler
                0x08209bc8                IRQ089_Handler
                0x08209bc8                HIF1_IRQHandler
                0x08209bc8                IRQ037_Handler
                0x08209bc8                IRQ072_Handler
                0x08209bc8                IRQ008_Handler
                0x08209bc8                IRQ047_Handler
                0x08209bc8                IRQ082_Handler
                0x08209bc8                IRQ007_Handler
                0x08209bc8                IRQ046_Handler
                0x08209bc8                IRQ081_Handler
                0x08209bc8                IRQ004_Handler
                0x08209bc8                IRQ043_Handler
                0x08209bc8                IRQ002_Handler
                0x08209bc8                IRQ041_Handler
                0x08209bc8                IRQ098_Handler
                0x08209bc8                IRQ000_Handler
                0x08209bc8                IRQ005_Handler
                0x08209bc8                IRQ044_Handler
                0x08209bc8                IRQ049_Handler
                0x08209bc8                IRQ084_Handler
                0x08209bc8                IRQ006_Handler
                0x08209bc8                IRQ045_Handler
                0x08209bc8                IRQ080_Handler
                0x08209bc8                IRQ015_Handler
                0x08209bc8                MemManage_Handler
                0x08209bc8                HIF2_IRQHandler
                0x08209bc8                IRQ001_Handler
                0x08209bc8                IRQ040_Handler
                0x08209bc8                IRQ068_Handler
                0x08209bc8                IRQ096_Handler
                0x08209bc8                IRQ003_Handler
                0x08209bc8                IRQ042_Handler
                0x08209bc8                IRQ024_Handler
                0x08209bc8                IRQ016_Handler
                0x08209bc8                IRQ090_Handler
                0x08209bc8                IRQ078_Handler
                0x08209bc8                IRQ032_Handler
                0x08209bc8                IRQ073_Handler
                0x08209bc8                IRQ092_Handler
                0x08209bc8                IRQ087_Handler
                0x08209bc8                IRQ026_Handler
                0x08209bc8                IRQ061_Handler
                0x08209bc8                IRQ025_Handler
                0x08209bc8                IRQ060_Handler
                0x08209bc8                IRQ085_Handler
                0x08209bc8                IRQ013_Handler
                0x08209bc8                IRQ030_Handler
                0x08209bc8                IRQ029_Handler
                0x08209bc8                IRQ064_Handler
                0x08209bc8                IRQ066_Handler
                0x08209bc8                IRQ017_Handler
                0x08209bc8                IRQ091_Handler
                0x08209bc8                BusFault_Handler
                0x08209bc8                IRQ069_Handler
                0x08209bc8                IRQ075_Handler
                0x08209bc8                IRQ086_Handler
                0x08209bc8                IRQ094_Handler
                0x08209bc8                IRQ079_Handler
 .text.Default_Reset_Handler
                0x08209bca        0x2 ./wiseconnect3_sdk_3.5.2/components/device/silabs/si91x/mcu/core/chip/src/startup_si91x.o
                0x08209bca                Default_Reset_Handler
                0x08209bca                Reset_Handler
 .text.Copy_Table
                0x08209bcc       0x24 ./wiseconnect3_sdk_3.5.2/components/device/silabs/si91x/mcu/core/chip/src/startup_si91x.o
                0x08209bcc                Copy_Table
 .text.Zero_Table
                0x08209bf0       0x24 ./wiseconnect3_sdk_3.5.2/components/device/silabs/si91x/mcu/core/chip/src/startup_si91x.o
                0x08209bf0                Zero_Table
 .text.RSI_Default_Reset_Handler
                0x08209c14       0x16 ./wiseconnect3_sdk_3.5.2/components/device/silabs/si91x/mcu/core/chip/src/startup_si91x.o
                0x08209c14                RSI_Default_Reset_Handler
 *fill*         0x08209c2a        0x2 
 .text.SystemCoreClockUpdate
                0x08209c2c      0x128 ./wiseconnect3_sdk_3.5.2/components/device/silabs/si91x/mcu/core/chip/src/system_si91x.o
                0x08209c2c                SystemCoreClockUpdate
 .text.fpuInit  0x08209d54       0x44 ./wiseconnect3_sdk_3.5.2/components/device/silabs/si91x/mcu/core/chip/src/system_si91x.o
                0x08209d54                fpuInit
 .text.SystemInit
                0x08209d98       0xe4 ./wiseconnect3_sdk_3.5.2/components/device/silabs/si91x/mcu/core/chip/src/system_si91x.o
                0x08209d98                SystemInit
 .text.__malloc_lock
                0x08209e7c       0x44 ./wiseconnect3_sdk_3.5.2/components/device/silabs/si91x/mcu/core/common/src/malloc_thread_safety.o
                0x08209e7c                __malloc_lock
 .text.__malloc_unlock
                0x08209ec0       0x20 ./wiseconnect3_sdk_3.5.2/components/device/silabs/si91x/mcu/core/common/src/malloc_thread_safety.o
                0x08209ec0                __malloc_unlock
 .text.ARM_UART_SignalEvent
                0x08209ee0       0x24 ./wiseconnect3_sdk_3.5.2/components/device/silabs/si91x/mcu/core/common/src/rsi_debug.o
                0x08209ee0                ARM_UART_SignalEvent
 .text.Board_Debug_Init
                0x08209f04       0x5c ./wiseconnect3_sdk_3.5.2/components/device/silabs/si91x/mcu/core/common/src/rsi_debug.o
                0x08209f04                Board_Debug_Init
 .text.Board_UARTGetChar
                0x08209f60       0x30 ./wiseconnect3_sdk_3.5.2/components/device/silabs/si91x/mcu/core/common/src/rsi_debug.o
                0x08209f60                Board_UARTGetChar
 .text.Board_UARTPutChar
                0x08209f90       0x30 ./wiseconnect3_sdk_3.5.2/components/device/silabs/si91x/mcu/core/common/src/rsi_debug.o
                0x08209f90                Board_UARTPutChar
 .text.read_exclude_space
                0x08209fc0       0x20 ./wiseconnect3_sdk_3.5.2/components/device/silabs/si91x/mcu/core/common/src/syscalls.o
 .text._getpid  0x08209fe0        0x4 ./wiseconnect3_sdk_3.5.2/components/device/silabs/si91x/mcu/core/common/src/syscalls.o
                0x08209fe0                _getpid
 .text._kill    0x08209fe4       0x10 ./wiseconnect3_sdk_3.5.2/components/device/silabs/si91x/mcu/core/common/src/syscalls.o
                0x08209fe4                _kill
 .text._exit    0x08209ff4        0xc ./wiseconnect3_sdk_3.5.2/components/device/silabs/si91x/mcu/core/common/src/syscalls.o
                0x08209ff4                _exit
 .text._write   0x0820a000       0x44 ./wiseconnect3_sdk_3.5.2/components/device/silabs/si91x/mcu/core/common/src/syscalls.o
                0x0820a000                _write
 .text._close   0x0820a044        0x6 ./wiseconnect3_sdk_3.5.2/components/device/silabs/si91x/mcu/core/common/src/syscalls.o
                0x0820a044                _close
 .text._fstat   0x0820a04a        0xa ./wiseconnect3_sdk_3.5.2/components/device/silabs/si91x/mcu/core/common/src/syscalls.o
                0x0820a04a                _fstat
 .text._isatty  0x0820a054        0x4 ./wiseconnect3_sdk_3.5.2/components/device/silabs/si91x/mcu/core/common/src/syscalls.o
                0x0820a054                _isatty
 .text._lseek   0x0820a058        0x4 ./wiseconnect3_sdk_3.5.2/components/device/silabs/si91x/mcu/core/common/src/syscalls.o
                0x0820a058                _lseek
 .text._read    0x0820a05c      0x300 ./wiseconnect3_sdk_3.5.2/components/device/silabs/si91x/mcu/core/common/src/syscalls.o
                0x0820a05c                _read
 .text.sl_si91x_device_init_nvic
                0x0820a35c       0x18 ./wiseconnect3_sdk_3.5.2/components/device/silabs/si91x/mcu/core/config/src/rsi_nvic_priorities_config.o
                0x0820a35c                sl_si91x_device_init_nvic
 .text.ARM_USARTx_GetVersion
                0x0820a374       0x20 ./wiseconnect3_sdk_3.5.2/components/device/silabs/si91x/mcu/drivers/cmsis_driver/USART.o
                0x0820a374                ARM_USARTx_GetVersion
 .text.ARM_ULP_UART_GetCapabilities
                0x0820a394        0xc ./wiseconnect3_sdk_3.5.2/components/device/silabs/si91x/mcu/drivers/cmsis_driver/USART.o
 .text.ARM_ULP_UART_GetModemStatus
                0x0820a3a0        0xc ./wiseconnect3_sdk_3.5.2/components/device/silabs/si91x/mcu/drivers/cmsis_driver/USART.o
 .text.ARM_ULP_UART_SetModemControl
                0x0820a3ac        0xc ./wiseconnect3_sdk_3.5.2/components/device/silabs/si91x/mcu/drivers/cmsis_driver/USART.o
 .text.ARM_ULP_UART_GetStatus
                0x0820a3b8        0xc ./wiseconnect3_sdk_3.5.2/components/device/silabs/si91x/mcu/drivers/cmsis_driver/USART.o
 .text.ARM_ULP_UART_Control
                0x0820a3c4       0x34 ./wiseconnect3_sdk_3.5.2/components/device/silabs/si91x/mcu/drivers/cmsis_driver/USART.o
 .text.ARM_ULP_UART_GetRxCount
                0x0820a3f8        0xc ./wiseconnect3_sdk_3.5.2/components/device/silabs/si91x/mcu/drivers/cmsis_driver/USART.o
 .text.ARM_ULP_UART_GetTxCount
                0x0820a404        0xc ./wiseconnect3_sdk_3.5.2/components/device/silabs/si91x/mcu/drivers/cmsis_driver/USART.o
 .text.ARM_ULP_UART_Transfer
                0x0820a410       0x54 ./wiseconnect3_sdk_3.5.2/components/device/silabs/si91x/mcu/drivers/cmsis_driver/USART.o
 .text.ARM_ULP_UART_Receive
                0x0820a464       0x48 ./wiseconnect3_sdk_3.5.2/components/device/silabs/si91x/mcu/drivers/cmsis_driver/USART.o
 .text.ARM_ULP_UART_Send
                0x0820a4ac       0x48 ./wiseconnect3_sdk_3.5.2/components/device/silabs/si91x/mcu/drivers/cmsis_driver/USART.o
 .text.ARM_ULP_UART_PowerControl
                0x0820a4f4       0x18 ./wiseconnect3_sdk_3.5.2/components/device/silabs/si91x/mcu/drivers/cmsis_driver/USART.o
 .text.ARM_ULP_UART_Uninitialize
                0x0820a50c       0x1c ./wiseconnect3_sdk_3.5.2/components/device/silabs/si91x/mcu/drivers/cmsis_driver/USART.o
 .text.ARM_ULP_UART_Initialize
                0x0820a528       0x30 ./wiseconnect3_sdk_3.5.2/components/device/silabs/si91x/mcu/drivers/cmsis_driver/USART.o
 .text.IRQ038_Handler
                0x0820a558        0xc ./wiseconnect3_sdk_3.5.2/components/device/silabs/si91x/mcu/drivers/cmsis_driver/USART.o
                0x0820a558                IRQ038_Handler
 .text.IRQ039_Handler
                0x0820a564        0xc ./wiseconnect3_sdk_3.5.2/components/device/silabs/si91x/mcu/drivers/cmsis_driver/USART.o
                0x0820a564                IRQ039_Handler
 .text.IRQ012_Handler
                0x0820a570        0xc ./wiseconnect3_sdk_3.5.2/components/device/silabs/si91x/mcu/drivers/cmsis_driver/USART.o
                0x0820a570                IRQ012_Handler
 .text.RSI_ULPUartHandler
                0x0820a57c        0x4 ./wiseconnect3_sdk_3.5.2/components/device/silabs/si91x/mcu/drivers/cmsis_driver/USART.o
                0x0820a57c                RSI_ULPUartHandler
 .text.RSI_AUX_RefVoltageConfig
                0x0820a580       0xe8 ./wiseconnect3_sdk_3.5.2/components/device/silabs/si91x/mcu/drivers/peripheral_drivers/src/aux_reference_volt_config.o
                0x0820a580                RSI_AUX_RefVoltageConfig
 .text.RSI_CLK_GetM4RefClock
                0x0820a668       0x30 ./wiseconnect3_sdk_3.5.2/components/device/silabs/si91x/mcu/drivers/peripheral_drivers/src/clock_update.o
 .text.RSI_CLK_GetUlpssTouchClock
                0x0820a698       0x48 ./wiseconnect3_sdk_3.5.2/components/device/silabs/si91x/mcu/drivers/peripheral_drivers/src/clock_update.o
 .text.RSI_CLK_GetQspi2Clock
                0x0820a6e0       0x50 ./wiseconnect3_sdk_3.5.2/components/device/silabs/si91x/mcu/drivers/peripheral_drivers/src/clock_update.o
 .text.RSI_CLK_GetUart1Clock
                0x0820a730       0x74 ./wiseconnect3_sdk_3.5.2/components/device/silabs/si91x/mcu/drivers/peripheral_drivers/src/clock_update.o
 .text.RSI_CLK_GetBaseClock
                0x0820a7a4      0x334 ./wiseconnect3_sdk_3.5.2/components/device/silabs/si91x/mcu/drivers/peripheral_drivers/src/clock_update.o
                0x0820a7a4                RSI_CLK_GetBaseClock
 .text.RSI_EGPIO_HostPadsGpioModeDisable
                0x0820aad8       0x10 ./wiseconnect3_sdk_3.5.2/components/device/silabs/si91x/mcu/drivers/peripheral_drivers/src/rsi_adc.o
 .text.RSI_EGPIO_PadReceiverDisable
                0x0820aae8       0x10 ./wiseconnect3_sdk_3.5.2/components/device/silabs/si91x/mcu/drivers/peripheral_drivers/src/rsi_adc.o
 .text.RSI_EGPIO_UlpPadReceiverDisable
                0x0820aaf8       0x10 ./wiseconnect3_sdk_3.5.2/components/device/silabs/si91x/mcu/drivers/peripheral_drivers/src/rsi_adc.o
 .text.adc_dac_ceil
                0x0820ab08       0x2a ./wiseconnect3_sdk_3.5.2/components/device/silabs/si91x/mcu/drivers/peripheral_drivers/src/rsi_adc.o
 *fill*         0x0820ab32        0x2 
 .text.ADC_DMA_Transfer_Complete
                0x0820ab34       0x10 ./wiseconnect3_sdk_3.5.2/components/device/silabs/si91x/mcu/drivers/peripheral_drivers/src/rsi_adc.o
                0x0820ab34                ADC_DMA_Transfer_Complete
 .text.ADC_DMA_Error_Callback
                0x0820ab44        0x4 ./wiseconnect3_sdk_3.5.2/components/device/silabs/si91x/mcu/drivers/peripheral_drivers/src/rsi_adc.o
                0x0820ab44                ADC_DMA_Error_Callback
 .text.RSI_EGPIO_SetPinMux.constprop.0
                0x0820ab48       0x1c ./wiseconnect3_sdk_3.5.2/components/device/silabs/si91x/mcu/drivers/peripheral_drivers/src/rsi_adc.o
 .text.RSI_ADC_PowerControl.part.0
                0x0820ab64       0x40 ./wiseconnect3_sdk_3.5.2/components/device/silabs/si91x/mcu/drivers/peripheral_drivers/src/rsi_adc.o
 .text.ADC_Start
                0x0820aba4       0x38 ./wiseconnect3_sdk_3.5.2/components/device/silabs/si91x/mcu/drivers/peripheral_drivers/src/rsi_adc.o
                0x0820aba4                ADC_Start
 .text.cal_adc_channel_offset
                0x0820abdc       0xa4 ./wiseconnect3_sdk_3.5.2/components/device/silabs/si91x/mcu/drivers/peripheral_drivers/src/rsi_adc.o
                0x0820abdc                cal_adc_channel_offset
 .text.check_power_two
                0x0820ac80       0x12 ./wiseconnect3_sdk_3.5.2/components/device/silabs/si91x/mcu/drivers/peripheral_drivers/src/rsi_adc.o
                0x0820ac80                check_power_two
 .text.roundupto_pwr2
                0x0820ac92       0x1e ./wiseconnect3_sdk_3.5.2/components/device/silabs/si91x/mcu/drivers/peripheral_drivers/src/rsi_adc.o
                0x0820ac92                roundupto_pwr2
 .text.config_ch_freq
                0x0820acb0      0x1a8 ./wiseconnect3_sdk_3.5.2/components/device/silabs/si91x/mcu/drivers/peripheral_drivers/src/rsi_adc.o
 .text.max_sample_rate_achive
                0x0820ae58       0x30 ./wiseconnect3_sdk_3.5.2/components/device/silabs/si91x/mcu/drivers/peripheral_drivers/src/rsi_adc.o
                0x0820ae58                max_sample_rate_achive
 .text.get_min_sampling_time
                0x0820ae88      0x2a0 ./wiseconnect3_sdk_3.5.2/components/device/silabs/si91x/mcu/drivers/peripheral_drivers/src/rsi_adc.o
                0x0820ae88                get_min_sampling_time
 .text.ADC_PinMux
                0x0820b128      0x39c ./wiseconnect3_sdk_3.5.2/components/device/silabs/si91x/mcu/drivers/peripheral_drivers/src/rsi_adc.o
                0x0820b128                ADC_PinMux
 .text.RSI_ADC_PingPongMemoryAdrConfig
                0x0820b4c4       0xe0 ./wiseconnect3_sdk_3.5.2/components/device/silabs/si91x/mcu/drivers/peripheral_drivers/src/rsi_adc.o
                0x0820b4c4                RSI_ADC_PingPongMemoryAdrConfig
 .text.RSI_ADC_PingPongReInit
                0x0820b5a4       0x60 ./wiseconnect3_sdk_3.5.2/components/device/silabs/si91x/mcu/drivers/peripheral_drivers/src/rsi_adc.o
                0x0820b5a4                RSI_ADC_PingPongReInit
 .text.RSI_ADC_Calibration
                0x0820b604       0xb8 ./wiseconnect3_sdk_3.5.2/components/device/silabs/si91x/mcu/drivers/peripheral_drivers/src/rsi_adc.o
                0x0820b604                RSI_ADC_Calibration
 .text.ADC_Init
                0x0820b6bc      0x140 ./wiseconnect3_sdk_3.5.2/components/device/silabs/si91x/mcu/drivers/peripheral_drivers/src/rsi_adc.o
                0x0820b6bc                ADC_Init
 .text.ADC_Per_Channel_Init
                0x0820b7fc      0x144 ./wiseconnect3_sdk_3.5.2/components/device/silabs/si91x/mcu/drivers/peripheral_drivers/src/rsi_adc.o
                0x0820b7fc                ADC_Per_Channel_Init
 .text.RSI_ADC_PingpongEnable
                0x0820b940       0x28 ./wiseconnect3_sdk_3.5.2/components/device/silabs/si91x/mcu/drivers/peripheral_drivers/src/rsi_adc.o
                0x0820b940                RSI_ADC_PingpongEnable
 .text.RSI_ADC_InternalPerChnlDmaEnable
                0x0820b968       0x2a ./wiseconnect3_sdk_3.5.2/components/device/silabs/si91x/mcu/drivers/peripheral_drivers/src/rsi_adc.o
                0x0820b968                RSI_ADC_InternalPerChnlDmaEnable
 .text.RSI_ADC_ChannelConfig
                0x0820b992       0x68 ./wiseconnect3_sdk_3.5.2/components/device/silabs/si91x/mcu/drivers/peripheral_drivers/src/rsi_adc.o
                0x0820b992                RSI_ADC_ChannelConfig
 *fill*         0x0820b9fa        0x2 
 .text.RSI_ADC_Stop
                0x0820b9fc       0x2c ./wiseconnect3_sdk_3.5.2/components/device/silabs/si91x/mcu/drivers/peripheral_drivers/src/rsi_adc.o
                0x0820b9fc                RSI_ADC_Stop
 .text.ADC_Stop
                0x0820ba28       0x10 ./wiseconnect3_sdk_3.5.2/components/device/silabs/si91x/mcu/drivers/peripheral_drivers/src/rsi_adc.o
                0x0820ba28                ADC_Stop
 .text.RSI_ADC_ChnlEnable
                0x0820ba38       0x40 ./wiseconnect3_sdk_3.5.2/components/device/silabs/si91x/mcu/drivers/peripheral_drivers/src/rsi_adc.o
                0x0820ba38                RSI_ADC_ChnlEnable
 .text.RSI_ADC_ClkDivfactor
                0x0820ba78       0x34 ./wiseconnect3_sdk_3.5.2/components/device/silabs/si91x/mcu/drivers/peripheral_drivers/src/rsi_adc.o
                0x0820ba78                RSI_ADC_ClkDivfactor
 .text.RSI_ADC_ChnlIntrUnMask
                0x0820baac       0x58 ./wiseconnect3_sdk_3.5.2/components/device/silabs/si91x/mcu/drivers/peripheral_drivers/src/rsi_adc.o
                0x0820baac                RSI_ADC_ChnlIntrUnMask
 .text.RSI_ADC_ChnlIntrClr
                0x0820bb04       0x36 ./wiseconnect3_sdk_3.5.2/components/device/silabs/si91x/mcu/drivers/peripheral_drivers/src/rsi_adc.o
                0x0820bb04                RSI_ADC_ChnlIntrClr
 *fill*         0x0820bb3a        0x2 
 .text.RSI_ADC_PowerControl
                0x0820bb3c       0x54 ./wiseconnect3_sdk_3.5.2/components/device/silabs/si91x/mcu/drivers/peripheral_drivers/src/rsi_adc.o
                0x0820bb3c                RSI_ADC_PowerControl
 .text.ADC_Deinit
                0x0820bb90       0x3c ./wiseconnect3_sdk_3.5.2/components/device/silabs/si91x/mcu/drivers/peripheral_drivers/src/rsi_adc.o
                0x0820bb90                ADC_Deinit
 .text.RSI_ADC_NoiseAvgMode
                0x0820bbcc       0x20 ./wiseconnect3_sdk_3.5.2/components/device/silabs/si91x/mcu/drivers/peripheral_drivers/src/rsi_adc.o
                0x0820bbcc                RSI_ADC_NoiseAvgMode
 .text.ADC_ChannelConfig
                0x0820bbec      0x338 ./wiseconnect3_sdk_3.5.2/components/device/silabs/si91x/mcu/drivers/peripheral_drivers/src/rsi_adc.o
                0x0820bbec                ADC_ChannelConfig
 .text.ADC_Per_ChannelConfig
                0x0820bf24      0x394 ./wiseconnect3_sdk_3.5.2/components/device/silabs/si91x/mcu/drivers/peripheral_drivers/src/rsi_adc.o
                0x0820bf24                ADC_Per_ChannelConfig
 .text.RSI_ADC_TempSensorEnable
                0x0820c2b8       0x10 ./wiseconnect3_sdk_3.5.2/components/device/silabs/si91x/mcu/drivers/peripheral_drivers/src/rsi_adc.o
                0x0820c2b8                RSI_ADC_TempSensorEnable
 .text.RSI_ADC_InterruptHandler
                0x0820c2c8       0xf4 ./wiseconnect3_sdk_3.5.2/components/device/silabs/si91x/mcu/drivers/peripheral_drivers/src/rsi_adc.o
                0x0820c2c8                RSI_ADC_InterruptHandler
 .text.IRQ011_Handler
                0x0820c3bc        0xc ./wiseconnect3_sdk_3.5.2/components/device/silabs/si91x/mcu/drivers/peripheral_drivers/src/rsi_adc.o
                0x0820c3bc                IRQ011_Handler
 .text.RSI_ADC_GainOffsetCal
                0x0820c3c8       0x6c ./wiseconnect3_sdk_3.5.2/components/device/silabs/si91x/mcu/drivers/peripheral_drivers/src/rsi_adc.o
                0x0820c3c8                RSI_ADC_GainOffsetCal
 .text.RSI_ADC_ReadDataStatic
                0x0820c434       0x14 ./wiseconnect3_sdk_3.5.2/components/device/silabs/si91x/mcu/drivers/peripheral_drivers/src/rsi_adc.o
                0x0820c434                RSI_ADC_ReadDataStatic
 .text.RSI_DAC_InterruptMask
                0x0820c448       0x1e ./wiseconnect3_sdk_3.5.2/components/device/silabs/si91x/mcu/drivers/peripheral_drivers/src/rsi_dac.o
                0x0820c448                RSI_DAC_InterruptMask
 .text.RSI_OPAMP1_Config
                0x0820c466       0xc6 ./wiseconnect3_sdk_3.5.2/components/device/silabs/si91x/mcu/drivers/peripheral_drivers/src/rsi_opamp.o
                0x0820c466                RSI_OPAMP1_Config
 .text.RSI_EGPIO_SetPinMux
                0x0820c52c       0x14 ./wiseconnect3_sdk_3.5.2/components/device/silabs/si91x/mcu/drivers/peripheral_drivers/src/rsi_usart.o
 .text.RSI_EGPIO_UlpSocGpioMode.constprop.0
                0x0820c540       0x18 ./wiseconnect3_sdk_3.5.2/components/device/silabs/si91x/mcu/drivers/peripheral_drivers/src/rsi_usart.o
 .text.UDMAx_ChannelDisable.isra.0
                0x0820c558        0xc ./wiseconnect3_sdk_3.5.2/components/device/silabs/si91x/mcu/drivers/peripheral_drivers/src/rsi_usart.o
 .text.configure_usart_gpio_pin
                0x0820c564      0x1ac ./wiseconnect3_sdk_3.5.2/components/device/silabs/si91x/mcu/drivers/peripheral_drivers/src/rsi_usart.o
 .text.UartIrqHandler
                0x0820c710      0x200 ./wiseconnect3_sdk_3.5.2/components/device/silabs/si91x/mcu/drivers/peripheral_drivers/src/rsi_usart.o
                0x0820c710                UartIrqHandler
 .text.USART_SetBaudrate
                0x0820c910       0x50 ./wiseconnect3_sdk_3.5.2/components/device/silabs/si91x/mcu/drivers/peripheral_drivers/src/rsi_usart.o
                0x0820c910                USART_SetBaudrate
 .text.USART_Initialize
                0x0820c960      0x120 ./wiseconnect3_sdk_3.5.2/components/device/silabs/si91x/mcu/drivers/peripheral_drivers/src/rsi_usart.o
                0x0820c960                USART_Initialize
 .text.USART_Uninitialize
                0x0820ca80       0xa0 ./wiseconnect3_sdk_3.5.2/components/device/silabs/si91x/mcu/drivers/peripheral_drivers/src/rsi_usart.o
                0x0820ca80                USART_Uninitialize
 .text.USART_PowerControl
                0x0820cb20      0x150 ./wiseconnect3_sdk_3.5.2/components/device/silabs/si91x/mcu/drivers/peripheral_drivers/src/rsi_usart.o
                0x0820cb20                USART_PowerControl
 .text.USART_Send_Data
                0x0820cc70      0x15c ./wiseconnect3_sdk_3.5.2/components/device/silabs/si91x/mcu/drivers/peripheral_drivers/src/rsi_usart.o
                0x0820cc70                USART_Send_Data
 .text.USART_Receive_Data
                0x0820cdcc      0x13c ./wiseconnect3_sdk_3.5.2/components/device/silabs/si91x/mcu/drivers/peripheral_drivers/src/rsi_usart.o
                0x0820cdcc                USART_Receive_Data
 .text.USART_Transfer
                0x0820cf08       0x72 ./wiseconnect3_sdk_3.5.2/components/device/silabs/si91x/mcu/drivers/peripheral_drivers/src/rsi_usart.o
                0x0820cf08                USART_Transfer
 .text.USART_GetTxCount
                0x0820cf7a        0x6 ./wiseconnect3_sdk_3.5.2/components/device/silabs/si91x/mcu/drivers/peripheral_drivers/src/rsi_usart.o
                0x0820cf7a                USART_GetTxCount
 .text.USART_GetRxCount
                0x0820cf80        0x6 ./wiseconnect3_sdk_3.5.2/components/device/silabs/si91x/mcu/drivers/peripheral_drivers/src/rsi_usart.o
                0x0820cf80                USART_GetRxCount
 *fill*         0x0820cf86        0x2 
 .text.USART_Control
                0x0820cf88      0x47c ./wiseconnect3_sdk_3.5.2/components/device/silabs/si91x/mcu/drivers/peripheral_drivers/src/rsi_usart.o
                0x0820cf88                USART_Control
 .text.USART_GetStatus
                0x0820d404       0x42 ./wiseconnect3_sdk_3.5.2/components/device/silabs/si91x/mcu/drivers/peripheral_drivers/src/rsi_usart.o
                0x0820d404                USART_GetStatus
 *fill*         0x0820d446        0x2 
 .text.USART_SetModemControl
                0x0820d448       0x80 ./wiseconnect3_sdk_3.5.2/components/device/silabs/si91x/mcu/drivers/peripheral_drivers/src/rsi_usart.o
                0x0820d448                USART_SetModemControl
 .text.USART_GetModemStatus
                0x0820d4c8       0x60 ./wiseconnect3_sdk_3.5.2/components/device/silabs/si91x/mcu/drivers/peripheral_drivers/src/rsi_usart.o
                0x0820d4c8                USART_GetModemStatus
 .text.convert_rsi_to_sl_error_code
                0x0820d528       0x58 ./wiseconnect3_sdk_3.5.2/components/device/silabs/si91x/mcu/drivers/service/clock_manager/src/sl_si91x_clock_manager.o
 .text.RSI_CLK_IntfPLLTurnOn.isra.0
                0x0820d580        0xc ./wiseconnect3_sdk_3.5.2/components/device/silabs/si91x/mcu/drivers/service/clock_manager/src/sl_si91x_clock_manager.o
 .text.RSI_CLK_I2sPllTurnOn.isra.0
                0x0820d58c        0xc ./wiseconnect3_sdk_3.5.2/components/device/silabs/si91x/mcu/drivers/service/clock_manager/src/sl_si91x_clock_manager.o
 .text.RSI_CLK_SocPllTurnOn.isra.0
                0x0820d598        0xc ./wiseconnect3_sdk_3.5.2/components/device/silabs/si91x/mcu/drivers/service/clock_manager/src/sl_si91x_clock_manager.o
 .text.sl_si91x_clock_manager_set_pll_freq
                0x0820d5a4      0x150 ./wiseconnect3_sdk_3.5.2/components/device/silabs/si91x/mcu/drivers/service/clock_manager/src/sl_si91x_clock_manager.o
                0x0820d5a4                sl_si91x_clock_manager_set_pll_freq
 .text.sl_si91x_clock_manager_m4_set_core_clk.part.0
                0x0820d6f4       0x8c ./wiseconnect3_sdk_3.5.2/components/device/silabs/si91x/mcu/drivers/service/clock_manager/src/sl_si91x_clock_manager.o
 .text.sl_si91x_clock_manager_init
                0x0820d780       0x2c ./wiseconnect3_sdk_3.5.2/components/device/silabs/si91x/mcu/drivers/service/clock_manager/src/sl_si91x_clock_manager.o
                0x0820d780                sl_si91x_clock_manager_init
 .text.rsi_flash_uninitialize
                0x0820d7ac        0x2 ./wiseconnect3_sdk_3.5.2/components/device/silabs/si91x/mcu/drivers/service/nvm3/src/sl_si91x_common_flash_intf.o
                0x0820d7ac                rsi_flash_uninitialize
 .text.rsi_flash_init
                0x0820d7ae        0x2 ./wiseconnect3_sdk_3.5.2/components/device/silabs/si91x/mcu/drivers/service/nvm3/src/sl_si91x_common_flash_intf.o
                0x0820d7ae                rsi_flash_init
 .text.rsi_flash_erase_sector
                0x0820d7b0       0x1e ./wiseconnect3_sdk_3.5.2/components/device/silabs/si91x/mcu/drivers/service/nvm3/src/sl_si91x_common_flash_intf.o
                0x0820d7b0                rsi_flash_erase_sector
 .text.rsi_flash_write
                0x0820d7ce        0x8 ./wiseconnect3_sdk_3.5.2/components/device/silabs/si91x/mcu/drivers/service/nvm3/src/sl_si91x_common_flash_intf.o
                0x0820d7ce                rsi_flash_write
 .text.rsi_flash_read
                0x0820d7d6       0x12 ./wiseconnect3_sdk_3.5.2/components/device/silabs/si91x/mcu/drivers/service/nvm3/src/sl_si91x_common_flash_intf.o
                0x0820d7d6                rsi_flash_read
 .text.nvm3_lockBegin
                0x0820d7e8       0x28 ./wiseconnect3_sdk_3.5.2/components/device/silabs/si91x/mcu/drivers/service/nvm3/src/sl_si91x_common_flash_intf.o
                0x0820d7e8                nvm3_lockBegin
 .text.nvm3_lockEnd
                0x0820d810        0xc ./wiseconnect3_sdk_3.5.2/components/device/silabs/si91x/mcu/drivers/service/nvm3/src/sl_si91x_common_flash_intf.o
                0x0820d810                nvm3_lockEnd
 .text.nvm3_halFlashGetInfo
                0x0820d81c       0x1c ./wiseconnect3_sdk_3.5.2/components/device/silabs/si91x/mcu/drivers/service/nvm3/src/sl_si91x_nvm3_hal_flash.o
 .text.nvm3_halFlashAccess
                0x0820d838        0x2 ./wiseconnect3_sdk_3.5.2/components/device/silabs/si91x/mcu/drivers/service/nvm3/src/sl_si91x_nvm3_hal_flash.o
 .text.nvm3_halFlashWriteWords
                0x0820d83a       0x2e ./wiseconnect3_sdk_3.5.2/components/device/silabs/si91x/mcu/drivers/service/nvm3/src/sl_si91x_nvm3_hal_flash.o
 .text.nvm3_halFlashReadWords
                0x0820d868        0x6 ./wiseconnect3_sdk_3.5.2/components/device/silabs/si91x/mcu/drivers/service/nvm3/src/sl_si91x_nvm3_hal_flash.o
 .text.nvm3_halFlashClose
                0x0820d86e        0x4 ./wiseconnect3_sdk_3.5.2/components/device/silabs/si91x/mcu/drivers/service/nvm3/src/sl_si91x_nvm3_hal_flash.o
 *fill*         0x0820d872        0x2 
 .text.nvm3_halFlashOpen
                0x0820d874       0x18 ./wiseconnect3_sdk_3.5.2/components/device/silabs/si91x/mcu/drivers/service/nvm3/src/sl_si91x_nvm3_hal_flash.o
 .text.nvm3_halFlashPageErase
                0x0820d88c       0x2e ./wiseconnect3_sdk_3.5.2/components/device/silabs/si91x/mcu/drivers/service/nvm3/src/sl_si91x_nvm3_hal_flash.o
 *fill*         0x0820d8ba        0x2 
 .text.RSI_BOD_IntrClr
                0x0820d8bc       0x1c ./wiseconnect3_sdk_3.5.2/components/device/silabs/si91x/mcu/drivers/systemlevel/src/rsi_bod.o
                0x0820d8bc                RSI_BOD_IntrClr
 .text.RSI_BOD_SoftTriggerGetBatteryStatus
                0x0820d8d8       0xc8 ./wiseconnect3_sdk_3.5.2/components/device/silabs/si91x/mcu/drivers/systemlevel/src/rsi_bod.o
                0x0820d8d8                RSI_BOD_SoftTriggerGetBatteryStatus
 .text.RSI_IPMU_UpdateIpmuCalibData_efuse
                0x0820d9a0      0x300 ./wiseconnect3_sdk_3.5.2/components/device/silabs/si91x/mcu/drivers/systemlevel/src/rsi_ipmu.o
                0x0820d9a0                RSI_IPMU_UpdateIpmuCalibData_efuse
 .text.RSI_Ipmu_Init
                0x0820dca0        0x4 ./wiseconnect3_sdk_3.5.2/components/device/silabs/si91x/mcu/drivers/systemlevel/src/rsi_ipmu.o
                0x0820dca0                RSI_Ipmu_Init
 .text.RSI_Configure_Ipmu_Mode
                0x0820dca4       0x74 ./wiseconnect3_sdk_3.5.2/components/device/silabs/si91x/mcu/drivers/systemlevel/src/rsi_ipmu.o
                0x0820dca4                RSI_Configure_Ipmu_Mode
 .text.RSI_IPMU_PowerGateSet
                0x0820dd18       0x34 ./wiseconnect3_sdk_3.5.2/components/device/silabs/si91x/mcu/drivers/systemlevel/src/rsi_ipmu.o
                0x0820dd18                RSI_IPMU_PowerGateSet
 .text.RSI_IPMU_PowerGateClr
                0x0820dd4c       0x4c ./wiseconnect3_sdk_3.5.2/components/device/silabs/si91x/mcu/drivers/systemlevel/src/rsi_ipmu.o
                0x0820dd4c                RSI_IPMU_PowerGateClr
 .text.RSI_IPMU_ClockMuxSel
                0x0820dd98       0x40 ./wiseconnect3_sdk_3.5.2/components/device/silabs/si91x/mcu/drivers/systemlevel/src/rsi_ipmu.o
                0x0820dd98                RSI_IPMU_ClockMuxSel
 .text.RSI_IPMU_ProgramConfigData
                0x0820ddd8       0x6e ./wiseconnect3_sdk_3.5.2/components/device/silabs/si91x/mcu/drivers/systemlevel/src/rsi_ipmu.o
                0x0820ddd8                RSI_IPMU_ProgramConfigData
 .text.RSI_APB_ProgramConfigData
                0x0820de46       0x4a ./wiseconnect3_sdk_3.5.2/components/device/silabs/si91x/mcu/drivers/systemlevel/src/rsi_ipmu.o
                0x0820de46                RSI_APB_ProgramConfigData
 .text.RSI_IPMU_Retn_Voltage_To_Default
                0x0820de90       0x10 ./wiseconnect3_sdk_3.5.2/components/device/silabs/si91x/mcu/drivers/systemlevel/src/rsi_ipmu.o
                0x0820de90                RSI_IPMU_Retn_Voltage_To_Default
 .text.RSI_IPMU_Set_Higher_Pwm_Ro_Frequency_Mode_to_PMU
                0x0820dea0       0x14 ./wiseconnect3_sdk_3.5.2/components/device/silabs/si91x/mcu/drivers/systemlevel/src/rsi_ipmu.o
                0x0820dea0                RSI_IPMU_Set_Higher_Pwm_Ro_Frequency_Mode_to_PMU
 .text.RSI_IPMU_M32rc_OscTrimEfuse
                0x0820deb4       0x28 ./wiseconnect3_sdk_3.5.2/components/device/silabs/si91x/mcu/drivers/systemlevel/src/rsi_ipmu.o
                0x0820deb4                RSI_IPMU_M32rc_OscTrimEfuse
 .text.RSI_IPMU_DBLR32M_TrimEfuse
                0x0820dedc       0x18 ./wiseconnect3_sdk_3.5.2/components/device/silabs/si91x/mcu/drivers/systemlevel/src/rsi_ipmu.o
                0x0820dedc                RSI_IPMU_DBLR32M_TrimEfuse
 .text.RSI_IPMU_M20roOsc_TrimEfuse
                0x0820def4       0x28 ./wiseconnect3_sdk_3.5.2/components/device/silabs/si91x/mcu/drivers/systemlevel/src/rsi_ipmu.o
                0x0820def4                RSI_IPMU_M20roOsc_TrimEfuse
 .text.RSI_IPMU_RO32khz_TrimEfuse
                0x0820df1c       0x18 ./wiseconnect3_sdk_3.5.2/components/device/silabs/si91x/mcu/drivers/systemlevel/src/rsi_ipmu.o
                0x0820df1c                RSI_IPMU_RO32khz_TrimEfuse
 .text.RSI_IPMU_RC32khz_TrimEfuse
                0x0820df34       0x18 ./wiseconnect3_sdk_3.5.2/components/device/silabs/si91x/mcu/drivers/systemlevel/src/rsi_ipmu.o
                0x0820df34                RSI_IPMU_RC32khz_TrimEfuse
 .text.RSI_IPMU_Vbg_Tsbjt_Efuse
                0x0820df4c        0xc ./wiseconnect3_sdk_3.5.2/components/device/silabs/si91x/mcu/drivers/systemlevel/src/rsi_ipmu.o
                0x0820df4c                RSI_IPMU_Vbg_Tsbjt_Efuse
 .text.RSI_IPMU_Auxadcoff_DiffEfuse
                0x0820df58        0xc ./wiseconnect3_sdk_3.5.2/components/device/silabs/si91x/mcu/drivers/systemlevel/src/rsi_ipmu.o
                0x0820df58                RSI_IPMU_Auxadcoff_DiffEfuse
 .text.RSI_IPMU_Auxadcgain_DiffEfuse
                0x0820df64        0xc ./wiseconnect3_sdk_3.5.2/components/device/silabs/si91x/mcu/drivers/systemlevel/src/rsi_ipmu.o
                0x0820df64                RSI_IPMU_Auxadcgain_DiffEfuse
 .text.RSI_IPMU_Auxadcoff_SeEfuse
                0x0820df70        0xc ./wiseconnect3_sdk_3.5.2/components/device/silabs/si91x/mcu/drivers/systemlevel/src/rsi_ipmu.o
                0x0820df70                RSI_IPMU_Auxadcoff_SeEfuse
 .text.RSI_IPMU_Auxadcgain_SeEfuse
                0x0820df7c        0xc ./wiseconnect3_sdk_3.5.2/components/device/silabs/si91x/mcu/drivers/systemlevel/src/rsi_ipmu.o
                0x0820df7c                RSI_IPMU_Auxadcgain_SeEfuse
 .text.RSI_IPMU_Delvbe_Tsbjt_Efuse
                0x0820df88        0xc ./wiseconnect3_sdk_3.5.2/components/device/silabs/si91x/mcu/drivers/systemlevel/src/rsi_ipmu.o
                0x0820df88                RSI_IPMU_Delvbe_Tsbjt_Efuse
 .text._usdelay
                0x0820df94        0x6 ./wiseconnect3_sdk_3.5.2/components/device/silabs/si91x/mcu/drivers/systemlevel/src/rsi_pll.o
 *fill*         0x0820df9a        0x2 
 .text.clk_m4_soc_clk_config
                0x0820df9c       0xc8 ./wiseconnect3_sdk_3.5.2/components/device/silabs/si91x/mcu/drivers/systemlevel/src/rsi_pll.o
                0x0820df9c                clk_m4_soc_clk_config
 .text.ulpss_enable_ref_clks
                0x0820e064       0xf8 ./wiseconnect3_sdk_3.5.2/components/device/silabs/si91x/mcu/drivers/systemlevel/src/rsi_pll.o
                0x0820e064                ulpss_enable_ref_clks
 .text.clk_m4ss_ref_clk_config
                0x0820e15c       0xcc ./wiseconnect3_sdk_3.5.2/components/device/silabs/si91x/mcu/drivers/systemlevel/src/rsi_pll.o
                0x0820e15c                clk_m4ss_ref_clk_config
 .text.ulpss_ref_clk_config
                0x0820e228       0xbc ./wiseconnect3_sdk_3.5.2/components/device/silabs/si91x/mcu/drivers/systemlevel/src/rsi_ulpss_clk.o
                0x0820e228                ulpss_ref_clk_config
 .text.RSI_WWDT_IntrClear
                0x0820e2e4       0x14 ./wiseconnect3_sdk_3.5.2/components/device/silabs/si91x/mcu/drivers/systemlevel/src/rsi_wwdt.o
                0x0820e2e4                RSI_WWDT_IntrClear
 .text.convert_rsi_to_sl_error_code
                0x0820e2f8       0x58 ./wiseconnect3_sdk_3.5.2/components/device/silabs/si91x/mcu/drivers/unified_api/src/sl_si91x_adc.o
 .text.validate_adc_parameters
                0x0820e350       0x18 ./wiseconnect3_sdk_3.5.2/components/device/silabs/si91x/mcu/drivers/unified_api/src/sl_si91x_adc.o
 .text.validate_adc_channel_parameters
                0x0820e368       0xa4 ./wiseconnect3_sdk_3.5.2/components/device/silabs/si91x/mcu/drivers/unified_api/src/sl_si91x_adc.o
 .text.callback_event_handler
                0x0820e40c       0x14 ./wiseconnect3_sdk_3.5.2/components/device/silabs/si91x/mcu/drivers/unified_api/src/sl_si91x_adc.o
 .text.sl_si91x_adc_get_chip_voltage
                0x0820e420       0x34 ./wiseconnect3_sdk_3.5.2/components/device/silabs/si91x/mcu/drivers/unified_api/src/sl_si91x_adc.o
                0x0820e420                sl_si91x_adc_get_chip_voltage
 .text.sl_si91x_adc_init
                0x0820e454       0xfc ./wiseconnect3_sdk_3.5.2/components/device/silabs/si91x/mcu/drivers/unified_api/src/sl_si91x_adc.o
                0x0820e454                sl_si91x_adc_init
 .text.sl_si91x_adc_set_channel_configuration
                0x0820e550       0x70 ./wiseconnect3_sdk_3.5.2/components/device/silabs/si91x/mcu/drivers/unified_api/src/sl_si91x_adc.o
                0x0820e550                sl_si91x_adc_set_channel_configuration
 .text.sl_si91x_adc_register_event_callback
                0x0820e5c0       0x1c ./wiseconnect3_sdk_3.5.2/components/device/silabs/si91x/mcu/drivers/unified_api/src/sl_si91x_adc.o
                0x0820e5c0                sl_si91x_adc_register_event_callback
 .text.sl_si91x_adc_temperature_sensor_enable
                0x0820e5dc       0x14 ./wiseconnect3_sdk_3.5.2/components/device/silabs/si91x/mcu/drivers/unified_api/src/sl_si91x_adc.o
                0x0820e5dc                sl_si91x_adc_temperature_sensor_enable
 .text.sl_si91x_adc_start
                0x0820e5f0       0x1e ./wiseconnect3_sdk_3.5.2/components/device/silabs/si91x/mcu/drivers/unified_api/src/sl_si91x_adc.o
                0x0820e5f0                sl_si91x_adc_start
 .text.sl_si91x_adc_stop
                0x0820e60e       0x1e ./wiseconnect3_sdk_3.5.2/components/device/silabs/si91x/mcu/drivers/unified_api/src/sl_si91x_adc.o
                0x0820e60e                sl_si91x_adc_stop
 .text.sl_si91x_adc_deinit
                0x0820e62c       0x28 ./wiseconnect3_sdk_3.5.2/components/device/silabs/si91x/mcu/drivers/unified_api/src/sl_si91x_adc.o
                0x0820e62c                sl_si91x_adc_deinit
 .text.callback_event
                0x0820e654       0x10 ./wiseconnect3_sdk_3.5.2/components/device/silabs/si91x/mcu/drivers/unified_api/src/sl_si91x_bjt_temperature_sensor.o
 .text.validate_bjt_channel_parameters
                0x0820e664       0x28 ./wiseconnect3_sdk_3.5.2/components/device/silabs/si91x/mcu/drivers/unified_api/src/sl_si91x_bjt_temperature_sensor.o
 .text.sl_si91x_bjt_temperature_sensor_init
                0x0820e68c       0x8c ./wiseconnect3_sdk_3.5.2/components/device/silabs/si91x/mcu/drivers/unified_api/src/sl_si91x_bjt_temperature_sensor.o
                0x0820e68c                sl_si91x_bjt_temperature_sensor_init
 .text.sl_si91x_bjt_temperature_sensor_bg_set_channel_configuration
                0x0820e718       0x68 ./wiseconnect3_sdk_3.5.2/components/device/silabs/si91x/mcu/drivers/unified_api/src/sl_si91x_bjt_temperature_sensor.o
                0x0820e718                sl_si91x_bjt_temperature_sensor_bg_set_channel_configuration
 .text.sl_si91x_bjt_temperature_sensor_set_channel_configuration
                0x0820e780       0x4c ./wiseconnect3_sdk_3.5.2/components/device/silabs/si91x/mcu/drivers/unified_api/src/sl_si91x_bjt_temperature_sensor.o
                0x0820e780                sl_si91x_bjt_temperature_sensor_set_channel_configuration
 .text.sl_si91x_bjt_temperature_sensor_read_data
                0x0820e7cc      0x160 ./wiseconnect3_sdk_3.5.2/components/device/silabs/si91x/mcu/drivers/unified_api/src/sl_si91x_bjt_temperature_sensor.o
                0x0820e7cc                sl_si91x_bjt_temperature_sensor_read_data
 .text.sl_si91x_bjt_temperature_sensor_deinit